Archive member included to satisfy reference by file (symbol)

/home/anand/github/Ai-Thinker-LoRaWAN-Ra-08/drivers/crypto/lib/libcrypto.a(aes.o)
                              out/cmac.o (aes_init)
/usr/lib/gcc/arm-none-eabi/10.3.1/thumb/v7e-m/nofp/libgcc.a(_arm_muldf3.o)
                              out/printf-stdarg.o (__aeabi_dmul)
/usr/lib/gcc/arm-none-eabi/10.3.1/thumb/v7e-m/nofp/libgcc.a(_arm_addsubdf3.o)
                              out/printf-stdarg.o (__aeabi_dsub)
/usr/lib/gcc/arm-none-eabi/10.3.1/thumb/v7e-m/nofp/libgcc.a(_arm_muldivdf3.o)
                              out/printf-stdarg.o (__aeabi_ddiv)
/usr/lib/gcc/arm-none-eabi/10.3.1/thumb/v7e-m/nofp/libgcc.a(_arm_cmpdf2.o)
                              out/printf-stdarg.o (__aeabi_dcmpeq)
/usr/lib/gcc/arm-none-eabi/10.3.1/thumb/v7e-m/nofp/libgcc.a(_arm_fixdfsi.o)
                              out/printf-stdarg.o (__aeabi_d2iz)
/usr/lib/gcc/arm-none-eabi/10.3.1/thumb/v7e-m/nofp/libgcc.a(_arm_fixunsdfsi.o)
                              out/printf-stdarg.o (__aeabi_d2uiz)
/usr/lib/gcc/arm-none-eabi/10.3.1/thumb/v7e-m/nofp/libgcc.a(_aeabi_uldivmod.o)
                              out/printf-stdarg.o (__aeabi_uldivmod)
/usr/lib/gcc/arm-none-eabi/10.3.1/thumb/v7e-m/nofp/libgcc.a(_fixunsdfdi.o)
                              out/rtc-board.o (__aeabi_d2ulz)
/usr/lib/gcc/arm-none-eabi/10.3.1/thumb/v7e-m/nofp/libgcc.a(_udivmoddi4.o)
                              /usr/lib/gcc/arm-none-eabi/10.3.1/thumb/v7e-m/nofp/libgcc.a(_aeabi_uldivmod.o) (__udivmoddi4)
/usr/lib/gcc/arm-none-eabi/10.3.1/thumb/v7e-m/nofp/libgcc.a(_dvmd_tls.o)
                              /usr/lib/gcc/arm-none-eabi/10.3.1/thumb/v7e-m/nofp/libgcc.a(_aeabi_uldivmod.o) (__aeabi_ldiv0)
/usr/lib/gcc/arm-none-eabi/10.3.1/../../../arm-none-eabi/lib/thumb/v7e-m/nofp/libc.a(lib_a-atexit.o)
                              /usr/lib/gcc/arm-none-eabi/10.3.1/../../../arm-none-eabi/lib/thumb/v7e-m/nofp/crt0.o (atexit)
/usr/lib/gcc/arm-none-eabi/10.3.1/../../../arm-none-eabi/lib/thumb/v7e-m/nofp/libc.a(lib_a-exit.o)
                              /usr/lib/gcc/arm-none-eabi/10.3.1/../../../arm-none-eabi/lib/thumb/v7e-m/nofp/crt0.o (exit)
/usr/lib/gcc/arm-none-eabi/10.3.1/../../../arm-none-eabi/lib/thumb/v7e-m/nofp/libc.a(lib_a-fini.o)
                              /usr/lib/gcc/arm-none-eabi/10.3.1/../../../arm-none-eabi/lib/thumb/v7e-m/nofp/crt0.o (__libc_fini_array)
/usr/lib/gcc/arm-none-eabi/10.3.1/../../../arm-none-eabi/lib/thumb/v7e-m/nofp/libc.a(lib_a-impure.o)
                              /usr/lib/gcc/arm-none-eabi/10.3.1/../../../arm-none-eabi/lib/thumb/v7e-m/nofp/libc.a(lib_a-exit.o) (_global_impure_ptr)
/usr/lib/gcc/arm-none-eabi/10.3.1/../../../arm-none-eabi/lib/thumb/v7e-m/nofp/libc.a(lib_a-init.o)
                              /usr/lib/gcc/arm-none-eabi/10.3.1/../../../arm-none-eabi/lib/thumb/v7e-m/nofp/crt0.o (__libc_init_array)
/usr/lib/gcc/arm-none-eabi/10.3.1/../../../arm-none-eabi/lib/thumb/v7e-m/nofp/libc.a(lib_a-memcpy.o)
                              out/tremo_flash.o (memcpy)
/usr/lib/gcc/arm-none-eabi/10.3.1/../../../arm-none-eabi/lib/thumb/v7e-m/nofp/libc.a(lib_a-memset.o)
                              /usr/lib/gcc/arm-none-eabi/10.3.1/../../../arm-none-eabi/lib/thumb/v7e-m/nofp/crt0.o (memset)
/usr/lib/gcc/arm-none-eabi/10.3.1/../../../arm-none-eabi/lib/thumb/v7e-m/nofp/libc.a(lib_a-__atexit.o)
                              /usr/lib/gcc/arm-none-eabi/10.3.1/../../../arm-none-eabi/lib/thumb/v7e-m/nofp/libc.a(lib_a-atexit.o) (__register_exitproc)
/usr/lib/gcc/arm-none-eabi/10.3.1/../../../arm-none-eabi/lib/thumb/v7e-m/nofp/libc.a(lib_a-__call_atexit.o)
                              /usr/lib/gcc/arm-none-eabi/10.3.1/../../../arm-none-eabi/lib/thumb/v7e-m/nofp/libc.a(lib_a-exit.o) (__call_exitprocs)
/usr/lib/gcc/arm-none-eabi/10.3.1/../../../arm-none-eabi/lib/thumb/v7e-m/nofp/libm.a(lib_a-s_ceil.o)
                              out/radio.o (ceil)
/usr/lib/gcc/arm-none-eabi/10.3.1/../../../arm-none-eabi/lib/thumb/v7e-m/nofp/libm.a(lib_a-s_floor.o)
                              out/radio.o (floor)
/usr/lib/gcc/arm-none-eabi/10.3.1/../../../arm-none-eabi/lib/thumb/v7e-m/nofp/libm.a(lib_a-s_rint.o)
                              out/radio.o (rint)
/usr/lib/gcc/arm-none-eabi/10.3.1/../../../arm-none-eabi/lib/thumb/v7e-m/nofp/libm.a(lib_a-s_round.o)
                              out/rtc-board.o (round)

Discarded input sections

 .text          0x0000000000000000        0x0 /usr/lib/gcc/arm-none-eabi/10.3.1/thumb/v7e-m/nofp/crti.o
 .data          0x0000000000000000        0x0 /usr/lib/gcc/arm-none-eabi/10.3.1/thumb/v7e-m/nofp/crti.o
 .bss           0x0000000000000000        0x0 /usr/lib/gcc/arm-none-eabi/10.3.1/thumb/v7e-m/nofp/crti.o
 .data          0x0000000000000000        0x4 /usr/lib/gcc/arm-none-eabi/10.3.1/thumb/v7e-m/nofp/crtbegin.o
 .rodata        0x0000000000000000       0x24 /usr/lib/gcc/arm-none-eabi/10.3.1/thumb/v7e-m/nofp/crtbegin.o
[...]
Memory Configuration

Name             Origin             Length             Attributes
FLASH            0x0000000008000000 0x0000000000020000 xr
RAM              0x0000000020000000 0x0000000000004000 xrw
*default*        0x0000000000000000 0xffffffffffffffff

Linker script and memory map

LOAD /usr/lib/gcc/arm-none-eabi/10.3.1/thumb/v7e-m/nofp/crti.o
LOAD /usr/lib/gcc/arm-none-eabi/10.3.1/thumb/v7e-m/nofp/crtbegin.o
LOAD /usr/lib/gcc/arm-none-eabi/10.3.1/../../../arm-none-eabi/lib/thumb/v7e-m/nofp/crt0.o
LOAD out/classA.o
LOAD out/main.o
LOAD out/tremo_it.o
LOAD out/printf-stdarg.o
LOAD out/system_cm4.o
LOAD out/tremo_adc.o
LOAD out/tremo_bstimer.o
LOAD out/tremo_crc.o
LOAD out/tremo_dac.o
LOAD out/tremo_delay.o
LOAD out/tremo_dma.o
LOAD out/tremo_flash.o
LOAD out/tremo_gpio.o
LOAD out/tremo_i2c.o
LOAD out/tremo_i2s.o
LOAD out/tremo_iwdg.o
LOAD out/tremo_lcd.o
LOAD out/tremo_lptimer.o
LOAD out/tremo_lpuart.o
LOAD out/tremo_pwr.o
LOAD out/tremo_rcc.o
LOAD out/tremo_rtc.o
LOAD out/tremo_spi.o
LOAD out/tremo_system.o
LOAD out/tremo_timer.o
LOAD out/tremo_uart.o
LOAD out/tremo_wdg.o
LOAD out/delay.o
LOAD out/timer.o
LOAD out/cmac.o
LOAD out/radio.o
LOAD out/sx126x.o
LOAD out/rtc-board.o
LOAD out/sx1262-board.o
LOAD out/utilities.o
LOAD out/LoRaMac.o
LOAD out/LoRaMacClassB.o
LOAD out/LoRaMacConfirmQueue.o
LOAD out/LoRaMacCrypto.o
LOAD out/Region.o
LOAD out/RegionCommon.o
LOAD out/RegionAS923.o
LOAD out/startup_cm4.o
LOAD /home/anand/github/Ai-Thinker-LoRaWAN-Ra-08/drivers/crypto/lib/libcrypto.a
START GROUP
LOAD /usr/lib/gcc/arm-none-eabi/10.3.1/thumb/v7e-m/nofp/libgcc.a
LOAD /usr/lib/gcc/arm-none-eabi/10.3.1/../../../arm-none-eabi/lib/thumb/v7e-m/nofp/libc.a
END GROUP
LOAD /usr/lib/gcc/arm-none-eabi/10.3.1/thumb/v7e-m/nofp/crtend.o
LOAD /usr/lib/gcc/arm-none-eabi/10.3.1/thumb/v7e-m/nofp/crtn.o
                0x0000000020004000                _estack = 0x20004000
                0x0000000000000000                _HEAP_SIZE = 0x0
                0x0000000000001000                _STACK_SIZE = 0x1000

.isr_vector     0x0000000008000000       0xd4
                0x0000000008000000                . = ALIGN (0x4)
 *(.isr_vector)
 .isr_vector    0x0000000008000000       0xd4 out/startup_cm4.o
                0x0000000008000000                g_pfnVectors
                0x00000000080000d4                . = ALIGN (0x4)

.text           0x00000000080000d8     0x9a14
                0x00000000080000d8                . = ALIGN (0x4)
 *(.text)
 .text          0x00000000080000d8       0x88 /usr/lib/gcc/arm-none-eabi/10.3.1/thumb/v7e-m/nofp/crtbegin.o
 .text          0x0000000008000160      0x1ec /home/anand/github/Ai-Thinker-LoRaWAN-Ra-08/drivers/crypto/lib/libcrypto.a(aes.o)
                0x0000000008000160                aes_init
                0x0000000008000270                aes_crypto
                0x0000000008000314                aes_close
 .text          0x000000000800034c      0x378 /usr/lib/gcc/arm-none-eabi/10.3.1/thumb/v7e-m/nofp/libgcc.a(_arm_addsubdf3.o)
                0x000000000800034c                __aeabi_drsub
                0x0000000008000354                __aeabi_dsub
                0x0000000008000354                __subdf3
                0x0000000008000358                __adddf3
                0x0000000008000358                __aeabi_dadd
                0x00000000080005d0                __aeabi_ui2d
                0x00000000080005d0                __floatunsidf
                0x00000000080005f0                __floatsidf
                0x00000000080005f0                __aeabi_i2d
                0x0000000008000614                __extendsfdf2
                0x0000000008000614                __aeabi_f2d
                0x0000000008000658                __aeabi_ul2d
                0x0000000008000658                __floatundidf
                0x0000000008000668                __floatdidf
                0x0000000008000668                __aeabi_l2d
 .text          0x00000000080006c4      0x424 /usr/lib/gcc/arm-none-eabi/10.3.1/thumb/v7e-m/nofp/libgcc.a(_arm_muldivdf3.o)
                0x00000000080006c4                __aeabi_dmul
                0x00000000080006c4                __muldf3
                0x0000000008000918                __aeabi_ddiv
                0x0000000008000918                __divdf3
 .text          0x0000000008000ae8      0x110 /usr/lib/gcc/arm-none-eabi/10.3.1/thumb/v7e-m/nofp/libgcc.a(_arm_cmpdf2.o)
                0x0000000008000ae8                __gtdf2
                0x0000000008000ae8                __gedf2
                0x0000000008000af0                __ltdf2
                0x0000000008000af0                __ledf2
                0x0000000008000af8                __cmpdf2
                0x0000000008000af8                __eqdf2
                0x0000000008000af8                __nedf2
                0x0000000008000b74                __aeabi_cdrcmple
                0x0000000008000b84                __aeabi_cdcmple
                0x0000000008000b84                __aeabi_cdcmpeq
                0x0000000008000b94                __aeabi_dcmpeq
                0x0000000008000ba8                __aeabi_dcmplt
                0x0000000008000bbc                __aeabi_dcmple
                0x0000000008000bd0                __aeabi_dcmpge
                0x0000000008000be4                __aeabi_dcmpgt
 .text          0x0000000008000bf8       0x50 /usr/lib/gcc/arm-none-eabi/10.3.1/thumb/v7e-m/nofp/libgcc.a(_arm_fixdfsi.o)
                0x0000000008000bf8                __fixdfsi
                0x0000000008000bf8                __aeabi_d2iz
 .text          0x0000000008000c48       0x40 /usr/lib/gcc/arm-none-eabi/10.3.1/thumb/v7e-m/nofp/libgcc.a(_arm_fixunsdfsi.o)
                0x0000000008000c48                __fixunsdfsi
                0x0000000008000c48                __aeabi_d2uiz
 .text          0x0000000008000c88       0x30 /usr/lib/gcc/arm-none-eabi/10.3.1/thumb/v7e-m/nofp/libgcc.a(_aeabi_uldivmod.o)
                0x0000000008000c88                __aeabi_uldivmod
 .text          0x0000000008000cb8       0x3c /usr/lib/gcc/arm-none-eabi/10.3.1/thumb/v7e-m/nofp/libgcc.a(_fixunsdfdi.o)
                0x0000000008000cb8                __aeabi_d2ulz
                0x0000000008000cb8                __fixunsdfdi
 .text          0x0000000008000cf4      0x2d0 /usr/lib/gcc/arm-none-eabi/10.3.1/thumb/v7e-m/nofp/libgcc.a(_udivmoddi4.o)
                0x0000000008000cf4                __udivmoddi4
 .text          0x0000000008000fc4        0x4 /usr/lib/gcc/arm-none-eabi/10.3.1/thumb/v7e-m/nofp/libgcc.a(_dvmd_tls.o)
                0x0000000008000fc4                __aeabi_ldiv0
                0x0000000008000fc4                __aeabi_idiv0
 .text          0x0000000008000fc8        0xc /usr/lib/gcc/arm-none-eabi/10.3.1/../../../arm-none-eabi/lib/thumb/v7e-m/nofp/libc.a(lib_a-atexit.o)
                0x0000000008000fc8                atexit
 .text          0x0000000008000fd4       0x2c /usr/lib/gcc/arm-none-eabi/10.3.1/../../../arm-none-eabi/lib/thumb/v7e-m/nofp/libc.a(lib_a-fini.o)
                0x0000000008000fd4                __libc_fini_array
 .text          0x0000000008001000       0x48 /usr/lib/gcc/arm-none-eabi/10.3.1/../../../arm-none-eabi/lib/thumb/v7e-m/nofp/libc.a(lib_a-init.o)
                0x0000000008001000                __libc_init_array
 .text          0x0000000008001048      0x134 /usr/lib/gcc/arm-none-eabi/10.3.1/../../../arm-none-eabi/lib/thumb/v7e-m/nofp/libc.a(lib_a-memcpy.o)
                0x0000000008001048                memcpy
 .text          0x000000000800117c       0xa4 /usr/lib/gcc/arm-none-eabi/10.3.1/../../../arm-none-eabi/lib/thumb/v7e-m/nofp/libc.a(lib_a-memset.o)
                0x000000000800117c                memset
 .text          0x0000000008001220       0x68 /usr/lib/gcc/arm-none-eabi/10.3.1/../../../arm-none-eabi/lib/thumb/v7e-m/nofp/libc.a(lib_a-__atexit.o)
                0x0000000008001220                __register_exitproc
 .text          0x0000000008001288       0xf8 /usr/lib/gcc/arm-none-eabi/10.3.1/../../../arm-none-eabi/lib/thumb/v7e-m/nofp/libm.a(lib_a-s_ceil.o)
                0x0000000008001288                ceil
 .text          0x0000000008001380       0xf8 /usr/lib/gcc/arm-none-eabi/10.3.1/../../../arm-none-eabi/lib/thumb/v7e-m/nofp/libm.a(lib_a-s_floor.o)
                0x0000000008001380                floor
 .text          0x0000000008001478      0x138 /usr/lib/gcc/arm-none-eabi/10.3.1/../../../arm-none-eabi/lib/thumb/v7e-m/nofp/libm.a(lib_a-s_rint.o)
                0x0000000008001478                rint
 .text          0x00000000080015b0       0x94 /usr/lib/gcc/arm-none-eabi/10.3.1/../../../arm-none-eabi/lib/thumb/v7e-m/nofp/libm.a(lib_a-s_round.o)
                0x00000000080015b0                round
 *(.text*)
 .text.McpsConfirm
                0x0000000008001644        0xc out/classA.o
 .text.BoardGetBatteryLevel
                0x0000000008001650       0x20 out/classA.o
                0x0000000008001650                BoardGetBatteryLevel
 .text.MlmeConfirm
                0x0000000008001670       0x94 out/classA.o
 .text.OnSleepTimerEvent
                0x0000000008001704       0x18 out/classA.o
 .text.OnADCTimerEvent
                0x000000000800171c       0x24 out/classA.o
 .text.SendFrame
                0x0000000008001740       0x54 out/classA.o
 .text.OnTxNextPacketTimerEvent
                0x0000000008001794       0x5c out/classA.o
 .text.MlmeIndication
                0x00000000080017f0        0xc out/classA.o
 .text.McpsIndication
                0x00000000080017fc       0x78 out/classA.o
 .text.PrepareTxFrame.constprop.0
                0x0000000008001874       0x60 out/classA.o
 .text.app_start
                0x00000000080018d4      0x204 out/classA.o
                0x00000000080018d4                app_start
 .text.printInfo
                0x0000000008001ad8       0x88 out/main.o
                0x0000000008001ad8                printInfo
 .text.adc_continue_mode_test
                0x0000000008001b60      0x19c out/main.o
                0x0000000008001b60                adc_continue_mode_test
 .text.uart_log_init
                0x0000000008001cfc       0x38 out/main.o
                0x0000000008001cfc                uart_log_init
 .text.board_init
                0x0000000008001d34      0x124 out/main.o
                0x0000000008001d34                board_init
 .text.startup.main
                0x0000000008001e58       0x12 out/main.o
                0x0000000008001e58                main
 .text.NMI_Handler
                0x0000000008001e6a        0x2 out/tremo_it.o
                0x0000000008001e6a                NMI_Handler
 .text.HardFault_Handler
                0x0000000008001e6c        0x2 out/tremo_it.o
                0x0000000008001e6c                HardFault_Handler
 .text.MemManage_Handler
                0x0000000008001e6e        0x2 out/tremo_it.o
                0x0000000008001e6e                MemManage_Handler
 .text.BusFault_Handler
                0x0000000008001e70        0x2 out/tremo_it.o
                0x0000000008001e70                BusFault_Handler
 .text.UsageFault_Handler
                0x0000000008001e72        0x2 out/tremo_it.o
                0x0000000008001e72                UsageFault_Handler
 .text.SVC_Handler
                0x0000000008001e74        0x2 out/tremo_it.o
                0x0000000008001e74                SVC_Handler
 .text.PendSV_Handler
                0x0000000008001e76        0x2 out/tremo_it.o
                0x0000000008001e76                PendSV_Handler
 .text.SysTick_Handler
                0x0000000008001e78        0x2 out/tremo_it.o
                0x0000000008001e78                SysTick_Handler
 .text.PWR_IRQHandler
                0x0000000008001e7a        0x2 out/tremo_it.o
                0x0000000008001e7a                PWR_IRQHandler
 .text.LORA_IRQHandler
                0x0000000008001e7c        0x4 out/tremo_it.o
                0x0000000008001e7c                LORA_IRQHandler
 .text.RTC_IRQHandler
                0x0000000008001e80        0x4 out/tremo_it.o
                0x0000000008001e80                RTC_IRQHandler
 .text._out_null
                0x0000000008001e84        0x2 out/printf-stdarg.o
 .text._out_rev
                0x0000000008001e86       0x86 out/printf-stdarg.o
 .text._ntoa_format
                0x0000000008001f0c      0x10a out/printf-stdarg.o
 .text._ntoa_long
                0x0000000008002016       0x84 out/printf-stdarg.o
 .text._ntoa_long_long
                0x000000000800209a       0xb6 out/printf-stdarg.o
 .text._etoa    0x0000000008002150      0x394 out/printf-stdarg.o
 *fill*         0x00000000080024e4        0x4 
 .text._ftoa    0x00000000080024e8      0x358 out/printf-stdarg.o
 .text._out_char
                0x0000000008002840       0x10 out/printf-stdarg.o
 .text._vsnprintf
                0x0000000008002850      0x548 out/printf-stdarg.o
 .text.__wrap_printf
                0x0000000008002d98       0x28 out/printf-stdarg.o
                0x0000000008002d98                __wrap_printf
 .text.nvic_init
                0x0000000008002dc0       0x24 out/system_cm4.o
                0x0000000008002dc0                nvic_init
 .text.system_init
                0x0000000008002de4       0x44 out/system_cm4.o
                0x0000000008002de4                system_init
 .text.read_write_adc_afec
                0x0000000008002e28       0x34 out/tremo_adc.o
                0x0000000008002e28                read_write_adc_afec
 .text.adc_init
                0x0000000008002e5c       0x18 out/tremo_adc.o
                0x0000000008002e5c                adc_init
 .text.adc_start
                0x0000000008002e74       0x2c out/tremo_adc.o
                0x0000000008002e74                adc_start
 .text.adc_enable
                0x0000000008002ea0       0x28 out/tremo_adc.o
                0x0000000008002ea0                adc_enable
 .text.adc_config_clock_division
                0x0000000008002ec8       0x20 out/tremo_adc.o
                0x0000000008002ec8                adc_config_clock_division
 .text.adc_config_conv_mode
                0x0000000008002ee8       0x18 out/tremo_adc.o
                0x0000000008002ee8                adc_config_conv_mode
 .text.adc_config_sample_sequence
                0x0000000008002f00       0x2c out/tremo_adc.o
                0x0000000008002f00                adc_config_sample_sequence
 .text.adc_get_interrupt_status
                0x0000000008002f2c       0x14 out/tremo_adc.o
                0x0000000008002f2c                adc_get_interrupt_status
 .text.adc_get_data
                0x0000000008002f40       0x10 out/tremo_adc.o
                0x0000000008002f40                adc_get_data
 .text.adc_get_calibration_value
                0x0000000008002f50       0x70 out/tremo_adc.o
                0x0000000008002f50                adc_get_calibration_value
 .text.adc_config_ref_voltage
                0x0000000008002fc0       0x20 out/tremo_adc.o
                0x0000000008002fc0                adc_config_ref_voltage
 .text.delay_init
                0x0000000008002fe0       0x48 out/tremo_delay.o
                0x0000000008002fe0                delay_init
 .text.delay_us
                0x0000000008003028       0x30 out/tremo_delay.o
                0x0000000008003028                delay_us
 .text.delay_ms
                0x0000000008003058        0xa out/tremo_delay.o
                0x0000000008003058                delay_ms
 *fill*         0x0000000008003062        0x2 
 .text.flash_erase_page
                0x0000000008003064       0x64 out/tremo_flash.o
                0x0000000008003064                flash_erase_page
 .text.flash_program_bytes
                0x00000000080030c8       0xb4 out/tremo_flash.o
                0x00000000080030c8                flash_program_bytes
 .text.gpio_init
                0x000000000800317c      0x124 out/tremo_gpio.o
                0x000000000800317c                gpio_init
 .text.gpio_write
                0x00000000080032a0       0xb4 out/tremo_gpio.o
                0x00000000080032a0                gpio_write
 .text.gpio_set_iomux
                0x0000000008003354       0x44 out/tremo_gpio.o
                0x0000000008003354                gpio_set_iomux
 .text.deepsleep
                0x0000000008003398       0xc0 out/tremo_pwr.o
                0x0000000008003398                deepsleep
 .text.pwr_deepsleep_wfi
                0x0000000008003458        0x6 out/tremo_pwr.o
                0x0000000008003458                pwr_deepsleep_wfi
 *fill*         0x000000000800345e        0x2 
 .text.pwr_xo32k_lpm_cmd
                0x0000000008003460       0x18 out/tremo_pwr.o
                0x0000000008003460                pwr_xo32k_lpm_cmd
 .text.rcc_get_clk_freq
                0x0000000008003478       0x9c out/tremo_rcc.o
                0x0000000008003478                rcc_get_clk_freq
 .text.rcc_set_adc_clk_source
                0x0000000008003514       0x28 out/tremo_rcc.o
                0x0000000008003514                rcc_set_adc_clk_source
 .text.rcc_get_uart0_clk_source
                0x000000000800353c        0xc out/tremo_rcc.o
                0x000000000800353c                rcc_get_uart0_clk_source
 .text.rcc_get_uart1_clk_source
                0x0000000008003548        0xc out/tremo_rcc.o
                0x0000000008003548                rcc_get_uart1_clk_source
 .text.rcc_get_uart2_clk_source
                0x0000000008003554        0xc out/tremo_rcc.o
                0x0000000008003554                rcc_get_uart2_clk_source
 .text.rcc_get_uart3_clk_source
                0x0000000008003560        0xc out/tremo_rcc.o
                0x0000000008003560                rcc_get_uart3_clk_source
 .text.rcc_get_rtc_clk_source
                0x000000000800356c        0xc out/tremo_rcc.o
                0x000000000800356c                rcc_get_rtc_clk_source
 .text.rcc_enable_peripheral_clk
                0x0000000008003578      0x4b4 out/tremo_rcc.o
                0x0000000008003578                rcc_enable_peripheral_clk
 .text.rcc_enable_oscillator
                0x0000000008003a2c       0xfc out/tremo_rcc.o
                0x0000000008003a2c                rcc_enable_oscillator
 .text.rcc_rst_peripheral
                0x0000000008003b28       0x4a out/tremo_rcc.o
                0x0000000008003b28                rcc_rst_peripheral
 .text.rtc_deinit
                0x0000000008003b72       0x1e out/tremo_rtc.o
                0x0000000008003b72                rtc_deinit
 .text.rtc_check_syn
                0x0000000008003b90       0x14 out/tremo_rtc.o
                0x0000000008003b90                rtc_check_syn
 .text.rtc_calendar_cmd
                0x0000000008003ba4       0x20 out/tremo_rtc.o
                0x0000000008003ba4                rtc_calendar_cmd
 .text.rtc_cyc_cmd
                0x0000000008003bc4       0x20 out/tremo_rtc.o
                0x0000000008003bc4                rtc_cyc_cmd
 .text.rtc_config_cyc_wakeup
                0x0000000008003be4       0x24 out/tremo_rtc.o
                0x0000000008003be4                rtc_config_cyc_wakeup
 .text.rtc_get_calendar
                0x0000000008003c08       0xdc out/tremo_rtc.o
                0x0000000008003c08                rtc_get_calendar
 .text.rtc_set_status
                0x0000000008003ce4       0x30 out/tremo_rtc.o
                0x0000000008003ce4                rtc_set_status
 .text.rtc_get_status
                0x0000000008003d14       0x38 out/tremo_rtc.o
                0x0000000008003d14                rtc_get_status
 .text.rtc_config_interrupt
                0x0000000008003d4c       0x38 out/tremo_rtc.o
                0x0000000008003d4c                rtc_config_interrupt
 .text.rtc_config_cyc_max
                0x0000000008003d84       0x14 out/tremo_rtc.o
                0x0000000008003d84                rtc_config_cyc_max
 .text.system_get_chip_id
                0x0000000008003d98       0x1c out/tremo_system.o
                0x0000000008003d98                system_get_chip_id
 .text.uart_send_data
                0x0000000008003db4        0xa out/tremo_uart.o
                0x0000000008003db4                uart_send_data
 .text.uart_config_init
                0x0000000008003dbe       0x16 out/tremo_uart.o
                0x0000000008003dbe                uart_config_init
 .text.uart_cmd
                0x0000000008003dd4       0x12 out/tremo_uart.o
                0x0000000008003dd4                uart_cmd
 *fill*         0x0000000008003de6        0x2 
 .text.uart_init
                0x0000000008003de8      0x140 out/tremo_uart.o
                0x0000000008003de8                uart_init
 .text.DelayMs  0x0000000008003f28        0x4 out/delay.o
                0x0000000008003f28                DelayMs
 .text.TimeStampsUpdate
                0x0000000008003f2c       0x2c out/timer.o
 .text.TimerInsertNewHeadTimer
                0x0000000008003f58       0x1c out/timer.o
 .text.TimerSetSysTime
                0x0000000008003f74       0x30 out/timer.o
                0x0000000008003f74                TimerSetSysTime
 .text.TimerInit
                0x0000000008003fa4        0xe out/timer.o
                0x0000000008003fa4                TimerInit
 *fill*         0x0000000008003fb2        0x2 
 .text.TimerStart
                0x0000000008003fb4       0x78 out/timer.o
                0x0000000008003fb4                TimerStart
 .text.TimerIrqHandler
                0x000000000800402c       0x68 out/timer.o
                0x000000000800402c                TimerIrqHandler
 .text.TimerStop
                0x0000000008004094       0x60 out/timer.o
                0x0000000008004094                TimerStop
 .text.TimerSetValue
                0x00000000080040f4       0x10 out/timer.o
                0x00000000080040f4                TimerSetValue
 .text.TimerGetCurrentTime
                0x0000000008004104       0x18 out/timer.o
                0x0000000008004104                TimerGetCurrentTime
 .text.TimerGetSysTime
                0x000000000800411c       0x2c out/timer.o
                0x000000000800411c                TimerGetSysTime
 .text.TimerGetElapsedTime
                0x0000000008004148       0x12 out/timer.o
                0x0000000008004148                TimerGetElapsedTime
 *fill*         0x000000000800415a        0x2 
 .text.TimerLowPowerHandler
                0x000000000800415c       0x20 out/timer.o
                0x000000000800415c                TimerLowPowerHandler
 .text.AES_CMAC_Init
                0x000000000800417c       0x14 out/cmac.o
                0x000000000800417c                AES_CMAC_Init
 .text.AES_CMAC_SetKey
                0x0000000008004190        0xc out/cmac.o
                0x0000000008004190                AES_CMAC_SetKey
 .text.AES_CMAC_Update
                0x000000000800419c       0xb0 out/cmac.o
                0x000000000800419c                AES_CMAC_Update
 .text.AES_CMAC_Final
                0x000000000800424c      0x168 out/cmac.o
                0x000000000800424c                AES_CMAC_Final
 .text.RadioCheckRfFrequency
                0x00000000080043b4        0x4 out/radio.o
                0x00000000080043b4                RadioCheckRfFrequency
 .text.RadioOnTxTimeoutIrq
                0x00000000080043b8       0x14 out/radio.o
                0x00000000080043b8                RadioOnTxTimeoutIrq
 .text.RadioOnRxTimeoutIrq
                0x00000000080043cc       0x14 out/radio.o
                0x00000000080043cc                RadioOnRxTimeoutIrq
 .text.RadioStandby
                0x00000000080043e0        0x6 out/radio.o
                0x00000000080043e0                RadioStandby
 *fill*         0x00000000080043e6        0x2 
 .text.RadioInit
                0x00000000080043e8       0x6c out/radio.o
                0x00000000080043e8                RadioInit
 .text.RadioGetStatus
                0x0000000008004454       0x18 out/radio.o
                0x0000000008004454                RadioGetStatus
 .text.RadioSetChannel
                0x000000000800446c        0x4 out/radio.o
                0x000000000800446c                RadioSetChannel
 .text.RadioRssi
                0x0000000008004470        0xa out/radio.o
                0x0000000008004470                RadioRssi
 .text.RadioRead
                0x000000000800447a        0x4 out/radio.o
                0x000000000800447a                RadioRead
 .text.RadioWrite
                0x000000000800447e        0x4 out/radio.o
                0x000000000800447e                RadioWrite
 *fill*         0x0000000008004482        0x2 
 .text.RadioSend
                0x0000000008004484       0x58 out/radio.o
                0x0000000008004484                RadioSend
 .text.RadioSleep
                0x00000000080044dc       0x14 out/radio.o
                0x00000000080044dc                RadioSleep
 .text.RadioSetRxDutyCycle
                0x00000000080044f0        0x4 out/radio.o
                0x00000000080044f0                RadioSetRxDutyCycle
 .text.RadioStartCad
                0x00000000080044f4       0x6c out/radio.o
                0x00000000080044f4                RadioStartCad
 .text.RadioSetTxContinuousWave
                0x0000000008004560       0x4c out/radio.o
                0x0000000008004560                RadioSetTxContinuousWave
 .text.RadioWriteBuffer
                0x00000000080045ac        0x4 out/radio.o
                0x00000000080045ac                RadioWriteBuffer
 .text.RadioReadBuffer
                0x00000000080045b0        0x4 out/radio.o
                0x00000000080045b0                RadioReadBuffer
 .text.RadioGetWakeupTime
                0x00000000080045b4        0xa out/radio.o
                0x00000000080045b4                RadioGetWakeupTime
 *fill*         0x00000000080045be        0x2 
 .text.RadioOnCadTimeoutIrq
                0x00000000080045c0       0x20 out/radio.o
                0x00000000080045c0                RadioOnCadTimeoutIrq
 .text.RadioGetFskBandwidthRegValue
                0x00000000080045e0       0x34 out/radio.o
 .text.RadioSetMaxPayloadLength
                0x0000000008004614       0x30 out/radio.o
                0x0000000008004614                RadioSetMaxPayloadLength
 .text.RadioRx  0x0000000008004644       0x48 out/radio.o
                0x0000000008004644                RadioRx
 .text.RadioRxBoosted
                0x000000000800468c       0x44 out/radio.o
                0x000000000800468c                RadioRxBoosted
 .text.RadioIrqProcess
                0x00000000080046d0      0x178 out/radio.o
                0x00000000080046d0                RadioIrqProcess
 .text.RadioSetPublicNetwork
                0x0000000008004848       0x40 out/radio.o
                0x0000000008004848                RadioSetPublicNetwork
 .text.RadioSetModem.part.0
                0x0000000008004888       0x28 out/radio.o
 .text.RadioSetModem
                0x00000000080048b0       0x24 out/radio.o
                0x00000000080048b0                RadioSetModem
 .text.RadioIsChannelFree
                0x00000000080048d4       0x4c out/radio.o
                0x00000000080048d4                RadioIsChannelFree
 .text.RadioRandom
                0x0000000008004920       0x3c out/radio.o
                0x0000000008004920                RadioRandom
 .text.RadioSymbTime
                0x000000000800495c       0x2c out/radio.o
                0x000000000800495c                RadioSymbTime
 .text.RadioSetRxConfig
                0x0000000008004988      0x228 out/radio.o
                0x0000000008004988                RadioSetRxConfig
 .text.RadioSetTxConfig
                0x0000000008004bb0      0x1ac out/radio.o
                0x0000000008004bb0                RadioSetTxConfig
 *fill*         0x0000000008004d5c        0x4 
 .text.RadioTimeOnAir
                0x0000000008004d60      0x198 out/radio.o
                0x0000000008004d60                RadioTimeOnAir
 .text.RadioOnDioIrq
                0x0000000008004ef8       0x24 out/radio.o
                0x0000000008004ef8                RadioOnDioIrq
 .text.SX126xGetOperatingMode
                0x0000000008004f1c        0xc out/sx126x.o
                0x0000000008004f1c                SX126xGetOperatingMode
 .text.SX126xSetOperatingMode
                0x0000000008004f28        0xc out/sx126x.o
                0x0000000008004f28                SX126xSetOperatingMode
 .text.SX126xCheckDeviceReady
                0x0000000008004f34       0x24 out/sx126x.o
                0x0000000008004f34                SX126xCheckDeviceReady
 .text.SX126xSetPayload
                0x0000000008004f58        0xa out/sx126x.o
                0x0000000008004f58                SX126xSetPayload
 .text.SX126xSetSyncWord
                0x0000000008004f62       0x12 out/sx126x.o
                0x0000000008004f62                SX126xSetSyncWord
 .text.SX126xSetCrcSeed
                0x0000000008004f74       0x28 out/sx126x.o
                0x0000000008004f74                SX126xSetCrcSeed
 .text.SX126xSetCrcPolynomial
                0x0000000008004f9c       0x28 out/sx126x.o
                0x0000000008004f9c                SX126xSetCrcPolynomial
 .text.SX126xSetWhiteningSeed
                0x0000000008004fc4       0x38 out/sx126x.o
                0x0000000008004fc4                SX126xSetWhiteningSeed
 .text.SX126xSetSleep
                0x0000000008004ffc       0x24 out/sx126x.o
                0x0000000008004ffc                SX126xSetSleep
 .text.SX126xSetStandby
                0x0000000008005020       0x2c out/sx126x.o
                0x0000000008005020                SX126xSetStandby
 .text.SX126xSetTx
                0x000000000800504c       0x2c out/sx126x.o
                0x000000000800504c                SX126xSetTx
 .text.SX126xSendPayload
                0x0000000008005078       0x12 out/sx126x.o
                0x0000000008005078                SX126xSendPayload
 *fill*         0x000000000800508a        0x2 
 .text.SX126xSetRx
                0x000000000800508c       0x2c out/sx126x.o
                0x000000000800508c                SX126xSetRx
 .text.SX126xSetRxBoosted
                0x00000000080050b8       0x38 out/sx126x.o
                0x00000000080050b8                SX126xSetRxBoosted
 .text.SX126xSetRxDutyCycle
                0x00000000080050f0       0x3c out/sx126x.o
                0x00000000080050f0                SX126xSetRxDutyCycle
 .text.SX126xSetCad
                0x000000000800512c       0x18 out/sx126x.o
                0x000000000800512c                SX126xSetCad
 .text.SX126xSetTxContinuousWave
                0x0000000008005144        0xa out/sx126x.o
                0x0000000008005144                SX126xSetTxContinuousWave
 .text.SX126xSetStopRxTimerOnPreambleDetect
                0x000000000800514e       0x18 out/sx126x.o
                0x000000000800514e                SX126xSetStopRxTimerOnPreambleDetect
 .text.SX126xSetLoRaSymbNumTimeout
                0x0000000008005166       0x18 out/sx126x.o
                0x0000000008005166                SX126xSetLoRaSymbNumTimeout
 .text.SX126xSetRegulatorMode
                0x000000000800517e       0x18 out/sx126x.o
                0x000000000800517e                SX126xSetRegulatorMode
 *fill*         0x0000000008005196        0x2 
 .text.SX126xCalibrateImage
                0x0000000008005198       0x78 out/sx126x.o
                0x0000000008005198                SX126xCalibrateImage
 .text.SX126xSetPaConfig
                0x0000000008005210       0x24 out/sx126x.o
                0x0000000008005210                SX126xSetPaConfig
 .text.SX126xSetDioIrqParams
                0x0000000008005234       0x38 out/sx126x.o
                0x0000000008005234                SX126xSetDioIrqParams
 .text.SX126xGetIrqStatus
                0x000000000800526c       0x1a out/sx126x.o
                0x000000000800526c                SX126xGetIrqStatus
 .text.SX126xSetDio2AsRfSwitchCtrl
                0x0000000008005286       0x18 out/sx126x.o
                0x0000000008005286                SX126xSetDio2AsRfSwitchCtrl
 *fill*         0x000000000800529e        0x2 
 .text.SX126xInit
                0x00000000080052a0       0x28 out/sx126x.o
                0x00000000080052a0                SX126xInit
 .text.SX126xSetRfFrequency
                0x00000000080052c8       0x5c out/sx126x.o
                0x00000000080052c8                SX126xSetRfFrequency
 .text.SX126xSetPacketType
                0x0000000008005324       0x20 out/sx126x.o
                0x0000000008005324                SX126xSetPacketType
 .text.SX126xGetPacketType
                0x0000000008005344        0xc out/sx126x.o
                0x0000000008005344                SX126xGetPacketType
 .text.SX126xSetTxParams
                0x0000000008005350       0xbc out/sx126x.o
                0x0000000008005350                SX126xSetTxParams
 *fill*         0x000000000800540c        0x4 
 .text.SX126xSetModulationParams
                0x0000000008005410       0xcc out/sx126x.o
                0x0000000008005410                SX126xSetModulationParams
 .text.SX126xSetPacketParams
                0x00000000080054dc       0xcc out/sx126x.o
                0x00000000080054dc                SX126xSetPacketParams
 .text.SX126xSetCadParams
                0x00000000080055a8       0x3c out/sx126x.o
                0x00000000080055a8                SX126xSetCadParams
 .text.SX126xSetBufferBaseAddress
                0x00000000080055e4       0x1a out/sx126x.o
                0x00000000080055e4                SX126xSetBufferBaseAddress
 .text.SX126xGetRssiInst
                0x00000000080055fe       0x1a out/sx126x.o
                0x00000000080055fe                SX126xGetRssiInst
 .text.SX126xGetRxBufferStatus
                0x0000000008005618       0x48 out/sx126x.o
                0x0000000008005618                SX126xGetRxBufferStatus
 .text.SX126xGetPayload
                0x0000000008005660       0x32 out/sx126x.o
                0x0000000008005660                SX126xGetPayload
 *fill*         0x0000000008005692        0x2 
 .text.SX126xGetPacketStatus
                0x0000000008005694       0x80 out/sx126x.o
                0x0000000008005694                SX126xGetPacketStatus
 .text.SX126xClearIrqStatus
                0x0000000008005714       0x1c out/sx126x.o
                0x0000000008005714                SX126xClearIrqStatus
 .text.RtcInit  0x0000000008005730       0x30 out/rtc-board.o
                0x0000000008005730                RtcInit
 .text.RtcSetTimeout
                0x0000000008005760       0x8c out/rtc-board.o
                0x0000000008005760                RtcSetTimeout
 .text.RtcStopTimeout
                0x00000000080057ec       0x14 out/rtc-board.o
                0x00000000080057ec                RtcStopTimeout
 .text.RtcGetTimerContext
                0x0000000008005800        0xc out/rtc-board.o
                0x0000000008005800                RtcGetTimerContext
 .text.RtcGetTimerValue
                0x000000000800580c      0x10c out/rtc-board.o
                0x000000000800580c                RtcGetTimerValue
 .text.RtcSetTimerContext
                0x0000000008005918       0x18 out/rtc-board.o
                0x0000000008005918                RtcSetTimerContext
 .text.RtcGetElapsedTime
                0x0000000008005930       0x18 out/rtc-board.o
                0x0000000008005930                RtcGetElapsedTime
 .text.RtcEnterLowPowerStopMode
                0x0000000008005948       0x20 out/rtc-board.o
                0x0000000008005948                RtcEnterLowPowerStopMode
 .text.RtcOnIrq
                0x0000000008005968       0x32 out/rtc-board.o
                0x0000000008005968                RtcOnIrq
 .text.BoardDisableIrq
                0x000000000800599a        0x4 out/sx1262-board.o
                0x000000000800599a                BoardDisableIrq
 .text.BoardEnableIrq
                0x000000000800599e        0x4 out/sx1262-board.o
                0x000000000800599e                BoardEnableIrq
 *fill*         0x00000000080059a2        0x2 
 .text.SpiInOut
                0x00000000080059a4       0x18 out/sx1262-board.o
                0x00000000080059a4                SpiInOut
 .text.SX126xLoracInit
                0x00000000080059bc       0x5c out/sx1262-board.o
                0x00000000080059bc                SX126xLoracInit
 .text.SX126xGetBoardTcxoWakeupTime
                0x0000000008005a18        0x4 out/sx1262-board.o
                0x0000000008005a18                SX126xGetBoardTcxoWakeupTime
 .text.SX126xReset
                0x0000000008005a1c       0x54 out/sx1262-board.o
                0x0000000008005a1c                SX126xReset
 .text.SX126xWaitOnBusy
                0x0000000008005a70       0x18 out/sx1262-board.o
                0x0000000008005a70                SX126xWaitOnBusy
 .text.SX126xWakeup
                0x0000000008005a88       0x30 out/sx1262-board.o
                0x0000000008005a88                SX126xWakeup
 .text.SX126xWriteCommand
                0x0000000008005ab8       0x44 out/sx1262-board.o
                0x0000000008005ab8                SX126xWriteCommand
 .text.SX126xReadCommand
                0x0000000008005afc       0x48 out/sx1262-board.o
                0x0000000008005afc                SX126xReadCommand
 .text.SX126xWriteRegisters
                0x0000000008005b44       0x48 out/sx1262-board.o
                0x0000000008005b44                SX126xWriteRegisters
 .text.SX126xWriteRegister
                0x0000000008005b8c       0x16 out/sx1262-board.o
                0x0000000008005b8c                SX126xWriteRegister
 *fill*         0x0000000008005ba2        0x2 
 .text.SX126xReadRegisters
                0x0000000008005ba4       0x50 out/sx1262-board.o
                0x0000000008005ba4                SX126xReadRegisters
 .text.SX126xReadRegister
                0x0000000008005bf4       0x16 out/sx1262-board.o
                0x0000000008005bf4                SX126xReadRegister
 *fill*         0x0000000008005c0a        0x2 
 .text.SX126xWriteBuffer
                0x0000000008005c0c       0x44 out/sx1262-board.o
                0x0000000008005c0c                SX126xWriteBuffer
 .text.SX126xReadBuffer
                0x0000000008005c50       0x4c out/sx1262-board.o
                0x0000000008005c50                SX126xReadBuffer
 .text.SX126xSetRfTxPower
                0x0000000008005c9c        0x6 out/sx1262-board.o
                0x0000000008005c9c                SX126xSetRfTxPower
 .text.SX126xGetPaSelect
                0x0000000008005ca2        0x4 out/sx1262-board.o
                0x0000000008005ca2                SX126xGetPaSelect
 *fill*         0x0000000008005ca6        0x2 
 .text.SX126xAntSwOn
                0x0000000008005ca8       0x10 out/sx1262-board.o
                0x0000000008005ca8                SX126xAntSwOn
 .text.SX126xAntSwOff
                0x0000000008005cb8       0x10 out/sx1262-board.o
                0x0000000008005cb8                SX126xAntSwOff
 .text.rand1    0x0000000008005cc8       0x28 out/utilities.o
                0x0000000008005cc8                rand1
 .text.srand1   0x0000000008005cf0        0xc out/utilities.o
                0x0000000008005cf0                srand1
 .text.randr    0x0000000008005cfc       0x1a out/utilities.o
                0x0000000008005cfc                randr
 .text.memcpy1  0x0000000008005d16       0x14 out/utilities.o
                0x0000000008005d16                memcpy1
 .text.memcpyr  0x0000000008005d2a       0x14 out/utilities.o
                0x0000000008005d2a                memcpyr
 .text.memset1  0x0000000008005d3e        0x4 out/utilities.o
                0x0000000008005d3e                memset1
 *fill*         0x0000000008005d42        0x2 
 .text.SetMlmeScheduleUplinkIndication
                0x0000000008005d44       0x14 out/LoRaMac.o
 .text.AddMacCommand
                0x0000000008005d58      0x17c out/LoRaMac.o
 .text.ResetMacParameters
                0x0000000008005ed4       0x90 out/LoRaMac.o
 .text.ValidatePayloadLength
                0x0000000008005f64       0x54 out/LoRaMac.o
 .text.OnAckTimeoutTimerEvent
                0x0000000008005fb8       0x3c out/LoRaMac.o
 .text.PrepareRxDoneAbort
                0x0000000008005ff4       0x54 out/LoRaMac.o
 .text.ProcessMacCommands
                0x0000000008006048      0x484 out/LoRaMac.o
 .text.OnRadioRxDone
                0x00000000080064cc      0x570 out/LoRaMac.o
 .text.RxWindowSetup
                0x0000000008006a3c       0x14 out/LoRaMac.o
 .text.OnRxWindow2TimerEvent
                0x0000000008006a50       0x70 out/LoRaMac.o
 .text.OpenContinuousRx2Window
                0x0000000008006ac0       0x14 out/LoRaMac.o
 .text.OnRadioRxTimeout
                0x0000000008006ad4       0xd4 out/LoRaMac.o
 .text.OnRadioTxTimeout
                0x0000000008006ba8       0x34 out/LoRaMac.o
 .text.OnRadioRxError
                0x0000000008006bdc       0xd4 out/LoRaMac.o
 .text.OnRadioTxDone
                0x0000000008006cb0      0x124 out/LoRaMac.o
 .text.OnRxWindow1TimerEvent
                0x0000000008006dd4       0x70 out/LoRaMac.o
 .text.PrepareFrame
                0x0000000008006e44      0x374 out/LoRaMac.o
                0x0000000008006e44                PrepareFrame
 .text.SendFrameOnChannel
                0x00000000080071b8      0x118 out/LoRaMac.o
                0x00000000080071b8                SendFrameOnChannel
 .text.ScheduleTx
                0x00000000080072d0      0x19c out/LoRaMac.o
 .text.Send     0x000000000800746c       0x50 out/LoRaMac.o
                0x000000000800746c                Send
 .text.OnTxDelayedTimerEvent
                0x00000000080074bc       0x70 out/LoRaMac.o
 .text.OnMacStateCheckTimerEvent
                0x000000000800752c      0x320 out/LoRaMac.o
 .text.SetTxContinuousWave
                0x000000000800784c       0x60 out/LoRaMac.o
                0x000000000800784c                SetTxContinuousWave
 .text.SetTxContinuousWave1
                0x00000000080078ac       0x40 out/LoRaMac.o
                0x00000000080078ac                SetTxContinuousWave1
 .text.LoRaMacInitialization
                0x00000000080078ec      0x314 out/LoRaMac.o
                0x00000000080078ec                LoRaMacInitialization
 .text.LoRaMacQueryTxPossible
                0x0000000008007c00       0xcc out/LoRaMac.o
                0x0000000008007c00                LoRaMacQueryTxPossible
 .text.LoRaMacMibGetRequestConfirm
                0x0000000008007ccc      0x168 out/LoRaMac.o
                0x0000000008007ccc                LoRaMacMibGetRequestConfirm
 .text.LoRaMacMulticastChannelLink
                0x0000000008007e34       0x40 out/LoRaMac.o
                0x0000000008007e34                LoRaMacMulticastChannelLink
 .text.LoRaMacMulticastChannelUnlink
                0x0000000008007e74       0x44 out/LoRaMac.o
                0x0000000008007e74                LoRaMacMulticastChannelUnlink
 .text.LoRaMacMibSetRequestConfirm
                0x0000000008007eb8      0x354 out/LoRaMac.o
                0x0000000008007eb8                LoRaMacMibSetRequestConfirm
 .text.LoRaMacMlmeRequest
                0x000000000800820c      0x21c out/LoRaMac.o
                0x000000000800820c                LoRaMacMlmeRequest
 .text.LoRaMacMcpsRequest
                0x0000000008008428      0x120 out/LoRaMac.o
                0x0000000008008428                LoRaMacMcpsRequest
 .text.LoRaMacClassBInit
                0x0000000008008548        0x2 out/LoRaMacClassB.o
                0x0000000008008548                LoRaMacClassBInit
 .text.LoRaMacClassBSetBeaconState
                0x000000000800854a        0x2 out/LoRaMacClassB.o
                0x000000000800854a                LoRaMacClassBSetBeaconState
 .text.LoRaMacClassBSetPingSlotState
                0x000000000800854c        0x2 out/LoRaMacClassB.o
                0x000000000800854c                LoRaMacClassBSetPingSlotState
 .text.LoRaMacClassBSetMulticastSlotState
                0x000000000800854e        0x2 out/LoRaMacClassB.o
                0x000000000800854e                LoRaMacClassBSetMulticastSlotState
 .text.LoRaMacClassBIsAcquisitionInProgress
                0x0000000008008550        0x4 out/LoRaMacClassB.o
                0x0000000008008550                LoRaMacClassBIsAcquisitionInProgress
 .text.LoRaMacClassBBeaconTimerEvent
                0x0000000008008554        0x2 out/LoRaMacClassB.o
                0x0000000008008554                LoRaMacClassBBeaconTimerEvent
 .text.LoRaMacClassBPingSlotTimerEvent
                0x0000000008008556        0x2 out/LoRaMacClassB.o
                0x0000000008008556                LoRaMacClassBPingSlotTimerEvent
 .text.LoRaMacClassBMulticastSlotTimerEvent
                0x0000000008008558        0x2 out/LoRaMacClassB.o
                0x0000000008008558                LoRaMacClassBMulticastSlotTimerEvent
 .text.LoRaMacClassBRxBeacon
                0x000000000800855a        0x4 out/LoRaMacClassB.o
                0x000000000800855a                LoRaMacClassBRxBeacon
 .text.LoRaMacClassBIsBeaconExpected
                0x000000000800855e        0x4 out/LoRaMacClassB.o
                0x000000000800855e                LoRaMacClassBIsBeaconExpected
 .text.LoRaMacClassBIsPingExpected
                0x0000000008008562        0x4 out/LoRaMacClassB.o
                0x0000000008008562                LoRaMacClassBIsPingExpected
 .text.LoRaMacClassBIsMulticastExpected
                0x0000000008008566        0x4 out/LoRaMacClassB.o
                0x0000000008008566                LoRaMacClassBIsMulticastExpected
 .text.LoRaMacClassBIsBeaconModeActive
                0x000000000800856a        0x4 out/LoRaMacClassB.o
                0x000000000800856a                LoRaMacClassBIsBeaconModeActive
 .text.LoRaMacClassBSetPingSlotInfo
                0x000000000800856e        0x2 out/LoRaMacClassB.o
                0x000000000800856e                LoRaMacClassBSetPingSlotInfo
 .text.LoRaMacClassBHaltBeaconing
                0x0000000008008570        0x2 out/LoRaMacClassB.o
                0x0000000008008570                LoRaMacClassBHaltBeaconing
 .text.LoRaMacClassBResumeBeaconing
                0x0000000008008572        0x2 out/LoRaMacClassB.o
                0x0000000008008572                LoRaMacClassBResumeBeaconing
 .text.LoRaMacClassBSwitchClass
                0x0000000008008574        0x4 out/LoRaMacClassB.o
                0x0000000008008574                LoRaMacClassBSwitchClass
 .text.LoRaMacClassBMibGetRequestConfirm
                0x0000000008008578        0x4 out/LoRaMacClassB.o
                0x0000000008008578                LoRaMacClassBMibGetRequestConfirm
 .text.LoRaMacMibClassBSetRequestConfirm
                0x000000000800857c        0x4 out/LoRaMacClassB.o
                0x000000000800857c                LoRaMacMibClassBSetRequestConfirm
 .text.LoRaMacClassBPingSlotInfoAns
                0x0000000008008580        0x2 out/LoRaMacClassB.o
                0x0000000008008580                LoRaMacClassBPingSlotInfoAns
 .text.LoRaMacClassBPingSlotChannelReq
                0x0000000008008582        0x4 out/LoRaMacClassB.o
                0x0000000008008582                LoRaMacClassBPingSlotChannelReq
 .text.LoRaMacClassBBeaconTimingAns
                0x0000000008008586        0x2 out/LoRaMacClassB.o
                0x0000000008008586                LoRaMacClassBBeaconTimingAns
 .text.LoRaMacClassBDeviceTimeAns
                0x0000000008008588        0x2 out/LoRaMacClassB.o
                0x0000000008008588                LoRaMacClassBDeviceTimeAns
 .text.LoRaMacClassBBeaconFreqReq
                0x000000000800858a        0x4 out/LoRaMacClassB.o
                0x000000000800858a                LoRaMacClassBBeaconFreqReq
 .text.LoRaMacClassBIsUplinkCollision
                0x000000000800858e        0x6 out/LoRaMacClassB.o
                0x000000000800858e                LoRaMacClassBIsUplinkCollision
 .text.LoRaMacClassBStopRxSlots
                0x0000000008008594        0x2 out/LoRaMacClassB.o
                0x0000000008008594                LoRaMacClassBStopRxSlots
 .text.LoRaMacClassBSetMulticastPeriodicity
                0x0000000008008596        0x2 out/LoRaMacClassB.o
                0x0000000008008596                LoRaMacClassBSetMulticastPeriodicity
 .text.LoRaMacConfirmQueueInit
                0x0000000008008598       0x28 out/LoRaMacConfirmQueue.o
                0x0000000008008598                LoRaMacConfirmQueueInit
 .text.LoRaMacConfirmQueueAdd
                0x00000000080085c0       0x40 out/LoRaMacConfirmQueue.o
                0x00000000080085c0                LoRaMacConfirmQueueAdd
 .text.LoRaMacConfirmQueueRemoveLast
                0x0000000008008600       0x28 out/LoRaMacConfirmQueue.o
                0x0000000008008600                LoRaMacConfirmQueueRemoveLast
 .text.LoRaMacConfirmQueueRemoveFirst
                0x0000000008008628       0x28 out/LoRaMacConfirmQueue.o
                0x0000000008008628                LoRaMacConfirmQueueRemoveFirst
 .text.LoRaMacConfirmQueueSetStatus
                0x0000000008008650       0x34 out/LoRaMacConfirmQueue.o
                0x0000000008008650                LoRaMacConfirmQueueSetStatus
 .text.LoRaMacConfirmQueueGetStatus
                0x0000000008008684       0x30 out/LoRaMacConfirmQueue.o
                0x0000000008008684                LoRaMacConfirmQueueGetStatus
 .text.LoRaMacConfirmQueueSetStatusCmn
                0x00000000080086b4       0x34 out/LoRaMacConfirmQueue.o
                0x00000000080086b4                LoRaMacConfirmQueueSetStatusCmn
 .text.LoRaMacConfirmQueueGetStatusCmn
                0x00000000080086e8        0xc out/LoRaMacConfirmQueue.o
                0x00000000080086e8                LoRaMacConfirmQueueGetStatusCmn
 .text.LoRaMacConfirmQueueIsCmdActive
                0x00000000080086f4       0x2c out/LoRaMacConfirmQueue.o
                0x00000000080086f4                LoRaMacConfirmQueueIsCmdActive
 .text.LoRaMacConfirmQueueHandleCb
                0x0000000008008720       0x54 out/LoRaMacConfirmQueue.o
                0x0000000008008720                LoRaMacConfirmQueueHandleCb
 .text.LoRaMacConfirmQueueGetCnt
                0x0000000008008774        0xc out/LoRaMacConfirmQueue.o
                0x0000000008008774                LoRaMacConfirmQueueGetCnt
 .text.LoRaMacConfirmQueueIsFull
                0x0000000008008780       0x14 out/LoRaMacConfirmQueue.o
                0x0000000008008780                LoRaMacConfirmQueueIsFull
 .text.LoRaMacComputeMic
                0x0000000008008794       0x70 out/LoRaMacCrypto.o
                0x0000000008008794                LoRaMacComputeMic
 .text.LoRaMacPayloadEncrypt
                0x0000000008008804       0xf4 out/LoRaMacCrypto.o
                0x0000000008008804                LoRaMacPayloadEncrypt
 .text.LoRaMacPayloadDecrypt
                0x00000000080088f8       0x10 out/LoRaMacCrypto.o
                0x00000000080088f8                LoRaMacPayloadDecrypt
 .text.LoRaMacJoinComputeMic
                0x0000000008008908       0x3c out/LoRaMacCrypto.o
                0x0000000008008908                LoRaMacJoinComputeMic
 .text.LoRaMacJoinDecrypt
                0x0000000008008944       0x3e out/LoRaMacCrypto.o
                0x0000000008008944                LoRaMacJoinDecrypt
 .text.LoRaMacJoinComputeSKeys
                0x0000000008008982       0x86 out/LoRaMacCrypto.o
                0x0000000008008982                LoRaMacJoinComputeSKeys
 .text.RegionIsActive
                0x0000000008008a08        0x8 out/Region.o
                0x0000000008008a08                RegionIsActive
 .text.RegionGetPhyParam
                0x0000000008008a10       0x12 out/Region.o
                0x0000000008008a10                RegionGetPhyParam
 .text.RegionSetBandTxDone
                0x0000000008008a22        0xa out/Region.o
                0x0000000008008a22                RegionSetBandTxDone
 .text.RegionInitDefaults
                0x0000000008008a2c        0xa out/Region.o
                0x0000000008008a2c                RegionInitDefaults
 .text.RegionVerify
                0x0000000008008a36       0x10 out/Region.o
                0x0000000008008a36                RegionVerify
 .text.RegionApplyCFList
                0x0000000008008a46        0xa out/Region.o
                0x0000000008008a46                RegionApplyCFList
 .text.RegionChanMaskSet
                0x0000000008008a50        0xc out/Region.o
                0x0000000008008a50                RegionChanMaskSet
 .text.RegionAdrNext
                0x0000000008008a5c       0x1e out/Region.o
                0x0000000008008a5c                RegionAdrNext
 .text.RegionComputeRxWindowParameters
                0x0000000008008a7a       0x1c out/Region.o
                0x0000000008008a7a                RegionComputeRxWindowParameters
 .text.RegionRxConfig
                0x0000000008008a96       0x10 out/Region.o
                0x0000000008008a96                RegionRxConfig
 .text.RegionTxConfig
                0x0000000008008aa6       0x1c out/Region.o
                0x0000000008008aa6                RegionTxConfig
 .text.RegionLinkAdrReq
                0x0000000008008ac2       0x1e out/Region.o
                0x0000000008008ac2                RegionLinkAdrReq
 .text.RegionRxParamSetupReq
                0x0000000008008ae0        0xc out/Region.o
                0x0000000008008ae0                RegionRxParamSetupReq
 .text.RegionNewChannelReq
                0x0000000008008aec        0xc out/Region.o
                0x0000000008008aec                RegionNewChannelReq
 .text.RegionTxParamSetupReq
                0x0000000008008af8        0xc out/Region.o
                0x0000000008008af8                RegionTxParamSetupReq
 .text.RegionDlChannelReq
                0x0000000008008b04        0xc out/Region.o
                0x0000000008008b04                RegionDlChannelReq
 .text.RegionAlternateDr
                0x0000000008008b10        0xc out/Region.o
                0x0000000008008b10                RegionAlternateDr
 .text.RegionCalcBackOff
                0x0000000008008b1c        0xa out/Region.o
                0x0000000008008b1c                RegionCalcBackOff
 .text.RegionNextChannel
                0x0000000008008b26       0x1e out/Region.o
                0x0000000008008b26                RegionNextChannel
 .text.RegionSetContinuousWave
                0x0000000008008b44        0xa out/Region.o
                0x0000000008008b44                RegionSetContinuousWave
 .text.RegionApplyDrOffset
                0x0000000008008b4e       0x1c out/Region.o
                0x0000000008008b4e                RegionApplyDrOffset
 *fill*         0x0000000008008b6a        0x2 
 .text.RegionCommonGetJoinDc
                0x0000000008008b6c       0x28 out/RegionCommon.o
                0x0000000008008b6c                RegionCommonGetJoinDc
 .text.RegionCommonChanVerifyDr
                0x0000000008008b94       0x66 out/RegionCommon.o
                0x0000000008008b94                RegionCommonChanVerifyDr
 .text.RegionCommonValueInRange
                0x0000000008008bfa       0x12 out/RegionCommon.o
                0x0000000008008bfa                RegionCommonValueInRange
 .text.RegionCommonChanDisable
                0x0000000008008c0c       0x32 out/RegionCommon.o
                0x0000000008008c0c                RegionCommonChanDisable
 .text.RegionCommonCountChannels
                0x0000000008008c3e       0x3c out/RegionCommon.o
                0x0000000008008c3e                RegionCommonCountChannels
 .text.RegionCommonChanMaskCopy
                0x0000000008008c7a       0x1e out/RegionCommon.o
                0x0000000008008c7a                RegionCommonChanMaskCopy
 .text.RegionCommonSetBandTxDone
                0x0000000008008c98        0xe out/RegionCommon.o
                0x0000000008008c98                RegionCommonSetBandTxDone
 *fill*         0x0000000008008ca6        0x2 
 .text.RegionCommonUpdateBandTimeOff
                0x0000000008008ca8      0x100 out/RegionCommon.o
                0x0000000008008ca8                RegionCommonUpdateBandTimeOff
 .text.RegionCommonParseLinkAdrReq
                0x0000000008008da8       0x34 out/RegionCommon.o
                0x0000000008008da8                RegionCommonParseLinkAdrReq
 .text.RegionCommonComputeSymbolTimeLoRa
                0x0000000008008ddc       0x34 out/RegionCommon.o
                0x0000000008008ddc                RegionCommonComputeSymbolTimeLoRa
 .text.RegionCommonComputeSymbolTimeFsk
                0x0000000008008e10       0x18 out/RegionCommon.o
                0x0000000008008e10                RegionCommonComputeSymbolTimeFsk
 .text.RegionCommonComputeRxWindowParameters
                0x0000000008008e28       0xac out/RegionCommon.o
                0x0000000008008e28                RegionCommonComputeRxWindowParameters
 .text.RegionCommonComputeTxPower
                0x0000000008008ed4       0x30 out/RegionCommon.o
                0x0000000008008ed4                RegionCommonComputeTxPower
 .text.VerifyTxFreq
                0x0000000008008f04       0x28 out/RegionAS923.o
 .text.RegionAS923GetPhyParam
                0x0000000008008f2c      0x12c out/RegionAS923.o
                0x0000000008008f2c                RegionAS923GetPhyParam
 .text.RegionAS923SetBandTxDone
                0x0000000008009058       0x2c out/RegionAS923.o
                0x0000000008009058                RegionAS923SetBandTxDone
 .text.RegionAS923InitDefaults
                0x0000000008009084       0x50 out/RegionAS923.o
                0x0000000008009084                RegionAS923InitDefaults
 .text.RegionAS923Verify
                0x00000000080090d4       0x56 out/RegionAS923.o
                0x00000000080090d4                RegionAS923Verify
 *fill*         0x000000000800912a        0x2 
 .text.RegionAS923ChanMaskSet
                0x000000000800912c       0x34 out/RegionAS923.o
                0x000000000800912c                RegionAS923ChanMaskSet
 .text.RegionAS923AdrNext
                0x0000000008009160       0xa8 out/RegionAS923.o
                0x0000000008009160                RegionAS923AdrNext
 .text.RegionAS923ComputeRxWindowParameters
                0x0000000008009208       0x84 out/RegionAS923.o
                0x0000000008009208                RegionAS923ComputeRxWindowParameters
 .text.RegionAS923RxConfig
                0x000000000800928c       0xec out/RegionAS923.o
                0x000000000800928c                RegionAS923RxConfig
 .text.RegionAS923TxConfig
                0x0000000008009378      0x114 out/RegionAS923.o
                0x0000000008009378                RegionAS923TxConfig
 .text.RegionAS923LinkAdrReq
                0x000000000800948c      0x110 out/RegionAS923.o
                0x000000000800948c                RegionAS923LinkAdrReq
 .text.RegionAS923RxParamSetupReq
                0x000000000800959c       0x44 out/RegionAS923.o
                0x000000000800959c                RegionAS923RxParamSetupReq
 .text.RegionAS923TxParamSetupReq
                0x00000000080095e0        0x4 out/RegionAS923.o
                0x00000000080095e0                RegionAS923TxParamSetupReq
 .text.RegionAS923DlChannelReq
                0x00000000080095e4       0x38 out/RegionAS923.o
                0x00000000080095e4                RegionAS923DlChannelReq
 .text.RegionAS923AlternateDr
                0x000000000800961c        0x4 out/RegionAS923.o
                0x000000000800961c                RegionAS923AlternateDr
 .text.RegionAS923CalcBackOff
                0x0000000008009620       0x94 out/RegionAS923.o
                0x0000000008009620                RegionAS923CalcBackOff
 .text.RegionAS923NextChannel
                0x00000000080096b4      0x18c out/RegionAS923.o
                0x00000000080096b4                RegionAS923NextChannel
 .text.RegionAS923ChannelAdd
                0x0000000008009840       0xd4 out/RegionAS923.o
                0x0000000008009840                RegionAS923ChannelAdd
 .text.RegionAS923ChannelsRemove
                0x0000000008009914       0x30 out/RegionAS923.o
                0x0000000008009914                RegionAS923ChannelsRemove
 .text.RegionAS923ApplyCFList
                0x0000000008009944       0x78 out/RegionAS923.o
                0x0000000008009944                RegionAS923ApplyCFList
 .text.RegionAS923NewChannelReq
                0x00000000080099bc       0x40 out/RegionAS923.o
                0x00000000080099bc                RegionAS923NewChannelReq
 .text.RegionAS923SetContinuousWave
                0x00000000080099fc       0x4c out/RegionAS923.o
                0x00000000080099fc                RegionAS923SetContinuousWave
 .text.RegionAS923ApplyDrOffset
                0x0000000008009a48       0x2c out/RegionAS923.o
                0x0000000008009a48                RegionAS923ApplyDrOffset
 .text.Reset_Handler
                0x0000000008009a74       0x48 out/startup_cm4.o
                0x0000000008009a74                Reset_Handler
 .text.Default_Handler
                0x0000000008009abc        0x2 out/startup_cm4.o
                0x0000000008009abc                GPIO_IRQHandler
                0x0000000008009abc                SCC_IRQHandler
                0x0000000008009abc                TIMER2_IRQHandler
                0x0000000008009abc                EFC_IRQHandler
                0x0000000008009abc                I2C0_IRQHandler
                0x0000000008009abc                SAC_IRQHandler
                0x0000000008009abc                I2C1_IRQHandler
                0x0000000008009abc                UART1_IRQHandler
                0x0000000008009abc                BSTIMER0_IRQHandler
                0x0000000008009abc                TIMER3_IRQHandler
                0x0000000008009abc                UART0_IRQHandler
                0x0000000008009abc                SEC_IRQHandler
                0x0000000008009abc                WDG_IRQHandler
                0x0000000008009abc                LPTIMER1_IRQHandler
                0x0000000008009abc                LPTIMER0_IRQHandler
                0x0000000008009abc                SSP0_IRQHandler
                0x0000000008009abc                I2S_IRQHandler
                0x0000000008009abc                I2C2_IRQHandler
                0x0000000008009abc                TIMER0_IRQHandler
                0x0000000008009abc                LCD_IRQHandler
                0x0000000008009abc                LPUART_IRQHandler
                0x0000000008009abc                TIMER1_IRQHandler
                0x0000000008009abc                UART2_IRQHandler
                0x0000000008009abc                Default_Handler
                0x0000000008009abc                ADC_IRQHandler
                0x0000000008009abc                SSP1_IRQHandler
                0x0000000008009abc                DMA0_IRQHandler
                0x0000000008009abc                IWDG_IRQHandler
                0x0000000008009abc                SSP2_IRQHandler
                0x0000000008009abc                BSTIMER1_IRQHandler
                0x0000000008009abc                DAC_IRQHandler
                0x0000000008009abc                AFEC_IRQHandler
                0x0000000008009abc                UART3_IRQHandler
                0x0000000008009abc                QSPI_IRQHandler
                0x0000000008009abc                DMA1_IRQHandler
 *fill*         0x0000000008009abe        0x2 
 .text.startup  0x0000000008009ac0       0x14 /usr/lib/gcc/arm-none-eabi/10.3.1/../../../arm-none-eabi/lib/thumb/v7e-m/nofp/libc.a(lib_a-__call_atexit.o)
 *(.glue_7)
 .glue_7        0x0000000008009ad4        0x0 linker stubs
 *(.glue_7t)
 .glue_7t       0x0000000008009ad4        0x0 linker stubs
 *(.eh_frame)
 .eh_frame      0x0000000008009ad4        0x0 /usr/lib/gcc/arm-none-eabi/10.3.1/thumb/v7e-m/nofp/crtbegin.o
 *(.init)
 .init          0x0000000008009ad4        0x4 /usr/lib/gcc/arm-none-eabi/10.3.1/thumb/v7e-m/nofp/crti.o
                0x0000000008009ad4                _init
 .init          0x0000000008009ad8        0x8 /usr/lib/gcc/arm-none-eabi/10.3.1/thumb/v7e-m/nofp/crtn.o
 *(.fini)
 .fini          0x0000000008009ae0        0x4 /usr/lib/gcc/arm-none-eabi/10.3.1/thumb/v7e-m/nofp/crti.o
                0x0000000008009ae0                _fini
 .fini          0x0000000008009ae4        0x8 /usr/lib/gcc/arm-none-eabi/10.3.1/thumb/v7e-m/nofp/crtn.o
                0x0000000008009aec                . = ALIGN (0x4)
                0x0000000008009aec                _etext = .

.vfp11_veneer   0x0000000008009aec        0x0
 .vfp11_veneer  0x0000000008009aec        0x0 linker stubs

.v4_bx          0x0000000008009aec        0x0
 .v4_bx         0x0000000008009aec        0x0 linker stubs

.iplt           0x0000000008009aec        0x0
 .iplt          0x0000000008009aec        0x0 /usr/lib/gcc/arm-none-eabi/10.3.1/thumb/v7e-m/nofp/crtbegin.o

.rodata         0x0000000008009af0      0x47c
                0x0000000008009af0                . = ALIGN (0x4)
 *(.rodata)
 .rodata        0x0000000008009af0       0x50 out/printf-stdarg.o
 .rodata        0x0000000008009b40        0xc out/tremo_uart.o
 *fill*         0x0000000008009b4c        0x4 
 .rodata        0x0000000008009b50      0x188 out/radio.o
                0x0000000008009b50                FskBandwidths
                0x0000000008009c60                Bandwidths
                0x0000000008009c6c                Radio
 .rodata        0x0000000008009cd8       0x11 out/sx126x.o
 .rodata        0x0000000008009ce9       0x18 out/rtc-board.o
 .rodata        0x0000000008009d01       0x10 out/LoRaMac.o
 *fill*         0x0000000008009d11        0x3 
 .rodata        0x0000000008009d14       0x67 out/RegionAS923.o
 *fill*         0x0000000008009d7b        0x1 
 .rodata        0x0000000008009d7c       0x10 /home/anand/github/Ai-Thinker-LoRaWAN-Ra-08/drivers/crypto/lib/libcrypto.a(aes.o)
 .rodata        0x0000000008009d8c        0x4 /usr/lib/gcc/arm-none-eabi/10.3.1/../../../arm-none-eabi/lib/thumb/v7e-m/nofp/libc.a(lib_a-impure.o)
                0x0000000008009d8c                _global_impure_ptr
 .rodata        0x0000000008009d90       0x10 /usr/lib/gcc/arm-none-eabi/10.3.1/../../../arm-none-eabi/lib/thumb/v7e-m/nofp/libm.a(lib_a-s_rint.o)
 *(.rodata*)
 .rodata.str1.1
                0x0000000008009da0       0xe5 out/classA.o
                                         0xe8 (size before relaxing)
 .rodata.str1.1
                0x0000000008009e85       0xcd out/main.o
                                         0xf8 (size before relaxing)
 .rodata.str1.1
                0x0000000008009f52       0x19 out/printf-stdarg.o
                0x0000000008009f6c                . = ALIGN (0x4)
 *fill*         0x0000000008009f6b        0x1 

.ARM.extab
 *(.ARM.extab* .gnu.linkonce.armextab.*)

.ARM            0x0000000008009f6c        0x8
                0x0000000008009f6c                __exidx_start = .
 *(.ARM.exidx*)
 .ARM.exidx     0x0000000008009f6c        0x8 /usr/lib/gcc/arm-none-eabi/10.3.1/thumb/v7e-m/nofp/libgcc.a(_udivmoddi4.o)
                0x0000000008009f74                __exidx_end = .

.rel.dyn        0x0000000008009f74        0x0
 .rel.iplt      0x0000000008009f74        0x0 /usr/lib/gcc/arm-none-eabi/10.3.1/thumb/v7e-m/nofp/crtbegin.o

.preinit_array  0x0000000008009f74        0x0
                0x0000000008009f74                PROVIDE (__preinit_array_start = .)
 *(.preinit_array*)
                0x0000000008009f74                PROVIDE (__preinit_array_end = .)

.init_array     0x0000000008009f74        0x8
                0x0000000008009f74                PROVIDE (__init_array_start = .)
 *(SORT_BY_NAME(.init_array.*))
 .init_array.00000
                0x0000000008009f74        0x4 /usr/lib/gcc/arm-none-eabi/10.3.1/../../../arm-none-eabi/lib/thumb/v7e-m/nofp/libc.a(lib_a-__call_atexit.o)
 *(.init_array*)
 .init_array    0x0000000008009f78        0x4 /usr/lib/gcc/arm-none-eabi/10.3.1/thumb/v7e-m/nofp/crtbegin.o
                0x0000000008009f7c                PROVIDE (__init_array_end = .)

.fini_array     0x0000000008009f7c        0x4
                0x0000000008009f7c                PROVIDE (__fini_array_start = .)
 *(SORT_BY_NAME(.fini_array.*))
 *(.fini_array*)
 .fini_array    0x0000000008009f7c        0x4 /usr/lib/gcc/arm-none-eabi/10.3.1/thumb/v7e-m/nofp/crtbegin.o
                0x0000000008009f80                PROVIDE (__fini_array_end = .)
                0x0000000008009f80                _sidata = LOADADDR (.data)

.data           0x0000000020000000      0x4a0 load address 0x0000000008009f80
                0x0000000020000000                . = ALIGN (0x4)
                0x0000000020000000                _sdata = .
 *(.data)
 .data          0x0000000020000000       0x20 out/classA.o
 .data          0x0000000020000020        0x2 out/main.o
 .data          0x0000000020000022        0x1 out/radio.o
                0x0000000020000022                MaxPayloadLength
 *fill*         0x0000000020000023        0x1 
 .data          0x0000000020000024        0x4 out/utilities.o
 .data          0x0000000020000028        0x3 out/LoRaMac.o
 .data          0x000000002000002b       0x20 out/LoRaMacCrypto.o
 *fill*         0x000000002000004b        0x5 
 .data          0x0000000020000050       0x20 out/RegionAS923.o
 .data          0x0000000020000070      0x430 /usr/lib/gcc/arm-none-eabi/10.3.1/../../../arm-none-eabi/lib/thumb/v7e-m/nofp/libc.a(lib_a-impure.o)
                0x0000000020000070                _impure_ptr
 *(.data*)
                0x00000000200004a0                . = ALIGN (0x4)
                0x00000000200004a0                _edata = .

.tm_clone_table
                0x00000000200004a0        0x0 load address 0x000000000800a420
 .tm_clone_table
                0x00000000200004a0        0x0 /usr/lib/gcc/arm-none-eabi/10.3.1/thumb/v7e-m/nofp/crtbegin.o
 .tm_clone_table
                0x00000000200004a0        0x0 /usr/lib/gcc/arm-none-eabi/10.3.1/thumb/v7e-m/nofp/crtend.o

.igot.plt       0x00000000200004a0        0x0 load address 0x000000000800a420
 .igot.plt      0x00000000200004a0        0x0 /usr/lib/gcc/arm-none-eabi/10.3.1/thumb/v7e-m/nofp/crtbegin.o
                0x00000000200004a0                . = ALIGN (0x4)

.bss            0x00000000200004a0      0xa94 load address 0x000000000800a420
                0x00000000200004a0                _sbss = .
                0x00000000200004a0                __bss_start__ = _sbss
 *(.bss)
 .bss           0x00000000200004a0       0x1c /usr/lib/gcc/arm-none-eabi/10.3.1/thumb/v7e-m/nofp/crtbegin.o
 .bss           0x00000000200004bc       0x58 out/classA.o
                0x00000000200004be                joinFailCount
 .bss           0x0000000020000514      0x1a5 out/main.o
                0x0000000020000514                dco
                0x0000000020000518                gain
                0x000000002000051c                adc_data_2
                0x00000000200005e4                adc_data_1
                0x00000000200006ac                adc_cal
                0x00000000200006b0                adc_data2
                0x00000000200006b4                adc_data1
                0x00000000200006b8                buzzer
 .bss           0x00000000200006b9        0x1 out/tremo_delay.o
 *fill*         0x00000000200006ba        0x6 
 .bss           0x00000000200006c0       0x11 out/timer.o
                0x00000000200006d0                HasLoopedThroughMain
 *fill*         0x00000000200006d1        0x3 
 .bss           0x00000000200006d4      0x1a6 out/radio.o
                0x00000000200006d8                TxTimeoutTimer
                0x00000000200006ec                RxTimeoutTimer
                0x0000000020000700                CadTimeoutTimer
                0x0000000020000714                IrqFired
                0x0000000020000718                SX126x
                0x0000000020000754                TxTimeout
                0x0000000020000758                RxContinuous
                0x000000002000075c                RxTimeout
                0x0000000020000760                irqRegs
                0x0000000020000762                RadioRxPayload
                0x0000000020000864                RadioPktStatus
 *fill*         0x000000002000087a        0x2 
 .bss           0x000000002000087c        0x8 out/sx126x.o
                0x0000000020000880                FrequencyError
 *fill*         0x0000000020000884        0x4 
 .bss           0x0000000020000888       0x1d out/rtc-board.o
                0x000000002000088c                RtcCalendarContext
                0x0000000020000898                RtcTimerContext
                0x00000000200008a0                McuWakeUpTime
                0x00000000200008a4                NonScheduledWakeUp
 .bss           0x00000000200008a5        0x1 out/sx1262-board.o
                0x00000000200008a5                gPaOptSetting
 *fill*         0x00000000200008a6        0x2 
 .bss           0x00000000200008a8      0x559 out/LoRaMac.o
                0x00000000200008c0                LoRaMacFlags
                0x000000002000095c                LoRaMacParams
                0x0000000020000998                LoRaMacParamsDefaults
                0x00000000200009f4                LoRaMacState
                0x0000000020000da0                TxTimeOnAir
 *fill*         0x0000000020000e01        0x3 
 .bss           0x0000000020000e04       0x25 out/LoRaMacConfirmQueue.o
                0x0000000020000e0c                BufferStart
                0x0000000020000e24                BufferEnd
                0x0000000020000e28                CommonStatus
 *fill*         0x0000000020000e29        0x3 
 .bss           0x0000000020000e2c       0x44 out/LoRaMacCrypto.o
 .bss           0x0000000020000e70       0xc4 out/RegionAS923.o
 *(.bss*)
 *(COMMON)
                0x0000000020000f34                . = ALIGN (0x4)
                0x0000000020000f34                _ebss = .
                0x0000000020000f34                __bss_end__ = _ebss

.heap           0x0000000020000f34        0x0 load address 0x000000000800a420
                0x0000000020000f34                . = ALIGN (0x4)
                0x0000000020000f34                _heap_bottom = .
                0x0000000020000f34                end = _heap_bottom
                0x0000000020000f34                _end = end
                0x0000000020000f34                __end = end
                0x0000000020000f34                . = (. + _HEAP_SIZE)
                0x0000000020000f34                _heap_top = .

.stack          0x0000000020000f34     0x1000 load address 0x000000000800a420
                0x0000000020000f34                . = ALIGN (0x4)
                0x0000000020000f34                _stack_bottom = .
                0x0000000020001f34                . = (. + _STACK_SIZE)
 *fill*         0x0000000020000f34     0x1000 
                0x0000000020001f34                _stack_top = .

/DISCARD/
 libc.a(*)
 libm.a(*)
 libgcc.a(*)

.ARM.attributes
                0x0000000000000000       0x2e
 *(.ARM.attributes)
 .ARM.attributes
                0x0000000000000000       0x1e /usr/lib/gcc/arm-none-eabi/10.3.1/thumb/v7e-m/nofp/crti.o
 .ARM.attributes
                0x000000000000001e       0x2e /usr/lib/gcc/arm-none-eabi/10.3.1/thumb/v7e-m/nofp/crtbegin.o
 .ARM.attributes
                0x000000000000004c       0x32 out/classA.o
 .ARM.attributes
                0x000000000000007e       0x32 out/main.o
 .ARM.attributes
                0x00000000000000b0       0x32 out/tremo_it.o
 .ARM.attributes
                0x00000000000000e2       0x32 out/printf-stdarg.o
 .ARM.attributes
                0x0000000000000114       0x32 out/system_cm4.o
 .ARM.attributes
                0x0000000000000146       0x32 out/tremo_adc.o
 .ARM.attributes
                0x0000000000000178       0x32 out/tremo_delay.o
 .ARM.attributes
                0x00000000000001aa       0x32 out/tremo_flash.o
 .ARM.attributes
                0x00000000000001dc       0x32 out/tremo_gpio.o
 .ARM.attributes
                0x000000000000020e       0x32 out/tremo_pwr.o
 .ARM.attributes
                0x0000000000000240       0x32 out/tremo_rcc.o
 .ARM.attributes
                0x0000000000000272       0x32 out/tremo_rtc.o
 .ARM.attributes
                0x00000000000002a4       0x32 out/tremo_system.o
 .ARM.attributes
                0x00000000000002d6       0x32 out/tremo_uart.o
 .ARM.attributes
                0x0000000000000308       0x32 out/delay.o
 .ARM.attributes
                0x000000000000033a       0x32 out/timer.o
 .ARM.attributes
                0x000000000000036c       0x32 out/cmac.o
 .ARM.attributes
                0x000000000000039e       0x32 out/radio.o
 .ARM.attributes
                0x00000000000003d0       0x32 out/sx126x.o
 .ARM.attributes
                0x0000000000000402       0x32 out/rtc-board.o
 .ARM.attributes
                0x0000000000000434       0x32 out/sx1262-board.o
 .ARM.attributes
                0x0000000000000466       0x32 out/utilities.o
 .ARM.attributes
                0x0000000000000498       0x32 out/LoRaMac.o
 .ARM.attributes
                0x00000000000004ca       0x32 out/LoRaMacClassB.o
 .ARM.attributes
                0x00000000000004fc       0x32 out/LoRaMacConfirmQueue.o
 .ARM.attributes
                0x000000000000052e       0x32 out/LoRaMacCrypto.o
 .ARM.attributes
                0x0000000000000560       0x32 out/Region.o
 .ARM.attributes
                0x0000000000000592       0x32 out/RegionCommon.o
 .ARM.attributes
                0x00000000000005c4       0x32 out/RegionAS923.o
 .ARM.attributes
                0x00000000000005f6       0x21 out/startup_cm4.o
 .ARM.attributes
                0x0000000000000617       0x2e /home/anand/github/Ai-Thinker-LoRaWAN-Ra-08/drivers/crypto/lib/libcrypto.a(aes.o)
 .ARM.attributes
                0x0000000000000645       0x1e /usr/lib/gcc/arm-none-eabi/10.3.1/thumb/v7e-m/nofp/libgcc.a(_arm_addsubdf3.o)
 .ARM.attributes
                0x0000000000000663       0x1e /usr/lib/gcc/arm-none-eabi/10.3.1/thumb/v7e-m/nofp/libgcc.a(_arm_muldivdf3.o)
 .ARM.attributes
                0x0000000000000681       0x1e /usr/lib/gcc/arm-none-eabi/10.3.1/thumb/v7e-m/nofp/libgcc.a(_arm_cmpdf2.o)
 .ARM.attributes
                0x000000000000069f       0x1e /usr/lib/gcc/arm-none-eabi/10.3.1/thumb/v7e-m/nofp/libgcc.a(_arm_fixdfsi.o)
 .ARM.attributes
                0x00000000000006bd       0x1e /usr/lib/gcc/arm-none-eabi/10.3.1/thumb/v7e-m/nofp/libgcc.a(_arm_fixunsdfsi.o)
 .ARM.attributes
                0x00000000000006db       0x1e /usr/lib/gcc/arm-none-eabi/10.3.1/thumb/v7e-m/nofp/libgcc.a(_aeabi_uldivmod.o)
 .ARM.attributes
                0x00000000000006f9       0x2e /usr/lib/gcc/arm-none-eabi/10.3.1/thumb/v7e-m/nofp/libgcc.a(_fixunsdfdi.o)
 .ARM.attributes
                0x0000000000000727       0x2e /usr/lib/gcc/arm-none-eabi/10.3.1/thumb/v7e-m/nofp/libgcc.a(_udivmoddi4.o)
 .ARM.attributes
                0x0000000000000755       0x1e /usr/lib/gcc/arm-none-eabi/10.3.1/thumb/v7e-m/nofp/libgcc.a(_dvmd_tls.o)
 .ARM.attributes
                0x0000000000000773       0x2e /usr/lib/gcc/arm-none-eabi/10.3.1/../../../arm-none-eabi/lib/thumb/v7e-m/nofp/libc.a(lib_a-atexit.o)
 .ARM.attributes
                0x00000000000007a1       0x2e /usr/lib/gcc/arm-none-eabi/10.3.1/../../../arm-none-eabi/lib/thumb/v7e-m/nofp/libc.a(lib_a-fini.o)
 .ARM.attributes
                0x00000000000007cf       0x2e /usr/lib/gcc/arm-none-eabi/10.3.1/../../../arm-none-eabi/lib/thumb/v7e-m/nofp/libc.a(lib_a-impure.o)
 .ARM.attributes
                0x00000000000007fd       0x2e /usr/lib/gcc/arm-none-eabi/10.3.1/../../../arm-none-eabi/lib/thumb/v7e-m/nofp/libc.a(lib_a-init.o)
 .ARM.attributes
                0x000000000000082b       0x1c /usr/lib/gcc/arm-none-eabi/10.3.1/../../../arm-none-eabi/lib/thumb/v7e-m/nofp/libc.a(lib_a-memcpy.o)
 .ARM.attributes
                0x0000000000000847       0x2e /usr/lib/gcc/arm-none-eabi/10.3.1/../../../arm-none-eabi/lib/thumb/v7e-m/nofp/libc.a(lib_a-memset.o)
 .ARM.attributes
                0x0000000000000875       0x2e /usr/lib/gcc/arm-none-eabi/10.3.1/../../../arm-none-eabi/lib/thumb/v7e-m/nofp/libc.a(lib_a-__atexit.o)
 .ARM.attributes
                0x00000000000008a3       0x2e /usr/lib/gcc/arm-none-eabi/10.3.1/../../../arm-none-eabi/lib/thumb/v7e-m/nofp/libc.a(lib_a-__call_atexit.o)
 .ARM.attributes
                0x00000000000008d1       0x2e /usr/lib/gcc/arm-none-eabi/10.3.1/thumb/v7e-m/nofp/crtend.o
 .ARM.attributes
                0x00000000000008ff       0x1e /usr/lib/gcc/arm-none-eabi/10.3.1/thumb/v7e-m/nofp/crtn.o
OUTPUT(out/class_aCO0240930_1.elf elf32-littlearm)
LOAD linker stubs
LOAD /usr/lib/gcc/arm-none-eabi/10.3.1/../../../arm-none-eabi/lib/thumb/v7e-m/nofp/libc.a
LOAD /usr/lib/gcc/arm-none-eabi/10.3.1/../../../arm-none-eabi/lib/thumb/v7e-m/nofp/libm.a
LOAD /usr/lib/gcc/arm-none-eabi/10.3.1/thumb/v7e-m/nofp/libgcc.a

.comment        0x0000000000000000       0xac
 .comment       0x0000000000000000       0x33 /usr/lib/gcc/arm-none-eabi/10.3.1/thumb/v7e-m/nofp/crtbegin.o
                                         0x34 (size before relaxing)
 .comment       0x0000000000000033       0x34 out/classA.o
 .comment       0x0000000000000033       0x34 out/main.o
 .comment       0x0000000000000033       0x34 out/tremo_it.o
 .comment       0x0000000000000033       0x34 out/printf-stdarg.o
 .comment       0x0000000000000033       0x34 out/system_cm4.o
 .comment       0x0000000000000033       0x34 out/tremo_adc.o
 .comment       0x0000000000000033       0x34 out/tremo_delay.o
 .comment       0x0000000000000033       0x34 out/tremo_flash.o
 .comment       0x0000000000000033       0x34 out/tremo_gpio.o
 .comment       0x0000000000000033       0x34 out/tremo_pwr.o
 .comment       0x0000000000000033       0x34 out/tremo_rcc.o
 .comment       0x0000000000000033       0x34 out/tremo_rtc.o
 .comment       0x0000000000000033       0x34 out/tremo_system.o
 .comment       0x0000000000000033       0x34 out/tremo_uart.o
 .comment       0x0000000000000033       0x34 out/delay.o
 .comment       0x0000000000000033       0x34 out/timer.o
 .comment       0x0000000000000033       0x34 out/cmac.o
 .comment       0x0000000000000033       0x34 out/radio.o
 .comment       0x0000000000000033       0x34 out/sx126x.o
 .comment       0x0000000000000033       0x34 out/rtc-board.o
 .comment       0x0000000000000033       0x34 out/sx1262-board.o
 .comment       0x0000000000000033       0x34 out/utilities.o
 .comment       0x0000000000000033       0x34 out/LoRaMac.o
 .comment       0x0000000000000033       0x34 out/LoRaMacClassB.o
 .comment       0x0000000000000033       0x34 out/LoRaMacConfirmQueue.o
 .comment       0x0000000000000033       0x34 out/LoRaMacCrypto.o
 .comment       0x0000000000000033       0x34 out/Region.o
 .comment       0x0000000000000033       0x34 out/RegionCommon.o
 .comment       0x0000000000000033       0x34 out/RegionAS923.o
 .comment       0x0000000000000033       0x79 /home/anand/github/Ai-Thinker-LoRaWAN-Ra-08/drivers/crypto/lib/libcrypto.a(aes.o)
                                         0x7a (size before relaxing)
 .comment       0x00000000000000ac       0x34 /usr/lib/gcc/arm-none-eabi/10.3.1/thumb/v7e-m/nofp/libgcc.a(_fixunsdfdi.o)
 .comment       0x00000000000000ac       0x34 /usr/lib/gcc/arm-none-eabi/10.3.1/thumb/v7e-m/nofp/libgcc.a(_udivmoddi4.o)
 .comment       0x00000000000000ac       0x34 /usr/lib/gcc/arm-none-eabi/10.3.1/../../../arm-none-eabi/lib/thumb/v7e-m/nofp/libc.a(lib_a-atexit.o)
 .comment       0x00000000000000ac       0x34 /usr/lib/gcc/arm-none-eabi/10.3.1/../../../arm-none-eabi/lib/thumb/v7e-m/nofp/libc.a(lib_a-fini.o)
 .comment       0x00000000000000ac       0x34 /usr/lib/gcc/arm-none-eabi/10.3.1/../../../arm-none-eabi/lib/thumb/v7e-m/nofp/libc.a(lib_a-impure.o)
 .comment       0x00000000000000ac       0x34 /usr/lib/gcc/arm-none-eabi/10.3.1/../../../arm-none-eabi/lib/thumb/v7e-m/nofp/libc.a(lib_a-init.o)
 .comment       0x00000000000000ac       0x34 /usr/lib/gcc/arm-none-eabi/10.3.1/../../../arm-none-eabi/lib/thumb/v7e-m/nofp/libc.a(lib_a-memset.o)
 .comment       0x00000000000000ac       0x34 /usr/lib/gcc/arm-none-eabi/10.3.1/../../../arm-none-eabi/lib/thumb/v7e-m/nofp/libc.a(lib_a-__atexit.o)
 .comment       0x00000000000000ac       0x34 /usr/lib/gcc/arm-none-eabi/10.3.1/../../../arm-none-eabi/lib/thumb/v7e-m/nofp/libc.a(lib_a-__call_atexit.o)
 .comment       0x00000000000000ac       0x34 /usr/lib/gcc/arm-none-eabi/10.3.1/thumb/v7e-m/nofp/crtend.o

.debug_info     0x0000000000000000     0x3951
 .debug_info    0x0000000000000000      0xc3a /home/anand/github/Ai-Thinker-LoRaWAN-Ra-08/drivers/crypto/lib/libcrypto.a(aes.o)
 .debug_info    0x0000000000000c3a       0x26 /usr/lib/gcc/arm-none-eabi/10.3.1/thumb/v7e-m/nofp/libgcc.a(_arm_addsubdf3.o)
 .debug_info    0x0000000000000c60       0x26 /usr/lib/gcc/arm-none-eabi/10.3.1/thumb/v7e-m/nofp/libgcc.a(_arm_muldivdf3.o)
 .debug_info    0x0000000000000c86       0x26 /usr/lib/gcc/arm-none-eabi/10.3.1/thumb/v7e-m/nofp/libgcc.a(_arm_cmpdf2.o)
 .debug_info    0x0000000000000cac       0x26 /usr/lib/gcc/arm-none-eabi/10.3.1/thumb/v7e-m/nofp/libgcc.a(_arm_fixdfsi.o)
 .debug_info    0x0000000000000cd2       0x26 /usr/lib/gcc/arm-none-eabi/10.3.1/thumb/v7e-m/nofp/libgcc.a(_arm_fixunsdfsi.o)
 .debug_info    0x0000000000000cf8       0x26 /usr/lib/gcc/arm-none-eabi/10.3.1/thumb/v7e-m/nofp/libgcc.a(_aeabi_uldivmod.o)
 .debug_info    0x0000000000000d1e      0x366 /usr/lib/gcc/arm-none-eabi/10.3.1/thumb/v7e-m/nofp/libgcc.a(_fixunsdfdi.o)
 .debug_info    0x0000000000001084      0x717 /usr/lib/gcc/arm-none-eabi/10.3.1/thumb/v7e-m/nofp/libgcc.a(_udivmoddi4.o)
 .debug_info    0x000000000000179b       0x26 /usr/lib/gcc/arm-none-eabi/10.3.1/thumb/v7e-m/nofp/libgcc.a(_dvmd_tls.o)
 .debug_info    0x00000000000017c1      0x100 /usr/lib/gcc/arm-none-eabi/10.3.1/../../../arm-none-eabi/lib/thumb/v7e-m/nofp/libc.a(lib_a-atexit.o)
 .debug_info    0x00000000000018c1      0x102 /usr/lib/gcc/arm-none-eabi/10.3.1/../../../arm-none-eabi/lib/thumb/v7e-m/nofp/libc.a(lib_a-fini.o)
 .debug_info    0x00000000000019c3      0x92a /usr/lib/gcc/arm-none-eabi/10.3.1/../../../arm-none-eabi/lib/thumb/v7e-m/nofp/libc.a(lib_a-impure.o)
 .debug_info    0x00000000000022ed      0x11a /usr/lib/gcc/arm-none-eabi/10.3.1/../../../arm-none-eabi/lib/thumb/v7e-m/nofp/libc.a(lib_a-init.o)
 .debug_info    0x0000000000002407       0x26 /usr/lib/gcc/arm-none-eabi/10.3.1/../../../arm-none-eabi/lib/thumb/v7e-m/nofp/libc.a(lib_a-memcpy.o)
 .debug_info    0x000000000000242d      0x137 /usr/lib/gcc/arm-none-eabi/10.3.1/../../../arm-none-eabi/lib/thumb/v7e-m/nofp/libc.a(lib_a-memset.o)
 .debug_info    0x0000000000002564      0x9b0 /usr/lib/gcc/arm-none-eabi/10.3.1/../../../arm-none-eabi/lib/thumb/v7e-m/nofp/libc.a(lib_a-__atexit.o)
 .debug_info    0x0000000000002f14      0xa3d /usr/lib/gcc/arm-none-eabi/10.3.1/../../../arm-none-eabi/lib/thumb/v7e-m/nofp/libc.a(lib_a-__call_atexit.o)

.debug_abbrev   0x0000000000000000      0xedb
 .debug_abbrev  0x0000000000000000      0x228 /home/anand/github/Ai-Thinker-LoRaWAN-Ra-08/drivers/crypto/lib/libcrypto.a(aes.o)
 .debug_abbrev  0x0000000000000228       0x14 /usr/lib/gcc/arm-none-eabi/10.3.1/thumb/v7e-m/nofp/libgcc.a(_arm_addsubdf3.o)
 .debug_abbrev  0x000000000000023c       0x14 /usr/lib/gcc/arm-none-eabi/10.3.1/thumb/v7e-m/nofp/libgcc.a(_arm_muldivdf3.o)
 .debug_abbrev  0x0000000000000250       0x14 /usr/lib/gcc/arm-none-eabi/10.3.1/thumb/v7e-m/nofp/libgcc.a(_arm_cmpdf2.o)
 .debug_abbrev  0x0000000000000264       0x14 /usr/lib/gcc/arm-none-eabi/10.3.1/thumb/v7e-m/nofp/libgcc.a(_arm_fixdfsi.o)
 .debug_abbrev  0x0000000000000278       0x14 /usr/lib/gcc/arm-none-eabi/10.3.1/thumb/v7e-m/nofp/libgcc.a(_arm_fixunsdfsi.o)
 .debug_abbrev  0x000000000000028c       0x14 /usr/lib/gcc/arm-none-eabi/10.3.1/thumb/v7e-m/nofp/libgcc.a(_aeabi_uldivmod.o)
 .debug_abbrev  0x00000000000002a0      0x101 /usr/lib/gcc/arm-none-eabi/10.3.1/thumb/v7e-m/nofp/libgcc.a(_fixunsdfdi.o)
 .debug_abbrev  0x00000000000003a1      0x163 /usr/lib/gcc/arm-none-eabi/10.3.1/thumb/v7e-m/nofp/libgcc.a(_udivmoddi4.o)
 .debug_abbrev  0x0000000000000504       0x14 /usr/lib/gcc/arm-none-eabi/10.3.1/thumb/v7e-m/nofp/libgcc.a(_dvmd_tls.o)
 .debug_abbrev  0x0000000000000518       0xb7 /usr/lib/gcc/arm-none-eabi/10.3.1/../../../arm-none-eabi/lib/thumb/v7e-m/nofp/libc.a(lib_a-atexit.o)
 .debug_abbrev  0x00000000000005cf       0xcf /usr/lib/gcc/arm-none-eabi/10.3.1/../../../arm-none-eabi/lib/thumb/v7e-m/nofp/libc.a(lib_a-fini.o)
 .debug_abbrev  0x000000000000069e      0x1b8 /usr/lib/gcc/arm-none-eabi/10.3.1/../../../arm-none-eabi/lib/thumb/v7e-m/nofp/libc.a(lib_a-impure.o)
 .debug_abbrev  0x0000000000000856       0xcc /usr/lib/gcc/arm-none-eabi/10.3.1/../../../arm-none-eabi/lib/thumb/v7e-m/nofp/libc.a(lib_a-init.o)
 .debug_abbrev  0x0000000000000922       0x14 /usr/lib/gcc/arm-none-eabi/10.3.1/../../../arm-none-eabi/lib/thumb/v7e-m/nofp/libc.a(lib_a-memcpy.o)
 .debug_abbrev  0x0000000000000936       0xb4 /usr/lib/gcc/arm-none-eabi/10.3.1/../../../arm-none-eabi/lib/thumb/v7e-m/nofp/libc.a(lib_a-memset.o)
 .debug_abbrev  0x00000000000009ea      0x23f /usr/lib/gcc/arm-none-eabi/10.3.1/../../../arm-none-eabi/lib/thumb/v7e-m/nofp/libc.a(lib_a-__atexit.o)
 .debug_abbrev  0x0000000000000c29      0x2b2 /usr/lib/gcc/arm-none-eabi/10.3.1/../../../arm-none-eabi/lib/thumb/v7e-m/nofp/libc.a(lib_a-__call_atexit.o)

.debug_loc      0x0000000000000000     0x188b
 .debug_loc     0x0000000000000000       0xe4 /home/anand/github/Ai-Thinker-LoRaWAN-Ra-08/drivers/crypto/lib/libcrypto.a(aes.o)
 .debug_loc     0x00000000000000e4       0xad /usr/lib/gcc/arm-none-eabi/10.3.1/thumb/v7e-m/nofp/libgcc.a(_fixunsdfdi.o)
 .debug_loc     0x0000000000000191     0x1094 /usr/lib/gcc/arm-none-eabi/10.3.1/thumb/v7e-m/nofp/libgcc.a(_udivmoddi4.o)
 .debug_loc     0x0000000000001225       0x32 /usr/lib/gcc/arm-none-eabi/10.3.1/../../../arm-none-eabi/lib/thumb/v7e-m/nofp/libc.a(lib_a-atexit.o)
 .debug_loc     0x0000000000001257       0x68 /usr/lib/gcc/arm-none-eabi/10.3.1/../../../arm-none-eabi/lib/thumb/v7e-m/nofp/libc.a(lib_a-fini.o)
 .debug_loc     0x00000000000012bf       0xba /usr/lib/gcc/arm-none-eabi/10.3.1/../../../arm-none-eabi/lib/thumb/v7e-m/nofp/libc.a(lib_a-init.o)
 .debug_loc     0x0000000000001379      0x22c /usr/lib/gcc/arm-none-eabi/10.3.1/../../../arm-none-eabi/lib/thumb/v7e-m/nofp/libc.a(lib_a-memset.o)
 .debug_loc     0x00000000000015a5      0x138 /usr/lib/gcc/arm-none-eabi/10.3.1/../../../arm-none-eabi/lib/thumb/v7e-m/nofp/libc.a(lib_a-__atexit.o)
 .debug_loc     0x00000000000016dd      0x1ae /usr/lib/gcc/arm-none-eabi/10.3.1/../../../arm-none-eabi/lib/thumb/v7e-m/nofp/libc.a(lib_a-__call_atexit.o)

.debug_aranges  0x0000000000000000      0x240
 .debug_aranges
                0x0000000000000000       0x20 /home/anand/github/Ai-Thinker-LoRaWAN-Ra-08/drivers/crypto/lib/libcrypto.a(aes.o)
 .debug_aranges
                0x0000000000000020       0x20 /usr/lib/gcc/arm-none-eabi/10.3.1/thumb/v7e-m/nofp/libgcc.a(_arm_addsubdf3.o)
 .debug_aranges
                0x0000000000000040       0x20 /usr/lib/gcc/arm-none-eabi/10.3.1/thumb/v7e-m/nofp/libgcc.a(_arm_muldivdf3.o)
 .debug_aranges
                0x0000000000000060       0x20 /usr/lib/gcc/arm-none-eabi/10.3.1/thumb/v7e-m/nofp/libgcc.a(_arm_cmpdf2.o)
 .debug_aranges
                0x0000000000000080       0x20 /usr/lib/gcc/arm-none-eabi/10.3.1/thumb/v7e-m/nofp/libgcc.a(_arm_fixdfsi.o)
 .debug_aranges
                0x00000000000000a0       0x20 /usr/lib/gcc/arm-none-eabi/10.3.1/thumb/v7e-m/nofp/libgcc.a(_arm_fixunsdfsi.o)
 .debug_aranges
                0x00000000000000c0       0x20 /usr/lib/gcc/arm-none-eabi/10.3.1/thumb/v7e-m/nofp/libgcc.a(_aeabi_uldivmod.o)
 .debug_aranges
                0x00000000000000e0       0x20 /usr/lib/gcc/arm-none-eabi/10.3.1/thumb/v7e-m/nofp/libgcc.a(_fixunsdfdi.o)
 .debug_aranges
                0x0000000000000100       0x20 /usr/lib/gcc/arm-none-eabi/10.3.1/thumb/v7e-m/nofp/libgcc.a(_udivmoddi4.o)
 .debug_aranges
                0x0000000000000120       0x20 /usr/lib/gcc/arm-none-eabi/10.3.1/thumb/v7e-m/nofp/libgcc.a(_dvmd_tls.o)
 .debug_aranges
                0x0000000000000140       0x20 /usr/lib/gcc/arm-none-eabi/10.3.1/../../../arm-none-eabi/lib/thumb/v7e-m/nofp/libc.a(lib_a-atexit.o)
 .debug_aranges
                0x0000000000000160       0x20 /usr/lib/gcc/arm-none-eabi/10.3.1/../../../arm-none-eabi/lib/thumb/v7e-m/nofp/libc.a(lib_a-fini.o)
 .debug_aranges
                0x0000000000000180       0x18 /usr/lib/gcc/arm-none-eabi/10.3.1/../../../arm-none-eabi/lib/thumb/v7e-m/nofp/libc.a(lib_a-impure.o)
 .debug_aranges
                0x0000000000000198       0x20 /usr/lib/gcc/arm-none-eabi/10.3.1/../../../arm-none-eabi/lib/thumb/v7e-m/nofp/libc.a(lib_a-init.o)
 .debug_aranges
                0x00000000000001b8       0x20 /usr/lib/gcc/arm-none-eabi/10.3.1/../../../arm-none-eabi/lib/thumb/v7e-m/nofp/libc.a(lib_a-memcpy.o)
 .debug_aranges
                0x00000000000001d8       0x20 /usr/lib/gcc/arm-none-eabi/10.3.1/../../../arm-none-eabi/lib/thumb/v7e-m/nofp/libc.a(lib_a-memset.o)
 .debug_aranges
                0x00000000000001f8       0x20 /usr/lib/gcc/arm-none-eabi/10.3.1/../../../arm-none-eabi/lib/thumb/v7e-m/nofp/libc.a(lib_a-__atexit.o)
 .debug_aranges
                0x0000000000000218       0x28 /usr/lib/gcc/arm-none-eabi/10.3.1/../../../arm-none-eabi/lib/thumb/v7e-m/nofp/libc.a(lib_a-__call_atexit.o)

.debug_line     0x0000000000000000     0x18cd
 .debug_line    0x0000000000000000      0x268 /home/anand/github/Ai-Thinker-LoRaWAN-Ra-08/drivers/crypto/lib/libcrypto.a(aes.o)
 .debug_line    0x0000000000000268      0x186 /usr/lib/gcc/arm-none-eabi/10.3.1/thumb/v7e-m/nofp/libgcc.a(_arm_addsubdf3.o)
 .debug_line    0x00000000000003ee      0x19b /usr/lib/gcc/arm-none-eabi/10.3.1/thumb/v7e-m/nofp/libgcc.a(_arm_muldivdf3.o)
 .debug_line    0x0000000000000589       0xbd /usr/lib/gcc/arm-none-eabi/10.3.1/thumb/v7e-m/nofp/libgcc.a(_arm_cmpdf2.o)
 .debug_line    0x0000000000000646       0x79 /usr/lib/gcc/arm-none-eabi/10.3.1/thumb/v7e-m/nofp/libgcc.a(_arm_fixdfsi.o)
 .debug_line    0x00000000000006bf       0x75 /usr/lib/gcc/arm-none-eabi/10.3.1/thumb/v7e-m/nofp/libgcc.a(_arm_fixunsdfsi.o)