Archive member included to satisfy reference by file (symbol)

../../../../../drivers/crypto/lib/libcrypto.a(aes.o)
                              ./objects/cmac.o (aes_init)
d:/asr6601/asr6601_at_lorawan/tools/toolchain/bin/../lib/gcc/arm-none-eabi/9.3.1/thumb/v7e-m/nofp\libgcc.a(_arm_muldf3.o)
                              ./objects/printf-stdarg.o (__aeabi_dmul)
d:/asr6601/asr6601_at_lorawan/tools/toolchain/bin/../lib/gcc/arm-none-eabi/9.3.1/thumb/v7e-m/nofp\libgcc.a(_arm_addsubdf3.o)
                              ./objects/printf-stdarg.o (__aeabi_dsub)
d:/asr6601/asr6601_at_lorawan/tools/toolchain/bin/../lib/gcc/arm-none-eabi/9.3.1/thumb/v7e-m/nofp\libgcc.a(_arm_muldivdf3.o)
                              ./objects/printf-stdarg.o (__aeabi_ddiv)
d:/asr6601/asr6601_at_lorawan/tools/toolchain/bin/../lib/gcc/arm-none-eabi/9.3.1/thumb/v7e-m/nofp\libgcc.a(_arm_cmpdf2.o)
                              ./objects/printf-stdarg.o (__aeabi_dcmpeq)
d:/asr6601/asr6601_at_lorawan/tools/toolchain/bin/../lib/gcc/arm-none-eabi/9.3.1/thumb/v7e-m/nofp\libgcc.a(_arm_fixdfsi.o)
                              ./objects/printf-stdarg.o (__aeabi_d2iz)
d:/asr6601/asr6601_at_lorawan/tools/toolchain/bin/../lib/gcc/arm-none-eabi/9.3.1/thumb/v7e-m/nofp\libgcc.a(_arm_fixunsdfsi.o)
                              ./objects/printf-stdarg.o (__aeabi_d2uiz)
d:/asr6601/asr6601_at_lorawan/tools/toolchain/bin/../lib/gcc/arm-none-eabi/9.3.1/thumb/v7e-m/nofp\libgcc.a(_aeabi_uldivmod.o)
                              ./objects/printf-stdarg.o (__aeabi_uldivmod)
d:/asr6601/asr6601_at_lorawan/tools/toolchain/bin/../lib/gcc/arm-none-eabi/9.3.1/thumb/v7e-m/nofp\libgcc.a(_fixunsdfdi.o)
                              ./objects/rtc-board.o (__aeabi_d2ulz)
d:/asr6601/asr6601_at_lorawan/tools/toolchain/bin/../lib/gcc/arm-none-eabi/9.3.1/thumb/v7e-m/nofp\libgcc.a(_udivmoddi4.o)
                              d:/asr6601/asr6601_at_lorawan/tools/toolchain/bin/../lib/gcc/arm-none-eabi/9.3.1/thumb/v7e-m/nofp\libgcc.a(_aeabi_uldivmod.o) (__udivmoddi4)
d:/asr6601/asr6601_at_lorawan/tools/toolchain/bin/../lib/gcc/arm-none-eabi/9.3.1/thumb/v7e-m/nofp\libgcc.a(_dvmd_tls.o)
                              d:/asr6601/asr6601_at_lorawan/tools/toolchain/bin/../lib/gcc/arm-none-eabi/9.3.1/thumb/v7e-m/nofp\libgcc.a(_aeabi_uldivmod.o) (__aeabi_ldiv0)
d:/asr6601/asr6601_at_lorawan/tools/toolchain/bin/../lib/gcc/arm-none-eabi/9.3.1/../../../../arm-none-eabi/lib/thumb/v7e-m/nofp\libc.a(lib_a-exit.o)
                              d:/asr6601/asr6601_at_lorawan/tools/toolchain/bin/../lib/gcc/arm-none-eabi/9.3.1/../../../../arm-none-eabi/lib/thumb/v7e-m/nofp/crt0.o (exit)
d:/asr6601/asr6601_at_lorawan/tools/toolchain/bin/../lib/gcc/arm-none-eabi/9.3.1/../../../../arm-none-eabi/lib/thumb/v7e-m/nofp\libc.a(lib_a-impure.o)
                              d:/asr6601/asr6601_at_lorawan/tools/toolchain/bin/../lib/gcc/arm-none-eabi/9.3.1/../../../../arm-none-eabi/lib/thumb/v7e-m/nofp\libc.a(lib_a-exit.o) (_global_impure_ptr)
d:/asr6601/asr6601_at_lorawan/tools/toolchain/bin/../lib/gcc/arm-none-eabi/9.3.1/../../../../arm-none-eabi/lib/thumb/v7e-m/nofp\libc.a(lib_a-init.o)
                              d:/asr6601/asr6601_at_lorawan/tools/toolchain/bin/../lib/gcc/arm-none-eabi/9.3.1/../../../../arm-none-eabi/lib/thumb/v7e-m/nofp/crt0.o (__libc_init_array)
d:/asr6601/asr6601_at_lorawan/tools/toolchain/bin/../lib/gcc/arm-none-eabi/9.3.1/../../../../arm-none-eabi/lib/thumb/v7e-m/nofp\libc.a(lib_a-memcpy.o)
                              ../../../../../drivers/crypto/lib/libcrypto.a(aes.o) (memcpy)
d:/asr6601/asr6601_at_lorawan/tools/toolchain/bin/../lib/gcc/arm-none-eabi/9.3.1/../../../../arm-none-eabi/lib/thumb/v7e-m/nofp\libc.a(lib_a-memset.o)
                              d:/asr6601/asr6601_at_lorawan/tools/toolchain/bin/../lib/gcc/arm-none-eabi/9.3.1/../../../../arm-none-eabi/lib/thumb/v7e-m/nofp/crt0.o (memset)
d:/asr6601/asr6601_at_lorawan/tools/toolchain/bin/../lib/gcc/arm-none-eabi/9.3.1/../../../../arm-none-eabi/lib/thumb/v7e-m/nofp\libc.a(lib_a-__call_atexit.o)
                              d:/asr6601/asr6601_at_lorawan/tools/toolchain/bin/../lib/gcc/arm-none-eabi/9.3.1/../../../../arm-none-eabi/lib/thumb/v7e-m/nofp\libc.a(lib_a-exit.o) (__call_exitprocs)
d:/asr6601/asr6601_at_lorawan/tools/toolchain/bin/../lib/gcc/arm-none-eabi/9.3.1/../../../../arm-none-eabi/lib/thumb/v7e-m/nofp\libc.a(lib_a-atexit.o)
                              d:/asr6601/asr6601_at_lorawan/tools/toolchain/bin/../lib/gcc/arm-none-eabi/9.3.1/../../../../arm-none-eabi/lib/thumb/v7e-m/nofp\libc.a(lib_a-__call_atexit.o) (atexit)
d:/asr6601/asr6601_at_lorawan/tools/toolchain/bin/../lib/gcc/arm-none-eabi/9.3.1/../../../../arm-none-eabi/lib/thumb/v7e-m/nofp\libc.a(lib_a-fini.o)
                              d:/asr6601/asr6601_at_lorawan/tools/toolchain/bin/../lib/gcc/arm-none-eabi/9.3.1/../../../../arm-none-eabi/lib/thumb/v7e-m/nofp\libc.a(lib_a-__call_atexit.o) (__libc_fini_array)
[...]
Memory Configuration

Name             Origin             Length             Attributes
FLASH            0x08000000         0x00020000         xr
RAM              0x20000000         0x00004000         xrw
*default*        0x00000000         0xffffffff

Linker script and memory map

LOAD d:/asr6601/asr6601_at_lorawan/tools/toolchain/bin/../lib/gcc/arm-none-eabi/9.3.1/thumb/v7e-m/nofp/crti.o
LOAD d:/asr6601/asr6601_at_lorawan/tools/toolchain/bin/../lib/gcc/arm-none-eabi/9.3.1/thumb/v7e-m/nofp/crtbegin.o
LOAD d:/asr6601/asr6601_at_lorawan/tools/toolchain/bin/../lib/gcc/arm-none-eabi/9.3.1/../../../../arm-none-eabi/lib/thumb/v7e-m/nofp/crt0.o
LOAD ./objects/printf-stdarg.o
LOAD ./objects/system_cm4.o
LOAD ./objects/startup_cm4.o
LOAD ./objects/tremo_adc.o
LOAD ./objects/tremo_bstimer.o
LOAD ./objects/tremo_crc.o
LOAD ./objects/tremo_dac.o
LOAD ./objects/tremo_delay.o
LOAD ./objects/tremo_dma.o
LOAD ./objects/tremo_flash.o
LOAD ./objects/tremo_gpio.o
LOAD ./objects/tremo_i2c.o
LOAD ./objects/tremo_i2s.o
LOAD ./objects/tremo_iwdg.o
LOAD ./objects/tremo_lcd.o
LOAD ./objects/tremo_lptimer.o
LOAD ./objects/tremo_lpuart.o
LOAD ./objects/tremo_pwr.o
LOAD ./objects/tremo_rcc.o
LOAD ./objects/tremo_rtc.o
LOAD ./objects/tremo_spi.o
LOAD ./objects/tremo_system.o
LOAD ./objects/tremo_timer.o
LOAD ./objects/tremo_uart.o
LOAD ./objects/tremo_wdg.o
LOAD ./objects/delay.o
LOAD ./objects/timer.o
LOAD ./objects/cmac.o
LOAD ./objects/radio.o
LOAD ./objects/sx126x.o
LOAD ./objects/rtc-board.o
LOAD ./objects/sx1262-board.o
LOAD ./objects/utilities.o
LOAD ./objects/loramac.o
LOAD ./objects/loramacclassb.o
LOAD ./objects/loramacconfirmqueue.o
LOAD ./objects/loramaccrypto.o
LOAD ./objects/region.o
LOAD ./objects/regioncommon.o
LOAD ./objects/regionas923.o
LOAD ./objects/classa.o
LOAD ./objects/main.o
LOAD ./objects/tremo_it.o
LOAD ../../../../../drivers/crypto/lib/libcrypto.a
START GROUP
LOAD d:/asr6601/asr6601_at_lorawan/tools/toolchain/bin/../lib/gcc/arm-none-eabi/9.3.1/thumb/v7e-m/nofp\libgcc.a
LOAD d:/asr6601/asr6601_at_lorawan/tools/toolchain/bin/../lib/gcc/arm-none-eabi/9.3.1/../../../../arm-none-eabi/lib/thumb/v7e-m/nofp\libc.a
END GROUP
LOAD d:/asr6601/asr6601_at_lorawan/tools/toolchain/bin/../lib/gcc/arm-none-eabi/9.3.1/thumb/v7e-m/nofp/crtend.o
LOAD d:/asr6601/asr6601_at_lorawan/tools/toolchain/bin/../lib/gcc/arm-none-eabi/9.3.1/thumb/v7e-m/nofp/crtn.o
                0x20004000                _estack = 0x20004000
                0x00000000                _HEAP_SIZE = 0x0
                0x00001000                _STACK_SIZE = 0x1000

.isr_vector     0x08000000       0xd4
                0x08000000                . = ALIGN (0x4)
 *(.isr_vector)
 .isr_vector    0x08000000       0xd4 ./objects/startup_cm4.o
                0x08000000                g_pfnVectors
                0x080000d4                . = ALIGN (0x4)

.text           0x080000d8     0x98fc
                0x080000d8                . = ALIGN (0x4)
 *(.text)
 .text          0x080000d8       0x40 d:/asr6601/asr6601_at_lorawan/tools/toolchain/bin/../lib/gcc/arm-none-eabi/9.3.1/thumb/v7e-m/nofp/crtbegin.o
 .text          0x08000118      0x1ec ../../../../../drivers/crypto/lib/libcrypto.a(aes.o)
                0x08000118                aes_init
                0x08000228                aes_crypto
                0x080002cc                aes_close
 .text          0x08000304      0x378 d:/asr6601/asr6601_at_lorawan/tools/toolchain/bin/../lib/gcc/arm-none-eabi/9.3.1/thumb/v7e-m/nofp\libgcc.a(_arm_addsubdf3.o)
                0x08000304                __aeabi_drsub
                0x0800030c                __aeabi_dsub
                0x0800030c                __subdf3
                0x08000310                __aeabi_dadd
                0x08000310                __adddf3
                0x08000588                __floatunsidf
                0x08000588                __aeabi_ui2d
                0x080005a8                __floatsidf
                0x080005a8                __aeabi_i2d
                0x080005cc                __aeabi_f2d
                0x080005cc                __extendsfdf2
                0x08000610                __floatundidf
                0x08000610                __aeabi_ul2d
                0x08000620                __floatdidf
                0x08000620                __aeabi_l2d
 .text          0x0800067c      0x424 d:/asr6601/asr6601_at_lorawan/tools/toolchain/bin/../lib/gcc/arm-none-eabi/9.3.1/thumb/v7e-m/nofp\libgcc.a(_arm_muldivdf3.o)
                0x0800067c                __aeabi_dmul
                0x0800067c                __muldf3
                0x080008d0                __divdf3
                0x080008d0                __aeabi_ddiv
 .text          0x08000aa0      0x110 d:/asr6601/asr6601_at_lorawan/tools/toolchain/bin/../lib/gcc/arm-none-eabi/9.3.1/thumb/v7e-m/nofp\libgcc.a(_arm_cmpdf2.o)
                0x08000aa0                __gtdf2
                0x08000aa0                __gedf2
                0x08000aa8                __ltdf2
                0x08000aa8                __ledf2
                0x08000ab0                __nedf2
                0x08000ab0                __eqdf2
                0x08000ab0                __cmpdf2
                0x08000b2c                __aeabi_cdrcmple
                0x08000b3c                __aeabi_cdcmpeq
                0x08000b3c                __aeabi_cdcmple
                0x08000b4c                __aeabi_dcmpeq
                0x08000b60                __aeabi_dcmplt
                0x08000b74                __aeabi_dcmple
                0x08000b88                __aeabi_dcmpge
                0x08000b9c                __aeabi_dcmpgt
 .text          0x08000bb0       0x50 d:/asr6601/asr6601_at_lorawan/tools/toolchain/bin/../lib/gcc/arm-none-eabi/9.3.1/thumb/v7e-m/nofp\libgcc.a(_arm_fixdfsi.o)
                0x08000bb0                __aeabi_d2iz
                0x08000bb0                __fixdfsi
 .text          0x08000c00       0x40 d:/asr6601/asr6601_at_lorawan/tools/toolchain/bin/../lib/gcc/arm-none-eabi/9.3.1/thumb/v7e-m/nofp\libgcc.a(_arm_fixunsdfsi.o)
                0x08000c00                __aeabi_d2uiz
                0x08000c00                __fixunsdfsi
 .text          0x08000c40       0x30 d:/asr6601/asr6601_at_lorawan/tools/toolchain/bin/../lib/gcc/arm-none-eabi/9.3.1/thumb/v7e-m/nofp\libgcc.a(_aeabi_uldivmod.o)
                0x08000c40                __aeabi_uldivmod
 .text          0x08000c70       0x3c d:/asr6601/asr6601_at_lorawan/tools/toolchain/bin/../lib/gcc/arm-none-eabi/9.3.1/thumb/v7e-m/nofp\libgcc.a(_fixunsdfdi.o)
                0x08000c70                __fixunsdfdi
                0x08000c70                __aeabi_d2ulz
 .text          0x08000cac      0x2c0 d:/asr6601/asr6601_at_lorawan/tools/toolchain/bin/../lib/gcc/arm-none-eabi/9.3.1/thumb/v7e-m/nofp\libgcc.a(_udivmoddi4.o)
                0x08000cac                __udivmoddi4
 .text          0x08000f6c        0x4 d:/asr6601/asr6601_at_lorawan/tools/toolchain/bin/../lib/gcc/arm-none-eabi/9.3.1/thumb/v7e-m/nofp\libgcc.a(_dvmd_tls.o)
                0x08000f6c                __aeabi_idiv0
                0x08000f6c                __aeabi_ldiv0
 .text          0x08000f70      0x134 d:/asr6601/asr6601_at_lorawan/tools/toolchain/bin/../lib/gcc/arm-none-eabi/9.3.1/../../../../arm-none-eabi/lib/thumb/v7e-m/nofp\libc.a(lib_a-memcpy.o)
                0x08000f70                memcpy
 *(.text*)
 .text._out_null
                0x080010a4        0x2 ./objects/printf-stdarg.o
 .text._out_rev
                0x080010a6       0x96 ./objects/printf-stdarg.o
 .text._ntoa_format
                0x0800113c      0x10a ./objects/printf-stdarg.o
 .text._ntoa_long
                0x08001246       0x82 ./objects/printf-stdarg.o
 .text._ntoa_long_long
                0x080012c8       0xa6 ./objects/printf-stdarg.o
 *fill*         0x0800136e        0x2 
 .text._out_char
                0x08001370       0x10 ./objects/printf-stdarg.o
 .text._ftoa    0x08001380      0x32c ./objects/printf-stdarg.o
 *fill*         0x080016ac        0x4 
 .text._etoa    0x080016b0      0x3b8 ./objects/printf-stdarg.o
 .text._vsnprintf
                0x08001a68      0x550 ./objects/printf-stdarg.o
 .text.__wrap_printf
                0x08001fb8       0x28 ./objects/printf-stdarg.o
                0x08001fb8                __wrap_printf
 .text.nvic_init
                0x08001fe0       0x24 ./objects/system_cm4.o
                0x08001fe0                nvic_init
 .text.system_init
                0x08002004       0x44 ./objects/system_cm4.o
                0x08002004                system_init
 .text.Reset_Handler
                0x08002048       0x48 ./objects/startup_cm4.o
                0x08002048                Reset_Handler
 .text.Default_Handler
                0x08002090        0x2 ./objects/startup_cm4.o
                0x08002090                GPIO_IRQHandler
                0x08002090                SCC_IRQHandler
                0x08002090                TIMER2_IRQHandler
                0x08002090                EFC_IRQHandler
                0x08002090                I2C0_IRQHandler
                0x08002090                SAC_IRQHandler
                0x08002090                I2C1_IRQHandler
                0x08002090                UART1_IRQHandler
                0x08002090                BSTIMER0_IRQHandler
                0x08002090                TIMER3_IRQHandler
                0x08002090                UART0_IRQHandler
                0x08002090                SEC_IRQHandler
                0x08002090                WDG_IRQHandler
                0x08002090                LPTIMER1_IRQHandler
                0x08002090                LPTIMER0_IRQHandler
                0x08002090                SSP0_IRQHandler
                0x08002090                I2S_IRQHandler
                0x08002090                I2C2_IRQHandler
                0x08002090                TIMER0_IRQHandler
                0x08002090                LCD_IRQHandler
                0x08002090                LPUART_IRQHandler
                0x08002090                TIMER1_IRQHandler
                0x08002090                UART2_IRQHandler
                0x08002090                Default_Handler
                0x08002090                ADC_IRQHandler
                0x08002090                SSP1_IRQHandler
                0x08002090                DMA0_IRQHandler
                0x08002090                IWDG_IRQHandler
                0x08002090                SSP2_IRQHandler
                0x08002090                BSTIMER1_IRQHandler
                0x08002090                DAC_IRQHandler
                0x08002090                AFEC_IRQHandler
                0x08002090                UART3_IRQHandler
                0x08002090                QSPI_IRQHandler
                0x08002090                DMA1_IRQHandler
 *fill*         0x08002092        0x2 
 .text.read_write_adc_afec
                0x08002094       0x34 ./objects/tremo_adc.o
                0x08002094                read_write_adc_afec
 .text.adc_init
                0x080020c8       0x18 ./objects/tremo_adc.o
                0x080020c8                adc_init
 .text.adc_start
                0x080020e0       0x2c ./objects/tremo_adc.o
                0x080020e0                adc_start
 .text.adc_enable
                0x0800210c       0x28 ./objects/tremo_adc.o
                0x0800210c                adc_enable
 .text.adc_config_clock_division
                0x08002134       0x20 ./objects/tremo_adc.o
                0x08002134                adc_config_clock_division
 .text.adc_config_conv_mode
                0x08002154       0x18 ./objects/tremo_adc.o
                0x08002154                adc_config_conv_mode
 .text.adc_config_sample_sequence
                0x0800216c       0x2c ./objects/tremo_adc.o
                0x0800216c                adc_config_sample_sequence
 .text.adc_get_interrupt_status
                0x08002198       0x14 ./objects/tremo_adc.o
                0x08002198                adc_get_interrupt_status
 .text.adc_get_data
                0x080021ac       0x10 ./objects/tremo_adc.o
                0x080021ac                adc_get_data
 .text.adc_get_calibration_value
                0x080021bc       0x78 ./objects/tremo_adc.o
                0x080021bc                adc_get_calibration_value
 .text.adc_config_ref_voltage
                0x08002234       0x20 ./objects/tremo_adc.o
                0x08002234                adc_config_ref_voltage
 .text.delay_init
                0x08002254       0x48 ./objects/tremo_delay.o
                0x08002254                delay_init
 .text.delay_us
                0x0800229c       0x30 ./objects/tremo_delay.o
                0x0800229c                delay_us
 .text.delay_ms
                0x080022cc        0xa ./objects/tremo_delay.o
                0x080022cc                delay_ms
 *fill*         0x080022d6        0x2 
 .text.flash_erase_page
                0x080022d8       0x64 ./objects/tremo_flash.o
                0x080022d8                flash_erase_page
 .text.flash_program_bytes
                0x0800233c       0xb4 ./objects/tremo_flash.o
                0x0800233c                flash_program_bytes
 .text.gpio_init
                0x080023f0      0x128 ./objects/tremo_gpio.o
                0x080023f0                gpio_init
 .text.gpio_write
                0x08002518       0x18 ./objects/tremo_gpio.o
                0x08002518                gpio_write
 .text.gpio_set_iomux
                0x08002530       0x40 ./objects/tremo_gpio.o
                0x08002530                gpio_set_iomux
 .text.deepsleep
                0x08002570       0xc0 ./objects/tremo_pwr.o
                0x08002570                deepsleep
 .text.pwr_deepsleep_wfi
                0x08002630        0x6 ./objects/tremo_pwr.o
                0x08002630                pwr_deepsleep_wfi
 *fill*         0x08002636        0x2 
 .text.pwr_xo32k_lpm_cmd
                0x08002638       0x18 ./objects/tremo_pwr.o
                0x08002638                pwr_xo32k_lpm_cmd
 .text.rcc_get_clk_freq
                0x08002650       0x9c ./objects/tremo_rcc.o
                0x08002650                rcc_get_clk_freq
 .text.rcc_set_adc_clk_source
                0x080026ec       0x28 ./objects/tremo_rcc.o
                0x080026ec                rcc_set_adc_clk_source
 .text.rcc_get_uart0_clk_source
                0x08002714        0xc ./objects/tremo_rcc.o
                0x08002714                rcc_get_uart0_clk_source
 .text.rcc_get_uart1_clk_source
                0x08002720        0xc ./objects/tremo_rcc.o
                0x08002720                rcc_get_uart1_clk_source
 .text.rcc_get_uart2_clk_source
                0x0800272c        0xc ./objects/tremo_rcc.o
                0x0800272c                rcc_get_uart2_clk_source
 .text.rcc_get_uart3_clk_source
                0x08002738        0xc ./objects/tremo_rcc.o
                0x08002738                rcc_get_uart3_clk_source
 .text.rcc_get_rtc_clk_source
                0x08002744        0xc ./objects/tremo_rcc.o
                0x08002744                rcc_get_rtc_clk_source
 .text.rcc_enable_peripheral_clk
                0x08002750      0x4b4 ./objects/tremo_rcc.o
                0x08002750                rcc_enable_peripheral_clk
 .text.rcc_enable_oscillator
                0x08002c04       0xfc ./objects/tremo_rcc.o
                0x08002c04                rcc_enable_oscillator
 .text.rcc_rst_peripheral
                0x08002d00       0x4a ./objects/tremo_rcc.o
                0x08002d00                rcc_rst_peripheral
 .text.rtc_deinit
                0x08002d4a       0x1e ./objects/tremo_rtc.o
                0x08002d4a                rtc_deinit
 .text.rtc_check_syn
                0x08002d68       0x14 ./objects/tremo_rtc.o
                0x08002d68                rtc_check_syn
 .text.rtc_calendar_cmd
                0x08002d7c       0x20 ./objects/tremo_rtc.o
                0x08002d7c                rtc_calendar_cmd
 .text.rtc_cyc_cmd
                0x08002d9c       0x20 ./objects/tremo_rtc.o
                0x08002d9c                rtc_cyc_cmd
 .text.rtc_config_cyc_wakeup
                0x08002dbc       0x24 ./objects/tremo_rtc.o
                0x08002dbc                rtc_config_cyc_wakeup
 .text.rtc_get_calendar
                0x08002de0       0xdc ./objects/tremo_rtc.o
                0x08002de0                rtc_get_calendar
 .text.rtc_set_status
                0x08002ebc       0x30 ./objects/tremo_rtc.o
                0x08002ebc                rtc_set_status
 .text.rtc_get_status
                0x08002eec       0x38 ./objects/tremo_rtc.o
                0x08002eec                rtc_get_status
 .text.rtc_config_interrupt
                0x08002f24       0x38 ./objects/tremo_rtc.o
                0x08002f24                rtc_config_interrupt
 .text.rtc_config_cyc_max
                0x08002f5c       0x14 ./objects/tremo_rtc.o
                0x08002f5c                rtc_config_cyc_max
 .text.uart_send_data
                0x08002f70        0xa ./objects/tremo_uart.o
                0x08002f70                uart_send_data
 .text.uart_config_init
                0x08002f7a       0x16 ./objects/tremo_uart.o
                0x08002f7a                uart_config_init
 .text.uart_cmd
                0x08002f90       0x12 ./objects/tremo_uart.o
                0x08002f90                uart_cmd
 *fill*         0x08002fa2        0x2 
 .text.uart_init
                0x08002fa4      0x140 ./objects/tremo_uart.o
                0x08002fa4                uart_init
 .text.DelayMs  0x080030e4        0x4 ./objects/delay.o
                0x080030e4                DelayMs
 .text.TimeStampsUpdate
                0x080030e8       0x2c ./objects/timer.o
 .text.TimerInsertNewHeadTimer
                0x08003114       0x1c ./objects/timer.o
 .text.TimerSetSysTime
                0x08003130       0x30 ./objects/timer.o
                0x08003130                TimerSetSysTime
 .text.TimerInit
                0x08003160        0xe ./objects/timer.o
                0x08003160                TimerInit
 *fill*         0x0800316e        0x2 
 .text.TimerStart
                0x08003170       0x78 ./objects/timer.o
                0x08003170                TimerStart
 .text.TimerIrqHandler
                0x080031e8       0x68 ./objects/timer.o
                0x080031e8                TimerIrqHandler
 .text.TimerStop
                0x08003250       0x60 ./objects/timer.o
                0x08003250                TimerStop
 .text.TimerSetValue
                0x080032b0       0x10 ./objects/timer.o
                0x080032b0                TimerSetValue
 .text.TimerGetCurrentTime
                0x080032c0       0x18 ./objects/timer.o
                0x080032c0                TimerGetCurrentTime
 .text.TimerGetSysTime
                0x080032d8       0x2c ./objects/timer.o
                0x080032d8                TimerGetSysTime
 .text.TimerGetElapsedTime
                0x08003304       0x12 ./objects/timer.o
                0x08003304                TimerGetElapsedTime
 *fill*         0x08003316        0x2 
 .text.TimerLowPowerHandler
                0x08003318       0x20 ./objects/timer.o
                0x08003318                TimerLowPowerHandler
 .text.AES_CMAC_Init
                0x08003338       0x14 ./objects/cmac.o
                0x08003338                AES_CMAC_Init
 .text.AES_CMAC_SetKey
                0x0800334c        0xc ./objects/cmac.o
                0x0800334c                AES_CMAC_SetKey
 .text.AES_CMAC_Update
                0x08003358       0xb0 ./objects/cmac.o
                0x08003358                AES_CMAC_Update
 .text.AES_CMAC_Final
                0x08003408      0x15e ./objects/cmac.o
                0x08003408                AES_CMAC_Final
 .text.RadioCheckRfFrequency
                0x08003566        0x4 ./objects/radio.o
                0x08003566                RadioCheckRfFrequency
 *fill*         0x0800356a        0x2 
 .text.RadioOnTxTimeoutIrq
                0x0800356c       0x14 ./objects/radio.o
                0x0800356c                RadioOnTxTimeoutIrq
 .text.RadioOnRxTimeoutIrq
                0x08003580       0x14 ./objects/radio.o
                0x08003580                RadioOnRxTimeoutIrq
 .text.RadioStandby
                0x08003594        0x6 ./objects/radio.o
                0x08003594                RadioStandby
 *fill*         0x0800359a        0x2 
 .text.RadioInit
                0x0800359c       0x6c ./objects/radio.o
                0x0800359c                RadioInit
 .text.RadioGetStatus
                0x08003608       0x18 ./objects/radio.o
                0x08003608                RadioGetStatus
 .text.RadioSetChannel
                0x08003620        0x4 ./objects/radio.o
                0x08003620                RadioSetChannel
 .text.RadioRssi
                0x08003624        0xa ./objects/radio.o
                0x08003624                RadioRssi
 .text.RadioSyncWord
                0x0800362e       0x14 ./objects/radio.o
                0x0800362e                RadioSyncWord
 .text.RadioRead
                0x08003642        0x4 ./objects/radio.o
                0x08003642                RadioRead
 .text.RadioWrite
                0x08003646        0x4 ./objects/radio.o
                0x08003646                RadioWrite
 *fill*         0x0800364a        0x2 
 .text.RadioSend
                0x0800364c       0x54 ./objects/radio.o
                0x0800364c                RadioSend
 .text.RadioSleep
                0x080036a0       0x14 ./objects/radio.o
                0x080036a0                RadioSleep
 .text.RadioSetRxDutyCycle
                0x080036b4        0x4 ./objects/radio.o
                0x080036b4                RadioSetRxDutyCycle
 .text.RadioStartCad
                0x080036b8       0x6c ./objects/radio.o
                0x080036b8                RadioStartCad
 .text.RadioSetTxContinuousWave
                0x08003724       0x4c ./objects/radio.o
                0x08003724                RadioSetTxContinuousWave
 .text.RadioWriteBuffer
                0x08003770        0x4 ./objects/radio.o
                0x08003770                RadioWriteBuffer
 .text.RadioReadBuffer
                0x08003774        0x4 ./objects/radio.o
                0x08003774                RadioReadBuffer
 .text.RadioGetWakeupTime
                0x08003778        0xa ./objects/radio.o
                0x08003778                RadioGetWakeupTime
 *fill*         0x08003782        0x2 
 .text.RadioOnCadTimeoutIrq
                0x08003784       0x20 ./objects/radio.o
                0x08003784                RadioOnCadTimeoutIrq
 .text.RadioGetFskBandwidthRegValue
                0x080037a4       0x34 ./objects/radio.o
 .text.RadioSetMaxPayloadLength
                0x080037d8       0x28 ./objects/radio.o
                0x080037d8                RadioSetMaxPayloadLength
 .text.RadioRx  0x08003800       0x44 ./objects/radio.o
                0x08003800                RadioRx
 .text.RadioRxBoosted
                0x08003844       0x40 ./objects/radio.o
                0x08003844                RadioRxBoosted
 .text.RadioIrqProcess
                0x08003884      0x160 ./objects/radio.o
                0x08003884                RadioIrqProcess
 .text.RadioSetPublicNetwork
                0x080039e4       0x3c ./objects/radio.o
                0x080039e4                RadioSetPublicNetwork
 .text.RadioSetModem.part.0
                0x08003a20       0x24 ./objects/radio.o
 .text.RadioSetModem
                0x08003a44       0x20 ./objects/radio.o
                0x08003a44                RadioSetModem
 .text.RadioIsChannelFree
                0x08003a64       0x4e ./objects/radio.o
                0x08003a64                RadioIsChannelFree
 .text.RadioRandom
                0x08003ab2       0x3c ./objects/radio.o
                0x08003ab2                RadioRandom
 *fill*         0x08003aee        0x2 
 .text.RadioSymbTime
                0x08003af0       0x2c ./objects/radio.o
                0x08003af0                RadioSymbTime
 *fill*         0x08003b1c        0x4 
 .text.RadioSetRxConfig
                0x08003b20      0x21c ./objects/radio.o
                0x08003b20                RadioSetRxConfig
 *fill*         0x08003d3c        0x4 
 .text.RadioSetTxConfig
                0x08003d40      0x198 ./objects/radio.o
                0x08003d40                RadioSetTxConfig
 .text.RadioTimeOnAir
                0x08003ed8      0x190 ./objects/radio.o
                0x08003ed8                RadioTimeOnAir
 .text.RadioOnDioIrq
                0x08004068       0x24 ./objects/radio.o
                0x08004068                RadioOnDioIrq
 .text.SX126xGetOperatingMode
                0x0800408c        0xc ./objects/sx126x.o
                0x0800408c                SX126xGetOperatingMode
 .text.SX126xSetOperatingMode
                0x08004098        0xc ./objects/sx126x.o
                0x08004098                SX126xSetOperatingMode
 .text.SX126xCheckDeviceReady
                0x080040a4       0x38 ./objects/sx126x.o
                0x080040a4                SX126xCheckDeviceReady
 .text.SX126xSetPayload
                0x080040dc        0xa ./objects/sx126x.o
                0x080040dc                SX126xSetPayload
 .text.SX126xSetSyncWord
                0x080040e6       0x10 ./objects/sx126x.o
                0x080040e6                SX126xSetSyncWord
 *fill*         0x080040f6        0x2 
 .text.SX126xSetCrcSeed
                0x080040f8       0x24 ./objects/sx126x.o
                0x080040f8                SX126xSetCrcSeed
 .text.SX126xSetCrcPolynomial
                0x0800411c       0x24 ./objects/sx126x.o
                0x0800411c                SX126xSetCrcPolynomial
 .text.SX126xSetWhiteningSeed
                0x08004140       0x38 ./objects/sx126x.o
                0x08004140                SX126xSetWhiteningSeed
 .text.SX126xSetSleep
                0x08004178       0x24 ./objects/sx126x.o
                0x08004178                SX126xSetSleep
 .text.SX126xSetStandby
                0x0800419c       0x2c ./objects/sx126x.o
                0x0800419c                SX126xSetStandby
 .text.SX126xSetTx
                0x080041c8       0x2c ./objects/sx126x.o
                0x080041c8                SX126xSetTx
 .text.SX126xSendPayload
                0x080041f4       0x12 ./objects/sx126x.o
                0x080041f4                SX126xSendPayload
 *fill*         0x08004206        0x2 
 .text.SX126xSetRx
                0x08004208       0x2c ./objects/sx126x.o
                0x08004208                SX126xSetRx
 .text.SX126xSetRxBoosted
                0x08004234       0x38 ./objects/sx126x.o
                0x08004234                SX126xSetRxBoosted
 .text.SX126xSetRxDutyCycle
                0x0800426c       0x38 ./objects/sx126x.o
                0x0800426c                SX126xSetRxDutyCycle
 .text.SX126xSetCad
                0x080042a4       0x18 ./objects/sx126x.o
                0x080042a4                SX126xSetCad
 .text.SX126xSetTxContinuousWave
                0x080042bc        0xa ./objects/sx126x.o
                0x080042bc                SX126xSetTxContinuousWave
 .text.SX126xSetStopRxTimerOnPreambleDetect
                0x080042c6       0x18 ./objects/sx126x.o
                0x080042c6                SX126xSetStopRxTimerOnPreambleDetect
 .text.SX126xSetLoRaSymbNumTimeout
                0x080042de       0x18 ./objects/sx126x.o
                0x080042de                SX126xSetLoRaSymbNumTimeout
 .text.SX126xSetRegulatorMode
                0x080042f6       0x18 ./objects/sx126x.o
                0x080042f6                SX126xSetRegulatorMode
 *fill*         0x0800430e        0x2 
 .text.SX126xCalibrateImage
                0x08004310       0x64 ./objects/sx126x.o
                0x08004310                SX126xCalibrateImage
 .text.SX126xSetPaConfig
                0x08004374       0x24 ./objects/sx126x.o
                0x08004374                SX126xSetPaConfig
 .text.SX126xSetDioIrqParams
                0x08004398       0x2a ./objects/sx126x.o
                0x08004398                SX126xSetDioIrqParams
 .text.SX126xGetIrqStatus
                0x080043c2       0x1e ./objects/sx126x.o
                0x080043c2                SX126xGetIrqStatus
 .text.SX126xSetDio2AsRfSwitchCtrl
                0x080043e0       0x18 ./objects/sx126x.o
                0x080043e0                SX126xSetDio2AsRfSwitchCtrl
 .text.SX126xInit
                0x080043f8       0x28 ./objects/sx126x.o
                0x080043f8                SX126xInit
 .text.SX126xSetRfFrequency
                0x08004420       0x4c ./objects/sx126x.o
                0x08004420                SX126xSetRfFrequency
 .text.SX126xSetPacketType
                0x0800446c       0x20 ./objects/sx126x.o
                0x0800446c                SX126xSetPacketType
 .text.SX126xGetPacketType
                0x0800448c        0xc ./objects/sx126x.o
                0x0800448c                SX126xGetPacketType
 .text.SX126xSetTxParams
                0x08004498       0xbc ./objects/sx126x.o
                0x08004498                SX126xSetTxParams
 *fill*         0x08004554        0x4 
 .text.SX126xSetModulationParams
                0x08004558       0xb4 ./objects/sx126x.o
                0x08004558                SX126xSetModulationParams
 .text.SX126xSetPacketParams
                0x0800460c       0xac ./objects/sx126x.o
                0x0800460c                SX126xSetPacketParams
 .text.SX126xSetCadParams
                0x080046b8       0x3c ./objects/sx126x.o
                0x080046b8                SX126xSetCadParams
 .text.SX126xSetBufferBaseAddress
                0x080046f4       0x1a ./objects/sx126x.o
                0x080046f4                SX126xSetBufferBaseAddress
 .text.SX126xGetRssiInst
                0x0800470e       0x1a ./objects/sx126x.o
                0x0800470e                SX126xGetRssiInst
 .text.SX126xGetRxBufferStatus
                0x08004728       0x48 ./objects/sx126x.o
                0x08004728                SX126xGetRxBufferStatus
 .text.SX126xGetPayload
                0x08004770       0x32 ./objects/sx126x.o
                0x08004770                SX126xGetPayload
 *fill*         0x080047a2        0x2 
 .text.SX126xGetPacketStatus
                0x080047a4       0x80 ./objects/sx126x.o
                0x080047a4                SX126xGetPacketStatus
 .text.SX126xClearIrqStatus
                0x08004824       0x18 ./objects/sx126x.o
                0x08004824                SX126xClearIrqStatus
 .text.RtcInit  0x0800483c       0x30 ./objects/rtc-board.o
                0x0800483c                RtcInit
 .text.RtcSetTimeout
                0x0800486c       0x8c ./objects/rtc-board.o
                0x0800486c                RtcSetTimeout
 .text.RtcStopTimeout
                0x080048f8       0x14 ./objects/rtc-board.o
                0x080048f8                RtcStopTimeout
 .text.RtcGetTimerContext
                0x0800490c        0xc ./objects/rtc-board.o
                0x0800490c                RtcGetTimerContext
 .text.RtcGetTimerValue
                0x08004918      0x120 ./objects/rtc-board.o
                0x08004918                RtcGetTimerValue
 .text.RtcSetTimerContext
                0x08004a38       0x18 ./objects/rtc-board.o
                0x08004a38                RtcSetTimerContext
 .text.RtcGetElapsedTime
                0x08004a50       0x18 ./objects/rtc-board.o
                0x08004a50                RtcGetElapsedTime
 .text.RtcEnterLowPowerStopMode
                0x08004a68       0x20 ./objects/rtc-board.o
                0x08004a68                RtcEnterLowPowerStopMode
 .text.RtcOnIrq
                0x08004a88       0x32 ./objects/rtc-board.o
                0x08004a88                RtcOnIrq
 .text.BoardDisableIrq
                0x08004aba        0x4 ./objects/sx1262-board.o
                0x08004aba                BoardDisableIrq
 .text.BoardEnableIrq
                0x08004abe        0x4 ./objects/sx1262-board.o
                0x08004abe                BoardEnableIrq
 *fill*         0x08004ac2        0x2 
 .text.SpiInOut
                0x08004ac4       0x18 ./objects/sx1262-board.o
                0x08004ac4                SpiInOut
 .text.SX126xLoracInit
                0x08004adc       0x5c ./objects/sx1262-board.o
                0x08004adc                SX126xLoracInit
 .text.SX126xGetBoardTcxoWakeupTime
                0x08004b38        0x4 ./objects/sx1262-board.o
                0x08004b38                SX126xGetBoardTcxoWakeupTime
 .text.SX126xReset
                0x08004b3c       0x40 ./objects/sx1262-board.o
                0x08004b3c                SX126xReset
 .text.SX126xWaitOnBusy
                0x08004b7c       0x18 ./objects/sx1262-board.o
                0x08004b7c                SX126xWaitOnBusy
 .text.SX126xWakeup
                0x08004b94       0x30 ./objects/sx1262-board.o
                0x08004b94                SX126xWakeup
 .text.SX126xWriteCommand
                0x08004bc4       0x44 ./objects/sx1262-board.o
                0x08004bc4                SX126xWriteCommand
 .text.SX126xReadCommand
                0x08004c08       0x48 ./objects/sx1262-board.o
                0x08004c08                SX126xReadCommand
 .text.SX126xWriteRegisters
                0x08004c50       0x48 ./objects/sx1262-board.o
                0x08004c50                SX126xWriteRegisters
 .text.SX126xWriteRegister
                0x08004c98       0x16 ./objects/sx1262-board.o
                0x08004c98                SX126xWriteRegister
 *fill*         0x08004cae        0x2 
 .text.SX126xReadRegisters
                0x08004cb0       0x50 ./objects/sx1262-board.o
                0x08004cb0                SX126xReadRegisters
 .text.SX126xReadRegister
                0x08004d00       0x16 ./objects/sx1262-board.o
                0x08004d00                SX126xReadRegister
 *fill*         0x08004d16        0x2 
 .text.SX126xWriteBuffer
                0x08004d18       0x48 ./objects/sx1262-board.o
                0x08004d18                SX126xWriteBuffer
 .text.SX126xReadBuffer
                0x08004d60       0x50 ./objects/sx1262-board.o
                0x08004d60                SX126xReadBuffer
 .text.SX126xSetRfTxPower
                0x08004db0        0x6 ./objects/sx1262-board.o
                0x08004db0                SX126xSetRfTxPower
 .text.SX126xGetPaSelect
                0x08004db6        0x4 ./objects/sx1262-board.o
                0x08004db6                SX126xGetPaSelect
 *fill*         0x08004dba        0x2 
 .text.SX126xAntSwOn
                0x08004dbc       0x10 ./objects/sx1262-board.o
                0x08004dbc                SX126xAntSwOn
 .text.SX126xAntSwOff
                0x08004dcc       0x10 ./objects/sx1262-board.o
                0x08004dcc                SX126xAntSwOff
 .text.rand1    0x08004ddc       0x28 ./objects/utilities.o
                0x08004ddc                rand1
 .text.srand1   0x08004e04        0xc ./objects/utilities.o
                0x08004e04                srand1
 .text.randr    0x08004e10       0x1a ./objects/utilities.o
                0x08004e10                randr
 .text.memcpy1  0x08004e2a       0x14 ./objects/utilities.o
                0x08004e2a                memcpy1
 .text.memcpyr  0x08004e3e       0x14 ./objects/utilities.o
                0x08004e3e                memcpyr
 .text.memset1  0x08004e52        0xe ./objects/utilities.o
                0x08004e52                memset1
 .text.SetMlmeScheduleUplinkIndication
                0x08004e60       0x1c ./objects/loramac.o
 .text.AddMacCommand
                0x08004e7c      0x17c ./objects/loramac.o
 .text.ResetMacParameters
                0x08004ff8       0x8c ./objects/loramac.o
 .text.ValidatePayloadLength
                0x08005084       0x5c ./objects/loramac.o
 .text.OnAckTimeoutTimerEvent
                0x080050e0       0x44 ./objects/loramac.o
 .text.PrepareRxDoneAbort
                0x08005124       0x5c ./objects/loramac.o
 .text.ProcessMacCommands
                0x08005180      0x478 ./objects/loramac.o
 .text.OnRadioRxDone
                0x080055f8      0x5a8 ./objects/loramac.o
 .text.RxWindowSetup
                0x08005ba0       0x14 ./objects/loramac.o
 .text.OnRxWindow1TimerEvent
                0x08005bb4       0x74 ./objects/loramac.o
 .text.OnRxWindow2TimerEvent
                0x08005c28       0x74 ./objects/loramac.o
 .text.OpenContinuousRx2Window
                0x08005c9c       0x14 ./objects/loramac.o
 .text.OnRadioRxTimeout
                0x08005cb0       0xe0 ./objects/loramac.o
 .text.OnRadioTxTimeout
                0x08005d90       0x3c ./objects/loramac.o
 .text.OnRadioRxError
                0x08005dcc       0xe0 ./objects/loramac.o
 .text.OnRadioTxDone
                0x08005eac      0x128 ./objects/loramac.o
 .text.PrepareFrame
                0x08005fd4      0x38c ./objects/loramac.o
                0x08005fd4                PrepareFrame
 .text.SendFrameOnChannel
                0x08006360      0x114 ./objects/loramac.o
                0x08006360                SendFrameOnChannel
 .text.ScheduleTx
                0x08006474      0x1a4 ./objects/loramac.o
 .text.Send     0x08006618       0x44 ./objects/loramac.o
                0x08006618                Send
 .text.OnTxDelayedTimerEvent
                0x0800665c       0x7c ./objects/loramac.o
 .text.OnMacStateCheckTimerEvent
                0x080066d8      0x32c ./objects/loramac.o
 .text.SetTxContinuousWave
                0x08006a04       0x60 ./objects/loramac.o
                0x08006a04                SetTxContinuousWave
 .text.SetTxContinuousWave1
                0x08006a64       0x40 ./objects/loramac.o
                0x08006a64                SetTxContinuousWave1
 .text.LoRaMacInitialization
                0x08006aa4      0x2f8 ./objects/loramac.o
                0x08006aa4                LoRaMacInitialization
 .text.LoRaMacQueryTxPossible
                0x08006d9c       0xdc ./objects/loramac.o
                0x08006d9c                LoRaMacQueryTxPossible
 .text.LoRaMacMibGetRequestConfirm
                0x08006e78      0x150 ./objects/loramac.o
                0x08006e78                LoRaMacMibGetRequestConfirm
 .text.LoRaMacMulticastChannelLink
                0x08006fc8       0x40 ./objects/loramac.o
                0x08006fc8                LoRaMacMulticastChannelLink
 .text.LoRaMacMulticastChannelUnlink
                0x08007008       0x44 ./objects/loramac.o
                0x08007008                LoRaMacMulticastChannelUnlink
 .text.LoRaMacMibSetRequestConfirm
                0x0800704c      0x350 ./objects/loramac.o
                0x0800704c                LoRaMacMibSetRequestConfirm
 .text.LoRaMacMlmeRequest
                0x0800739c      0x218 ./objects/loramac.o
                0x0800739c                LoRaMacMlmeRequest
 .text.LoRaMacMcpsRequest
                0x080075b4      0x130 ./objects/loramac.o
                0x080075b4                LoRaMacMcpsRequest
 .text.LoRaMacClassBInit
                0x080076e4        0x2 ./objects/loramacclassb.o
                0x080076e4                LoRaMacClassBInit
 .text.LoRaMacClassBSetBeaconState
                0x080076e6        0x2 ./objects/loramacclassb.o
                0x080076e6                LoRaMacClassBSetBeaconState
 .text.LoRaMacClassBSetPingSlotState
                0x080076e8        0x2 ./objects/loramacclassb.o
                0x080076e8                LoRaMacClassBSetPingSlotState
 .text.LoRaMacClassBSetMulticastSlotState
                0x080076ea        0x2 ./objects/loramacclassb.o
                0x080076ea                LoRaMacClassBSetMulticastSlotState
 .text.LoRaMacClassBIsAcquisitionInProgress
                0x080076ec        0x4 ./objects/loramacclassb.o
                0x080076ec                LoRaMacClassBIsAcquisitionInProgress
 .text.LoRaMacClassBBeaconTimerEvent
                0x080076f0        0x2 ./objects/loramacclassb.o
                0x080076f0                LoRaMacClassBBeaconTimerEvent
 .text.LoRaMacClassBPingSlotTimerEvent
                0x080076f2        0x2 ./objects/loramacclassb.o
                0x080076f2                LoRaMacClassBPingSlotTimerEvent
 .text.LoRaMacClassBMulticastSlotTimerEvent
                0x080076f4        0x2 ./objects/loramacclassb.o
                0x080076f4                LoRaMacClassBMulticastSlotTimerEvent
 .text.LoRaMacClassBRxBeacon
                0x080076f6        0x4 ./objects/loramacclassb.o
                0x080076f6                LoRaMacClassBRxBeacon
 .text.LoRaMacClassBIsBeaconExpected
                0x080076fa        0x4 ./objects/loramacclassb.o
                0x080076fa                LoRaMacClassBIsBeaconExpected
 .text.LoRaMacClassBIsPingExpected
                0x080076fe        0x4 ./objects/loramacclassb.o
                0x080076fe                LoRaMacClassBIsPingExpected
 .text.LoRaMacClassBIsMulticastExpected
                0x08007702        0x4 ./objects/loramacclassb.o
                0x08007702                LoRaMacClassBIsMulticastExpected
 .text.LoRaMacClassBIsBeaconModeActive
                0x08007706        0x4 ./objects/loramacclassb.o
                0x08007706                LoRaMacClassBIsBeaconModeActive
 .text.LoRaMacClassBSetPingSlotInfo
                0x0800770a        0x2 ./objects/loramacclassb.o
                0x0800770a                LoRaMacClassBSetPingSlotInfo
 .text.LoRaMacClassBHaltBeaconing
                0x0800770c        0x2 ./objects/loramacclassb.o
                0x0800770c                LoRaMacClassBHaltBeaconing
 .text.LoRaMacClassBResumeBeaconing
                0x0800770e        0x2 ./objects/loramacclassb.o
                0x0800770e                LoRaMacClassBResumeBeaconing
 .text.LoRaMacClassBSwitchClass
                0x08007710        0x4 ./objects/loramacclassb.o
                0x08007710                LoRaMacClassBSwitchClass
 .text.LoRaMacClassBMibGetRequestConfirm
                0x08007714        0x4 ./objects/loramacclassb.o
                0x08007714                LoRaMacClassBMibGetRequestConfirm
 .text.LoRaMacMibClassBSetRequestConfirm
                0x08007718        0x4 ./objects/loramacclassb.o
                0x08007718                LoRaMacMibClassBSetRequestConfirm
 .text.LoRaMacClassBPingSlotInfoAns
                0x0800771c        0x2 ./objects/loramacclassb.o
                0x0800771c                LoRaMacClassBPingSlotInfoAns
 .text.LoRaMacClassBPingSlotChannelReq
                0x0800771e        0x4 ./objects/loramacclassb.o
                0x0800771e                LoRaMacClassBPingSlotChannelReq
 .text.LoRaMacClassBBeaconTimingAns
                0x08007722        0x2 ./objects/loramacclassb.o
                0x08007722                LoRaMacClassBBeaconTimingAns
 .text.LoRaMacClassBDeviceTimeAns
                0x08007724        0x2 ./objects/loramacclassb.o
                0x08007724                LoRaMacClassBDeviceTimeAns
 .text.LoRaMacClassBBeaconFreqReq
                0x08007726        0x4 ./objects/loramacclassb.o
                0x08007726                LoRaMacClassBBeaconFreqReq
 .text.LoRaMacClassBIsUplinkCollision
                0x0800772a        0x6 ./objects/loramacclassb.o
                0x0800772a                LoRaMacClassBIsUplinkCollision
 .text.LoRaMacClassBStopRxSlots
                0x08007730        0x2 ./objects/loramacclassb.o
                0x08007730                LoRaMacClassBStopRxSlots
 .text.LoRaMacClassBSetMulticastPeriodicity
                0x08007732        0x2 ./objects/loramacclassb.o
                0x08007732                LoRaMacClassBSetMulticastPeriodicity
 .text.LoRaMacConfirmQueueInit
                0x08007734       0x34 ./objects/loramacconfirmqueue.o
                0x08007734                LoRaMacConfirmQueueInit
 .text.LoRaMacConfirmQueueAdd
                0x08007768       0x44 ./objects/loramacconfirmqueue.o
                0x08007768                LoRaMacConfirmQueueAdd
 .text.LoRaMacConfirmQueueRemoveLast
                0x080077ac       0x28 ./objects/loramacconfirmqueue.o
                0x080077ac                LoRaMacConfirmQueueRemoveLast
 .text.LoRaMacConfirmQueueRemoveFirst
                0x080077d4       0x28 ./objects/loramacconfirmqueue.o
                0x080077d4                LoRaMacConfirmQueueRemoveFirst
 .text.LoRaMacConfirmQueueSetStatus
                0x080077fc       0x40 ./objects/loramacconfirmqueue.o
                0x080077fc                LoRaMacConfirmQueueSetStatus
 .text.LoRaMacConfirmQueueGetStatus
                0x0800783c       0x3c ./objects/loramacconfirmqueue.o
                0x0800783c                LoRaMacConfirmQueueGetStatus
 .text.LoRaMacConfirmQueueSetStatusCmn
                0x08007878       0x44 ./objects/loramacconfirmqueue.o
                0x08007878                LoRaMacConfirmQueueSetStatusCmn
 .text.LoRaMacConfirmQueueGetStatusCmn
                0x080078bc        0xc ./objects/loramacconfirmqueue.o
                0x080078bc                LoRaMacConfirmQueueGetStatusCmn
 .text.LoRaMacConfirmQueueIsCmdActive
                0x080078c8       0x38 ./objects/loramacconfirmqueue.o
                0x080078c8                LoRaMacConfirmQueueIsCmdActive
 .text.LoRaMacConfirmQueueHandleCb
                0x08007900       0x60 ./objects/loramacconfirmqueue.o
                0x08007900                LoRaMacConfirmQueueHandleCb
 .text.LoRaMacConfirmQueueGetCnt
                0x08007960        0xc ./objects/loramacconfirmqueue.o
                0x08007960                LoRaMacConfirmQueueGetCnt
 .text.LoRaMacConfirmQueueIsFull
                0x0800796c       0x14 ./objects/loramacconfirmqueue.o
                0x0800796c                LoRaMacConfirmQueueIsFull
 .text.LoRaMacComputeMic
                0x08007980       0x70 ./objects/loramaccrypto.o
                0x08007980                LoRaMacComputeMic
 .text.LoRaMacPayloadEncrypt
                0x080079f0       0xe0 ./objects/loramaccrypto.o
                0x080079f0                LoRaMacPayloadEncrypt
 .text.LoRaMacPayloadDecrypt
                0x08007ad0       0x10 ./objects/loramaccrypto.o
                0x08007ad0                LoRaMacPayloadDecrypt
 .text.LoRaMacJoinComputeMic
                0x08007ae0       0x3c ./objects/loramaccrypto.o
                0x08007ae0                LoRaMacJoinComputeMic
 .text.LoRaMacJoinDecrypt
                0x08007b1c       0x3e ./objects/loramaccrypto.o
                0x08007b1c                LoRaMacJoinDecrypt
 .text.LoRaMacJoinComputeSKeys
                0x08007b5a       0x86 ./objects/loramaccrypto.o
                0x08007b5a                LoRaMacJoinComputeSKeys
 .text.RegionIsActive
                0x08007be0        0x8 ./objects/region.o
                0x08007be0                RegionIsActive
 .text.RegionGetPhyParam
                0x08007be8       0x12 ./objects/region.o
                0x08007be8                RegionGetPhyParam
 .text.RegionSetBandTxDone
                0x08007bfa        0xa ./objects/region.o
                0x08007bfa                RegionSetBandTxDone
 .text.RegionInitDefaults
                0x08007c04        0xa ./objects/region.o
                0x08007c04                RegionInitDefaults
 .text.RegionVerify
                0x08007c0e       0x10 ./objects/region.o
                0x08007c0e                RegionVerify
 .text.RegionApplyCFList
                0x08007c1e        0xa ./objects/region.o
                0x08007c1e                RegionApplyCFList
 .text.RegionChanMaskSet
                0x08007c28        0xc ./objects/region.o
                0x08007c28                RegionChanMaskSet
 .text.RegionAdrNext
                0x08007c34       0x1e ./objects/region.o
                0x08007c34                RegionAdrNext
 .text.RegionComputeRxWindowParameters
                0x08007c52       0x1c ./objects/region.o
                0x08007c52                RegionComputeRxWindowParameters
 .text.RegionRxConfig
                0x08007c6e       0x10 ./objects/region.o
                0x08007c6e                RegionRxConfig
 .text.RegionTxConfig
                0x08007c7e       0x1c ./objects/region.o
                0x08007c7e                RegionTxConfig
 .text.RegionLinkAdrReq
                0x08007c9a       0x1e ./objects/region.o
                0x08007c9a                RegionLinkAdrReq
 .text.RegionRxParamSetupReq
                0x08007cb8        0xc ./objects/region.o
                0x08007cb8                RegionRxParamSetupReq
 .text.RegionNewChannelReq
                0x08007cc4        0xc ./objects/region.o
                0x08007cc4                RegionNewChannelReq
 .text.RegionTxParamSetupReq
                0x08007cd0        0xc ./objects/region.o
                0x08007cd0                RegionTxParamSetupReq
 .text.RegionDlChannelReq
                0x08007cdc        0xc ./objects/region.o
                0x08007cdc                RegionDlChannelReq
 .text.RegionAlternateDr
                0x08007ce8        0xc ./objects/region.o
                0x08007ce8                RegionAlternateDr
 .text.RegionCalcBackOff
                0x08007cf4        0xa ./objects/region.o
                0x08007cf4                RegionCalcBackOff
 .text.RegionNextChannel
                0x08007cfe       0x1e ./objects/region.o
                0x08007cfe                RegionNextChannel
 .text.RegionSetContinuousWave
                0x08007d1c        0xa ./objects/region.o
                0x08007d1c                RegionSetContinuousWave
 .text.RegionApplyDrOffset
                0x08007d26       0x1c ./objects/region.o
                0x08007d26                RegionApplyDrOffset
 *fill*         0x08007d42        0x2 
 .text.RegionCommonGetJoinDc
                0x08007d44       0x30 ./objects/regioncommon.o
                0x08007d44                RegionCommonGetJoinDc
 .text.RegionCommonChanVerifyDr
                0x08007d74       0x66 ./objects/regioncommon.o
                0x08007d74                RegionCommonChanVerifyDr
 .text.RegionCommonValueInRange
                0x08007dda       0x12 ./objects/regioncommon.o
                0x08007dda                RegionCommonValueInRange
 .text.RegionCommonChanDisable
                0x08007dec       0x32 ./objects/regioncommon.o
                0x08007dec                RegionCommonChanDisable
 .text.RegionCommonCountChannels
                0x08007e1e       0x3c ./objects/regioncommon.o
                0x08007e1e                RegionCommonCountChannels
 .text.RegionCommonChanMaskCopy
                0x08007e5a       0x1e ./objects/regioncommon.o
                0x08007e5a                RegionCommonChanMaskCopy
 .text.RegionCommonSetBandTxDone
                0x08007e78        0xe ./objects/regioncommon.o
                0x08007e78                RegionCommonSetBandTxDone
 .text.RegionCommonUpdateBandTimeOff
                0x08007e86      0x10a ./objects/regioncommon.o
                0x08007e86                RegionCommonUpdateBandTimeOff
 .text.RegionCommonParseLinkAdrReq
                0x08007f90       0x34 ./objects/regioncommon.o
                0x08007f90                RegionCommonParseLinkAdrReq
 .text.RegionCommonComputeSymbolTimeLoRa
                0x08007fc4       0x34 ./objects/regioncommon.o
                0x08007fc4                RegionCommonComputeSymbolTimeLoRa
 .text.RegionCommonComputeSymbolTimeFsk
                0x08007ff8       0x18 ./objects/regioncommon.o
                0x08007ff8                RegionCommonComputeSymbolTimeFsk
 .text.RegionCommonComputeRxWindowParameters
                0x08008010       0xac ./objects/regioncommon.o
                0x08008010                RegionCommonComputeRxWindowParameters
 .text.RegionCommonComputeTxPower
                0x080080bc       0x30 ./objects/regioncommon.o
                0x080080bc                RegionCommonComputeTxPower
 .text.VerifyTxFreq
                0x080080ec       0x28 ./objects/regionas923.o
 .text.RegionAS923GetPhyParam
                0x08008114      0x130 ./objects/regionas923.o
                0x08008114                RegionAS923GetPhyParam
 .text.RegionAS923SetBandTxDone
                0x08008244       0x2c ./objects/regionas923.o
                0x08008244                RegionAS923SetBandTxDone
 .text.RegionAS923InitDefaults
                0x08008270       0x50 ./objects/regionas923.o
                0x08008270                RegionAS923InitDefaults
 .text.RegionAS923Verify
                0x080082c0       0x56 ./objects/regionas923.o
                0x080082c0                RegionAS923Verify
 *fill*         0x08008316        0x2 
 .text.RegionAS923ChanMaskSet
                0x08008318       0x34 ./objects/regionas923.o
                0x08008318                RegionAS923ChanMaskSet
 .text.RegionAS923AdrNext
                0x0800834c       0xa8 ./objects/regionas923.o
                0x0800834c                RegionAS923AdrNext
 .text.RegionAS923ComputeRxWindowParameters
                0x080083f4       0x84 ./objects/regionas923.o
                0x080083f4                RegionAS923ComputeRxWindowParameters
 .text.RegionAS923RxConfig
                0x08008478       0xec ./objects/regionas923.o
                0x08008478                RegionAS923RxConfig
 .text.RegionAS923TxConfig
                0x08008564      0x10c ./objects/regionas923.o
                0x08008564                RegionAS923TxConfig
 .text.RegionAS923LinkAdrReq
                0x08008670      0x110 ./objects/regionas923.o
                0x08008670                RegionAS923LinkAdrReq
 .text.RegionAS923RxParamSetupReq
                0x08008780       0x44 ./objects/regionas923.o
                0x08008780                RegionAS923RxParamSetupReq
 .text.RegionAS923TxParamSetupReq
                0x080087c4        0x4 ./objects/regionas923.o
                0x080087c4                RegionAS923TxParamSetupReq
 .text.RegionAS923DlChannelReq
                0x080087c8       0x38 ./objects/regionas923.o
                0x080087c8                RegionAS923DlChannelReq
 .text.RegionAS923AlternateDr
                0x08008800        0x4 ./objects/regionas923.o
                0x08008800                RegionAS923AlternateDr
 .text.RegionAS923CalcBackOff
                0x08008804       0x98 ./objects/regionas923.o
                0x08008804                RegionAS923CalcBackOff
 .text.RegionAS923NextChannel
                0x0800889c      0x188 ./objects/regionas923.o
                0x0800889c                RegionAS923NextChannel
 .text.RegionAS923ChannelAdd
                0x08008a24       0xd4 ./objects/regionas923.o
                0x08008a24                RegionAS923ChannelAdd
 .text.RegionAS923ChannelsRemove
                0x08008af8       0x30 ./objects/regionas923.o
                0x08008af8                RegionAS923ChannelsRemove
 .text.RegionAS923ApplyCFList
                0x08008b28       0x78 ./objects/regionas923.o
                0x08008b28                RegionAS923ApplyCFList
 .text.RegionAS923NewChannelReq
                0x08008ba0       0x40 ./objects/regionas923.o
                0x08008ba0                RegionAS923NewChannelReq
 .text.RegionAS923SetContinuousWave
                0x08008be0       0x4c ./objects/regionas923.o
                0x08008be0                RegionAS923SetContinuousWave
 .text.RegionAS923ApplyDrOffset
                0x08008c2c       0x2c ./objects/regionas923.o
                0x08008c2c                RegionAS923ApplyDrOffset
 .text.McpsConfirm
                0x08008c58        0xc ./objects/classa.o
 .text.BoardGetBatteryLevel
                0x08008c64       0x20 ./objects/classa.o
                0x08008c64                BoardGetBatteryLevel
 .text.MlmeConfirm
                0x08008c84       0x94 ./objects/classa.o
 .text.OnSleepTimerEvent
                0x08008d18       0x18 ./objects/classa.o
 .text.OnADCTimerEvent
                0x08008d30       0x24 ./objects/classa.o
 .text.SendFrame
                0x08008d54       0x54 ./objects/classa.o
 .text.PrepareTxFrame.isra.0
                0x08008da8       0x60 ./objects/classa.o
 .text.OnTxNextPacketTimerEvent
                0x08008e08       0x5c ./objects/classa.o
 .text.MlmeIndication
                0x08008e64        0xc ./objects/classa.o
 .text.McpsIndication
                0x08008e70       0x78 ./objects/classa.o
 .text.app_start
                0x08008ee8      0x1dc ./objects/classa.o
                0x08008ee8                app_start
 .text.adc_continue_mode_test
                0x080090c4      0x204 ./objects/main.o
                0x080090c4                adc_continue_mode_test
 .text.uart_log_init
                0x080092c8       0x38 ./objects/main.o
                0x080092c8                uart_log_init
 .text.board_init
                0x08009300      0x128 ./objects/main.o
                0x08009300                board_init
 .text.startup.main
                0x08009428        0xe ./objects/main.o
                0x08009428                main
 .text.NMI_Handler
                0x08009436        0x2 ./objects/tremo_it.o
                0x08009436                NMI_Handler
 .text.HardFault_Handler
                0x08009438        0x2 ./objects/tremo_it.o
                0x08009438                HardFault_Handler
 .text.MemManage_Handler
                0x0800943a        0x2 ./objects/tremo_it.o
                0x0800943a                MemManage_Handler
 .text.BusFault_Handler
                0x0800943c        0x2 ./objects/tremo_it.o
                0x0800943c                BusFault_Handler
 .text.UsageFault_Handler
                0x0800943e        0x2 ./objects/tremo_it.o
                0x0800943e                UsageFault_Handler
 .text.SVC_Handler
                0x08009440        0x2 ./objects/tremo_it.o
                0x08009440                SVC_Handler
 .text.PendSV_Handler
                0x08009442        0x2 ./objects/tremo_it.o
                0x08009442                PendSV_Handler
 .text.SysTick_Handler
                0x08009444        0x2 ./objects/tremo_it.o
                0x08009444                SysTick_Handler
 .text.PWR_IRQHandler
                0x08009446        0x2 ./objects/tremo_it.o
                0x08009446                PWR_IRQHandler
 .text.LORA_IRQHandler
                0x08009448        0x4 ./objects/tremo_it.o
                0x08009448                LORA_IRQHandler
 .text.RTC_IRQHandler
                0x0800944c        0x4 ./objects/tremo_it.o
                0x0800944c                RTC_IRQHandler
 .text.__libc_init_array
                0x08009450       0x48 d:/asr6601/asr6601_at_lorawan/tools/toolchain/bin/../lib/gcc/arm-none-eabi/9.3.1/../../../../arm-none-eabi/lib/thumb/v7e-m/nofp\libc.a(lib_a-init.o)
                0x08009450                __libc_init_array
 .text.memset   0x08009498       0xa0 d:/asr6601/asr6601_at_lorawan/tools/toolchain/bin/../lib/gcc/arm-none-eabi/9.3.1/../../../../arm-none-eabi/lib/thumb/v7e-m/nofp\libc.a(lib_a-memset.o)
                0x08009498                memset
 .text.startup.register_fini
                0x08009538       0x14 d:/asr6601/asr6601_at_lorawan/tools/toolchain/bin/../lib/gcc/arm-none-eabi/9.3.1/../../../../arm-none-eabi/lib/thumb/v7e-m/nofp\libc.a(lib_a-__call_atexit.o)
 .text.atexit   0x0800954c        0xc d:/asr6601/asr6601_at_lorawan/tools/toolchain/bin/../lib/gcc/arm-none-eabi/9.3.1/../../../../arm-none-eabi/lib/thumb/v7e-m/nofp\libc.a(lib_a-atexit.o)
                0x0800954c                atexit
 .text.__libc_fini_array
                0x08009558       0x2c d:/asr6601/asr6601_at_lorawan/tools/toolchain/bin/../lib/gcc/arm-none-eabi/9.3.1/../../../../arm-none-eabi/lib/thumb/v7e-m/nofp\libc.a(lib_a-fini.o)
                0x08009558                __libc_fini_array
 .text.__retarget_lock_acquire_recursive
                0x08009584        0x4 d:/asr6601/asr6601_at_lorawan/tools/toolchain/bin/../lib/gcc/arm-none-eabi/9.3.1/../../../../arm-none-eabi/lib/thumb/v7e-m/nofp\libc.a(lib_a-lock.o)
                0x08009584                __retarget_lock_acquire_recursive
 .text.__retarget_lock_release_recursive
                0x08009588        0x4 d:/asr6601/asr6601_at_lorawan/tools/toolchain/bin/../lib/gcc/arm-none-eabi/9.3.1/../../../../arm-none-eabi/lib/thumb/v7e-m/nofp\libc.a(lib_a-lock.o)
                0x08009588                __retarget_lock_release_recursive
 .text.__register_exitproc
                0x0800958c       0x8c d:/asr6601/asr6601_at_lorawan/tools/toolchain/bin/../lib/gcc/arm-none-eabi/9.3.1/../../../../arm-none-eabi/lib/thumb/v7e-m/nofp\libc.a(lib_a-__atexit.o)
                0x0800958c                __register_exitproc
 .text.ceil     0x08009618       0xf8 d:/asr6601/asr6601_at_lorawan/tools/toolchain/bin/../lib/gcc/arm-none-eabi/9.3.1/../../../../arm-none-eabi/lib/thumb/v7e-m/nofp\libm.a(lib_a-s_ceil.o)
                0x08009618                ceil
 .text.floor    0x08009710       0xf8 d:/asr6601/asr6601_at_lorawan/tools/toolchain/bin/../lib/gcc/arm-none-eabi/9.3.1/../../../../arm-none-eabi/lib/thumb/v7e-m/nofp\libm.a(lib_a-s_floor.o)
                0x08009710                floor
 .text.rint     0x08009808      0x120 d:/asr6601/asr6601_at_lorawan/tools/toolchain/bin/../lib/gcc/arm-none-eabi/9.3.1/../../../../arm-none-eabi/lib/thumb/v7e-m/nofp\libm.a(lib_a-s_rint.o)
                0x08009808                rint
 .text.round    0x08009928       0x94 d:/asr6601/asr6601_at_lorawan/tools/toolchain/bin/../lib/gcc/arm-none-eabi/9.3.1/../../../../arm-none-eabi/lib/thumb/v7e-m/nofp\libm.a(lib_a-s_round.o)
                0x08009928                round
 *(.glue_7)
 .glue_7        0x080099bc        0x0 linker stubs
 *(.glue_7t)
 .glue_7t       0x080099bc        0x0 linker stubs
 *(.eh_frame)
 .eh_frame      0x080099bc        0x0 d:/asr6601/asr6601_at_lorawan/tools/toolchain/bin/../lib/gcc/arm-none-eabi/9.3.1/thumb/v7e-m/nofp/crtbegin.o
 *(.init)
 .init          0x080099bc        0x4 d:/asr6601/asr6601_at_lorawan/tools/toolchain/bin/../lib/gcc/arm-none-eabi/9.3.1/thumb/v7e-m/nofp/crti.o
                0x080099bc                _init
 .init          0x080099c0        0x8 d:/asr6601/asr6601_at_lorawan/tools/toolchain/bin/../lib/gcc/arm-none-eabi/9.3.1/thumb/v7e-m/nofp/crtn.o
 *(.fini)
 .fini          0x080099c8        0x4 d:/asr6601/asr6601_at_lorawan/tools/toolchain/bin/../lib/gcc/arm-none-eabi/9.3.1/thumb/v7e-m/nofp/crti.o
                0x080099c8                _fini
 .fini          0x080099cc        0x8 d:/asr6601/asr6601_at_lorawan/tools/toolchain/bin/../lib/gcc/arm-none-eabi/9.3.1/thumb/v7e-m/nofp/crtn.o
                0x080099d4                . = ALIGN (0x4)
                0x080099d4                _etext = .

.vfp11_veneer   0x080099d4        0x0
 .vfp11_veneer  0x080099d4        0x0 linker stubs

.v4_bx          0x080099d4        0x0
 .v4_bx         0x080099d4        0x0 linker stubs

.iplt           0x080099d4        0x0
 .iplt          0x080099d4        0x0 d:/asr6601/asr6601_at_lorawan/tools/toolchain/bin/../lib/gcc/arm-none-eabi/9.3.1/thumb/v7e-m/nofp/crtbegin.o

.rodata         0x080099d8      0x3f8
                0x080099d8                . = ALIGN (0x4)
 *(.rodata)
 .rodata        0x080099d8       0x50 ./objects/printf-stdarg.o
 .rodata        0x08009a28        0xc ./objects/tremo_uart.o
 *fill*         0x08009a34        0x4 
 .rodata        0x08009a38      0x18c ./objects/radio.o
                0x08009a38                FskBandwidths
                0x08009b48                Bandwidths
                0x08009b54                Radio
 .rodata        0x08009bc4       0x11 ./objects/sx126x.o
 .rodata        0x08009bd5       0x18 ./objects/rtc-board.o
 .rodata        0x08009bed       0x10 ./objects/loramac.o
 *fill*         0x08009bfd        0x3 
 .rodata        0x08009c00       0x67 ./objects/regionas923.o
 *fill*         0x08009c67        0x1 
 .rodata        0x08009c68       0x10 ../../../../../drivers/crypto/lib/libcrypto.a(aes.o)
 *(.rodata*)
 .rodata.str1.1
                0x08009c78       0x19 ./objects/printf-stdarg.o
 .rodata.str1.1
                0x08009c91       0xbb ./objects/classa.o
                                 0xbe (size before relaxing)
 .rodata.str1.1
                0x08009d4c       0x6f ./objects/main.o
 *fill*         0x08009dbb        0x1 
 .rodata._global_impure_ptr
                0x08009dbc        0x4 d:/asr6601/asr6601_at_lorawan/tools/toolchain/bin/../lib/gcc/arm-none-eabi/9.3.1/../../../../arm-none-eabi/lib/thumb/v7e-m/nofp\libc.a(lib_a-impure.o)
                0x08009dbc                _global_impure_ptr
 .rodata.TWO52  0x08009dc0       0x10 d:/asr6601/asr6601_at_lorawan/tools/toolchain/bin/../lib/gcc/arm-none-eabi/9.3.1/../../../../arm-none-eabi/lib/thumb/v7e-m/nofp\libm.a(lib_a-s_rint.o)
                0x08009dd0                . = ALIGN (0x4)

.ARM.extab
 *(.ARM.extab* .gnu.linkonce.armextab.*)

.ARM            0x08009dd0        0x8
                0x08009dd0                __exidx_start = .
 *(.ARM.exidx*)
 .ARM.exidx     0x08009dd0        0x8 d:/asr6601/asr6601_at_lorawan/tools/toolchain/bin/../lib/gcc/arm-none-eabi/9.3.1/thumb/v7e-m/nofp\libgcc.a(_udivmoddi4.o)
                0x08009dd8                __exidx_end = .

.rel.dyn        0x08009dd8        0x0
 .rel.iplt      0x08009dd8        0x0 d:/asr6601/asr6601_at_lorawan/tools/toolchain/bin/../lib/gcc/arm-none-eabi/9.3.1/thumb/v7e-m/nofp/crtbegin.o

.preinit_array  0x08009dd8        0x0
                0x08009dd8                PROVIDE (__preinit_array_start = .)
 *(.preinit_array*)
                0x08009dd8                PROVIDE (__preinit_array_end = .)

.init_array     0x08009dd8        0x8
                0x08009dd8                PROVIDE (__init_array_start = .)
 *(SORT_BY_NAME(.init_array.*))
 .init_array.00000
                0x08009dd8        0x4 d:/asr6601/asr6601_at_lorawan/tools/toolchain/bin/../lib/gcc/arm-none-eabi/9.3.1/../../../../arm-none-eabi/lib/thumb/v7e-m/nofp\libc.a(lib_a-__call_atexit.o)
 *(.init_array*)
 .init_array    0x08009ddc        0x4 d:/asr6601/asr6601_at_lorawan/tools/toolchain/bin/../lib/gcc/arm-none-eabi/9.3.1/thumb/v7e-m/nofp/crtbegin.o
                0x08009de0                PROVIDE (__init_array_end = .)

.fini_array     0x08009de0        0x4
                0x08009de0                PROVIDE (__fini_array_start = .)
 *(SORT_BY_NAME(.fini_array.*))
 *(.fini_array*)
 .fini_array    0x08009de0        0x4 d:/asr6601/asr6601_at_lorawan/tools/toolchain/bin/../lib/gcc/arm-none-eabi/9.3.1/thumb/v7e-m/nofp/crtbegin.o
                0x08009de4                PROVIDE (__fini_array_end = .)
                0x08009de4                _sidata = LOADADDR (.data)

.data           0x20000000      0x4a4 load address 0x08009de4
                0x20000000                . = ALIGN (0x4)
                0x20000000                _sdata = .
 *(.data)
 .data          0x20000000        0x1 ./objects/radio.o
                0x20000000                MaxPayloadLength
 *fill*         0x20000001        0x3 
 .data          0x20000004        0x4 ./objects/utilities.o
 .data          0x20000008        0x3 ./objects/loramac.o
 .data          0x2000000b       0x20 ./objects/loramaccrypto.o
 *fill*         0x2000002b        0x5 
 .data          0x20000030       0x20 ./objects/regionas923.o
 .data          0x20000050       0x20 ./objects/classa.o
 .data          0x20000070        0x2 ./objects/main.o
 *(.data*)
 *fill*         0x20000072        0x6 
 .data.impure_data
                0x20000078      0x428 d:/asr6601/asr6601_at_lorawan/tools/toolchain/bin/../lib/gcc/arm-none-eabi/9.3.1/../../../../arm-none-eabi/lib/thumb/v7e-m/nofp\libc.a(lib_a-impure.o)
 .data.__atexit_recursive_mutex
                0x200004a0        0x4 d:/asr6601/asr6601_at_lorawan/tools/toolchain/bin/../lib/gcc/arm-none-eabi/9.3.1/../../../../arm-none-eabi/lib/thumb/v7e-m/nofp\libc.a(lib_a-__call_atexit.o)
                0x200004a0                __atexit_recursive_mutex
                0x200004a4                . = ALIGN (0x4)
                0x200004a4                _edata = .

.igot.plt       0x200004a4        0x0 load address 0x0800a288
 .igot.plt      0x200004a4        0x0 d:/asr6601/asr6601_at_lorawan/tools/toolchain/bin/../lib/gcc/arm-none-eabi/9.3.1/thumb/v7e-m/nofp/crtbegin.o
                0x200004a4                . = ALIGN (0x4)

.bss            0x200004a8      0xab4 load address 0x0800a288
                0x200004a8                _sbss = .
                0x200004a8                __bss_start__ = _sbss
 *(.bss)
 .bss           0x200004a8       0x1c d:/asr6601/asr6601_at_lorawan/tools/toolchain/bin/../lib/gcc/arm-none-eabi/9.3.1/thumb/v7e-m/nofp/crtbegin.o
 .bss           0x200004c4        0x1 ./objects/tremo_delay.o
 *fill*         0x200004c5        0x3 
 .bss           0x200004c8       0x11 ./objects/timer.o
                0x200004d8                HasLoopedThroughMain
 *fill*         0x200004d9        0x3 
 .bss           0x200004dc       0x16 ./objects/radio.o
                0x200004e0                IrqFired
                0x200004e4                TxTimeout
                0x200004e8                RxContinuous
                0x200004ec                RxTimeout
 *fill*         0x200004f2        0x2 
 .bss           0x200004f4        0x8 ./objects/sx126x.o
                0x200004f8                FrequencyError
 .bss           0x200004fc        0x9 ./objects/rtc-board.o
                0x20000500                McuWakeUpTime
                0x20000504                NonScheduledWakeUp
 .bss           0x20000505        0x1 ./objects/sx1262-board.o
                0x20000505                gPaOptSetting
 *fill*         0x20000506        0x2 
 .bss           0x20000508      0x4d9 ./objects/loramac.o
                0x200005d8                LoRaMacState
                0x20000980                TxTimeOnAir
 *fill*         0x200009e1        0x3 
 .bss           0x200009e4       0x19 ./objects/loramacconfirmqueue.o
 *fill*         0x200009fd        0x3 
 .bss           0x20000a00       0x44 ./objects/loramaccrypto.o
 .bss           0x20000a44       0xc4 ./objects/regionas923.o
 .bss           0x20000b08       0x58 ./objects/classa.o
                0x20000b0a                joinFailCount
 .bss           0x20000b60      0x19d ./objects/main.o
                0x20000b60                adc_data_2
                0x20000c28                adc_data_1
                0x20000cf0                adc_data1
                0x20000cf4                adc_data2
                0x20000cf8                adc_cal
                0x20000cfc                buzzer
 *(.bss*)
 *(COMMON)
 *fill*         0x20000cfd        0x3 
 COMMON         0x20000d00      0x190 ./objects/radio.o
                0x20000d00                irqRegs
                0x20000d04                SX126x
                0x20000d40                TxTimeoutTimer
                0x20000d54                RadioRxPayload
                0x20000e54                CadTimeoutTimer
                0x20000e68                RadioPktStatus
                0x20000e7c                RxTimeoutTimer
 COMMON         0x20000e90       0x18 ./objects/rtc-board.o
                0x20000e90                RtcCalendarContext
                0x20000ea0                RtcTimerContext
 COMMON         0x20000ea8       0x7c ./objects/loramac.o
                0x20000ea8                LoRaMacFlags
                0x20000eac                LoRaMacParamsDefaults
                0x20000ee8                LoRaMacParams
 COMMON         0x20000f24        0xc ./objects/loramacconfirmqueue.o
                0x20000f24                CommonStatus
                0x20000f28                BufferStart
                0x20000f2c                BufferEnd
 COMMON         0x20000f30        0x8 ./objects/main.o
                0x20000f30                dco
                0x20000f34                gain
 COMMON         0x20000f38       0x21 d:/asr6601/asr6601_at_lorawan/tools/toolchain/bin/../lib/gcc/arm-none-eabi/9.3.1/../../../../arm-none-eabi/lib/thumb/v7e-m/nofp\libc.a(lib_a-lock.o)
                0x20000f38                __lock___atexit_recursive_mutex
                0x20000f3c                __lock___arc4random_mutex
                0x20000f40                __lock___env_recursive_mutex
                0x20000f44                __lock___sinit_recursive_mutex
                0x20000f48                __lock___malloc_recursive_mutex
                0x20000f4c                __lock___at_quick_exit_mutex
                0x20000f50                __lock___dd_hash_mutex
                0x20000f54                __lock___tz_mutex
                0x20000f58                __lock___sfp_recursive_mutex
                0x20000f5c                . = ALIGN (0x4)
 *fill*         0x20000f59        0x3 
                0x20000f5c                _ebss = .
                0x20000f5c                __bss_end__ = _ebss

.heap           0x20000f5c        0x0 load address 0x0800a288
                0x20000f5c                . = ALIGN (0x4)
                0x20000f5c                _heap_bottom = .
                0x20000f5c                end = _heap_bottom
                0x20000f5c                _end = end
                0x20000f5c                __end = end
                0x20000f5c                . = (. + _HEAP_SIZE)
                0x20000f5c                _heap_top = .

.stack          0x20000f5c     0x1000 load address 0x0800a288
                0x20000f5c                . = ALIGN (0x4)
                0x20000f5c                _stack_bottom = .
                0x20001f5c                . = (. + _STACK_SIZE)
 *fill*         0x20000f5c     0x1000 
                0x20001f5c                _stack_top = .

/DISCARD/
 libc.a(*)
 libm.a(*)
 libgcc.a(*)

.ARM.attributes
                0x00000000       0x2e
 *(.ARM.attributes)
 .ARM.attributes
                0x00000000       0x1e d:/asr6601/asr6601_at_lorawan/tools/toolchain/bin/../lib/gcc/arm-none-eabi/9.3.1/thumb/v7e-m/nofp/crti.o
 .ARM.attributes
                0x0000001e       0x2e d:/asr6601/asr6601_at_lorawan/tools/toolchain/bin/../lib/gcc/arm-none-eabi/9.3.1/thumb/v7e-m/nofp/crtbegin.o
 .ARM.attributes
                0x0000004c       0x32 ./objects/printf-stdarg.o
 .ARM.attributes
                0x0000007e       0x32 ./objects/system_cm4.o
 .ARM.attributes
                0x000000b0       0x25 ./objects/startup_cm4.o
 .ARM.attributes
                0x000000d5       0x32 ./objects/tremo_adc.o
 .ARM.attributes
                0x00000107       0x32 ./objects/tremo_delay.o
 .ARM.attributes
                0x00000139       0x32 ./objects/tremo_flash.o
 .ARM.attributes
                0x0000016b       0x32 ./objects/tremo_gpio.o
 .ARM.attributes
                0x0000019d       0x32 ./objects/tremo_pwr.o
 .ARM.attributes
                0x000001cf       0x32 ./objects/tremo_rcc.o
 .ARM.attributes
                0x00000201       0x32 ./objects/tremo_rtc.o
 .ARM.attributes
                0x00000233       0x32 ./objects/tremo_uart.o
 .ARM.attributes
                0x00000265       0x32 ./objects/delay.o
 .ARM.attributes
                0x00000297       0x32 ./objects/timer.o
 .ARM.attributes
                0x000002c9       0x32 ./objects/cmac.o
 .ARM.attributes
                0x000002fb       0x32 ./objects/radio.o
 .ARM.attributes
                0x0000032d       0x32 ./objects/sx126x.o
 .ARM.attributes
                0x0000035f       0x32 ./objects/rtc-board.o
 .ARM.attributes
                0x00000391       0x32 ./objects/sx1262-board.o
 .ARM.attributes
                0x000003c3       0x32 ./objects/utilities.o
 .ARM.attributes
                0x000003f5       0x32 ./objects/loramac.o
 .ARM.attributes
                0x00000427       0x32 ./objects/loramacclassb.o
 .ARM.attributes
                0x00000459       0x32 ./objects/loramacconfirmqueue.o
 .ARM.attributes
                0x0000048b       0x32 ./objects/loramaccrypto.o
 .ARM.attributes
                0x000004bd       0x32 ./objects/region.o
 .ARM.attributes
                0x000004ef       0x32 ./objects/regioncommon.o
 .ARM.attributes
                0x00000521       0x32 ./objects/regionas923.o
 .ARM.attributes
                0x00000553       0x32 ./objects/classa.o
 .ARM.attributes
                0x00000585       0x32 ./objects/main.o
 .ARM.attributes
                0x000005b7       0x32 ./objects/tremo_it.o
 .ARM.attributes
                0x000005e9       0x2e ../../../../../drivers/crypto/lib/libcrypto.a(aes.o)
 .ARM.attributes
                0x00000617       0x1e d:/asr6601/asr6601_at_lorawan/tools/toolchain/bin/../lib/gcc/arm-none-eabi/9.3.1/thumb/v7e-m/nofp\libgcc.a(_arm_addsubdf3.o)
 .ARM.attributes
                0x00000635       0x1e d:/asr6601/asr6601_at_lorawan/tools/toolchain/bin/../lib/gcc/arm-none-eabi/9.3.1/thumb/v7e-m/nofp\libgcc.a(_arm_muldivdf3.o)
 .ARM.attributes
                0x00000653       0x1e d:/asr6601/asr6601_at_lorawan/tools/toolchain/bin/../lib/gcc/arm-none-eabi/9.3.1/thumb/v7e-m/nofp\libgcc.a(_arm_cmpdf2.o)
 .ARM.attributes
                0x00000671       0x1e d:/asr6601/asr6601_at_lorawan/tools/toolchain/bin/../lib/gcc/arm-none-eabi/9.3.1/thumb/v7e-m/nofp\libgcc.a(_arm_fixdfsi.o)
 .ARM.attributes
                0x0000068f       0x1e d:/asr6601/asr6601_at_lorawan/tools/toolchain/bin/../lib/gcc/arm-none-eabi/9.3.1/thumb/v7e-m/nofp\libgcc.a(_arm_fixunsdfsi.o)
 .ARM.attributes
                0x000006ad       0x1e d:/asr6601/asr6601_at_lorawan/tools/toolchain/bin/../lib/gcc/arm-none-eabi/9.3.1/thumb/v7e-m/nofp\libgcc.a(_aeabi_uldivmod.o)
 .ARM.attributes
                0x000006cb       0x2e d:/asr6601/asr6601_at_lorawan/tools/toolchain/bin/../lib/gcc/arm-none-eabi/9.3.1/thumb/v7e-m/nofp\libgcc.a(_fixunsdfdi.o)
 .ARM.attributes
                0x000006f9       0x2e d:/asr6601/asr6601_at_lorawan/tools/toolchain/bin/../lib/gcc/arm-none-eabi/9.3.1/thumb/v7e-m/nofp\libgcc.a(_udivmoddi4.o)
 .ARM.attributes
                0x00000727       0x1e d:/asr6601/asr6601_at_lorawan/tools/toolchain/bin/../lib/gcc/arm-none-eabi/9.3.1/thumb/v7e-m/nofp\libgcc.a(_dvmd_tls.o)
 .ARM.attributes
                0x00000745       0x2e d:/asr6601/asr6601_at_lorawan/tools/toolchain/bin/../lib/gcc/arm-none-eabi/9.3.1/../../../../arm-none-eabi/lib/thumb/v7e-m/nofp\libc.a(lib_a-impure.o)
 .ARM.attributes
                0x00000773       0x2e d:/asr6601/asr6601_at_lorawan/tools/toolchain/bin/../lib/gcc/arm-none-eabi/9.3.1/../../../../arm-none-eabi/lib/thumb/v7e-m/nofp\libc.a(lib_a-init.o)
 .ARM.attributes
                0x000007a1       0x1c d:/asr6601/asr6601_at_lorawan/tools/toolchain/bin/../lib/gcc/arm-none-eabi/9.3.1/../../../../arm-none-eabi/lib/thumb/v7e-m/nofp\libc.a(lib_a-memcpy.o)
 .ARM.attributes
                0x000007bd       0x2e d:/asr6601/asr6601_at_lorawan/tools/toolchain/bin/../lib/gcc/arm-none-eabi/9.3.1/../../../../arm-none-eabi/lib/thumb/v7e-m/nofp\libc.a(lib_a-memset.o)
 .ARM.attributes
                0x000007eb       0x2e d:/asr6601/asr6601_at_lorawan/tools/toolchain/bin/../lib/gcc/arm-none-eabi/9.3.1/../../../../arm-none-eabi/lib/thumb/v7e-m/nofp\libc.a(lib_a-__call_atexit.o)
 .ARM.attributes
                0x00000819       0x2e d:/asr6601/asr6601_at_lorawan/tools/toolchain/bin/../lib/gcc/arm-none-eabi/9.3.1/../../../../arm-none-eabi/lib/thumb/v7e-m/nofp\libc.a(lib_a-atexit.o)
 .ARM.attributes
                0x00000847       0x2e d:/asr6601/asr6601_at_lorawan/tools/toolchain/bin/../lib/gcc/arm-none-eabi/9.3.1/../../../../arm-none-eabi/lib/thumb/v7e-m/nofp\libc.a(lib_a-fini.o)
 .ARM.attributes
                0x00000875       0x2e d:/asr6601/asr6601_at_lorawan/tools/toolchain/bin/../lib/gcc/arm-none-eabi/9.3.1/../../../../arm-none-eabi/lib/thumb/v7e-m/nofp\libc.a(lib_a-lock.o)
 .ARM.attributes
                0x000008a3       0x2e d:/asr6601/asr6601_at_lorawan/tools/toolchain/bin/../lib/gcc/arm-none-eabi/9.3.1/../../../../arm-none-eabi/lib/thumb/v7e-m/nofp\libc.a(lib_a-__atexit.o)
 .ARM.attributes
                0x000008d1       0x1e d:/asr6601/asr6601_at_lorawan/tools/toolchain/bin/../lib/gcc/arm-none-eabi/9.3.1/thumb/v7e-m/nofp/crtn.o
OUTPUT(./Objects/project.elf elf32-littlearm)
LOAD linker stubs
LOAD d:/asr6601/asr6601_at_lorawan/tools/toolchain/bin/../lib/gcc/arm-none-eabi/9.3.1/../../../../arm-none-eabi/lib/thumb/v7e-m/nofp\libc.a
LOAD d:/asr6601/asr6601_at_lorawan/tools/toolchain/bin/../lib/gcc/arm-none-eabi/9.3.1/../../../../arm-none-eabi/lib/thumb/v7e-m/nofp\libm.a
LOAD d:/asr6601/asr6601_at_lorawan/tools/toolchain/bin/../lib/gcc/arm-none-eabi/9.3.1/thumb/v7e-m/nofp\libgcc.a

.debug_info     0x00000000    0x2fd8d
 .debug_info    0x00000000     0x226e ./objects/printf-stdarg.o
 .debug_info    0x0000226e      0x855 ./objects/system_cm4.o
 .debug_info    0x00002ac3       0x22 ./objects/startup_cm4.o
 .debug_info    0x00002ae5      0x9aa ./objects/tremo_adc.o
 .debug_info    0x0000348f      0x7cb ./objects/tremo_delay.o
 .debug_info    0x00003c5a      0xe92 ./objects/tremo_flash.o
 .debug_info    0x00004aec      0x8fd ./objects/tremo_gpio.o
 .debug_info    0x000053e9      0x9ea ./objects/tremo_pwr.o
 .debug_info    0x00005dd3     0x1153 ./objects/tremo_rcc.o
 .debug_info    0x00006f26     0x1b7c ./objects/tremo_rtc.o
 .debug_info    0x00008aa2     0x1608 ./objects/tremo_uart.o
 .debug_info    0x0000a0aa      0x185 ./objects/delay.o
 .debug_info    0x0000a22f     0x1e0a ./objects/timer.o
 .debug_info    0x0000c039      0xeba ./objects/cmac.o
 .debug_info    0x0000cef3     0x3585 ./objects/radio.o
 .debug_info    0x00010478     0x30b8 ./objects/sx126x.o
 .debug_info    0x00013530     0x1cac ./objects/rtc-board.o
 .debug_info    0x000151dc     0x26a3 ./objects/sx1262-board.o
 .debug_info    0x0001787f      0xc5f ./objects/utilities.o
 .debug_info    0x000184de     0x634e ./objects/loramac.o
 .debug_info    0x0001e82c     0x22b6 ./objects/loramacclassb.o
 .debug_info    0x00020ae2     0x11ba ./objects/loramacconfirmqueue.o
 .debug_info    0x00021c9c     0x13b0 ./objects/loramaccrypto.o
 .debug_info    0x0002304c     0x28e1 ./objects/region.o
 .debug_info    0x0002592d     0x1ad1 ./objects/regioncommon.o
 .debug_info    0x000273fe     0x32aa ./objects/regionas923.o
 .debug_info    0x0002a6a8     0x2a91 ./objects/classa.o
 .debug_info    0x0002d139     0x1ee4 ./objects/main.o
 .debug_info    0x0002f01d      0x136 ./objects/tremo_it.o
 .debug_info    0x0002f153      0xc3a ../../../../../drivers/crypto/lib/libcrypto.a(aes.o)

.debug_abbrev   0x00000000     0x665a
 .debug_abbrev  0x00000000      0x51f ./objects/printf-stdarg.o
 .debug_abbrev  0x0000051f      0x1e0 ./objects/system_cm4.o
 .debug_abbrev  0x000006ff       0x12 ./objects/startup_cm4.o
 .debug_abbrev  0x00000711      0x242 ./objects/tremo_adc.o
 .debug_abbrev  0x00000953      0x237 ./objects/tremo_delay.o
 .debug_abbrev  0x00000b8a      0x2c0 ./objects/tremo_flash.o
 .debug_abbrev  0x00000e4a      0x24a ./objects/tremo_gpio.o
 .debug_abbrev  0x00001094      0x224 ./objects/tremo_pwr.o
 .debug_abbrev  0x000012b8      0x276 ./objects/tremo_rcc.o
 .debug_abbrev  0x0000152e      0x491 ./objects/tremo_rtc.o
 .debug_abbrev  0x000019bf      0x402 ./objects/tremo_uart.o
 .debug_abbrev  0x00001dc1      0x109 ./objects/delay.o
 .debug_abbrev  0x00001eca      0x5a2 ./objects/timer.o
 .debug_abbrev  0x0000246c      0x284 ./objects/cmac.o
 .debug_abbrev  0x000026f0      0x57a ./objects/radio.o
 .debug_abbrev  0x00002c6a      0x514 ./objects/sx126x.o
 .debug_abbrev  0x0000317e      0x51d ./objects/rtc-board.o
 .debug_abbrev  0x0000369b      0x510 ./objects/sx1262-board.o
 .debug_abbrev  0x00003bab      0x25e ./objects/utilities.o
 .debug_abbrev  0x00003e09      0x65e ./objects/loramac.o
 .debug_abbrev  0x00004467      0x3a1 ./objects/loramacclassb.o
 .debug_abbrev  0x00004808      0x323 ./objects/loramacconfirmqueue.o
 .debug_abbrev  0x00004b2b      0x27a ./objects/loramaccrypto.o
 .debug_abbrev  0x00004da5      0x318 ./objects/region.o
 .debug_abbrev  0x000050bd      0x4b8 ./objects/regioncommon.o
 .debug_abbrev  0x00005575      0x4ef ./objects/regionas923.o
 .debug_abbrev  0x00005a64      0x585 ./objects/classa.o
 .debug_abbrev  0x00005fe9      0x375 ./objects/main.o
 .debug_abbrev  0x0000635e       0xd4 ./objects/tremo_it.o
 .debug_abbrev  0x00006432      0x228 ../../../../../drivers/crypto/lib/libcrypto.a(aes.o)

.debug_loc      0x00000000    0x12051
 .debug_loc     0x00000000     0x277f ./objects/printf-stdarg.o
 .debug_loc     0x0000277f       0xc3 ./objects/system_cm4.o
 .debug_loc     0x00002842      0x3bf ./objects/tremo_adc.o
 .debug_loc     0x00002c01      0x1d7 ./objects/tremo_delay.o
 .debug_loc     0x00002dd8      0x3fe ./objects/tremo_flash.o
 .debug_loc     0x000031d6      0x6f4 ./objects/tremo_gpio.o
 .debug_loc     0x000038ca      0x15f ./objects/tremo_pwr.o
 .debug_loc     0x00003a29      0x777 ./objects/tremo_rcc.o
 .debug_loc     0x000041a0      0xedf ./objects/tremo_rtc.o
 .debug_loc     0x0000507f      0x6fc ./objects/tremo_uart.o
 .debug_loc     0x0000577b       0xb2 ./objects/delay.o
 .debug_loc     0x0000582d      0x6b0 ./objects/timer.o
 .debug_loc     0x00005edd      0x38c ./objects/cmac.o
 .debug_loc     0x00006269     0x163c ./objects/radio.o
 .debug_loc     0x000078a5     0x11d9 ./objects/sx126x.o
 .debug_loc     0x00008a7e      0x70f ./objects/rtc-board.o
 .debug_loc     0x0000918d      0x82b ./objects/sx1262-board.o
 .debug_loc     0x000099b8      0x234 ./objects/utilities.o
 .debug_loc     0x00009bec     0x392b ./objects/loramac.o
 .debug_loc     0x0000d517       0xe5 ./objects/loramacclassb.o
 .debug_loc     0x0000d5fc      0x581 ./objects/loramacconfirmqueue.o
 .debug_loc     0x0000db7d      0x8b3 ./objects/loramaccrypto.o
 .debug_loc     0x0000e430     0x103f ./objects/region.o
 .debug_loc     0x0000f46f      0xad8 ./objects/regioncommon.o
 .debug_loc     0x0000ff47     0x1a61 ./objects/regionas923.o
 .debug_loc     0x000119a8      0x469 ./objects/classa.o
 .debug_loc     0x00011e11      0x15c ./objects/main.o
 .debug_loc     0x00011f6d       0xe4 ../../../../../drivers/crypto/lib/libcrypto.a(aes.o)

.debug_aranges  0x00000000     0x1150
 .debug_aranges
                0x00000000       0x88 ./objects/printf-stdarg.o
 .debug_aranges
                0x00000088       0x28 ./objects/system_cm4.o
 .debug_aranges
                0x000000b0       0x28 ./objects/startup_cm4.o
 .debug_aranges
                0x000000d8       0xb8 ./objects/tremo_adc.o
 .debug_aranges
                0x00000190       0x30 ./objects/tremo_delay.o
 .debug_aranges
                0x000001c0       0x40 ./objects/tremo_flash.o
 .debug_aranges
                0x00000200       0x78 ./objects/tremo_gpio.o
 .debug_aranges
                0x00000278       0x58 ./objects/tremo_pwr.o
 .debug_aranges
                0x000002d0      0x178 ./objects/tremo_rcc.o
 .debug_aranges
                0x00000448      0x120 ./objects/tremo_rtc.o
 .debug_aranges
                0x00000568       0x98 ./objects/tremo_uart.o
 .debug_aranges
                0x00000600       0x28 ./objects/delay.o
 .debug_aranges
                0x00000628       0x88 ./objects/timer.o
 .debug_aranges
                0x000006b0       0x38 ./objects/cmac.o
 .debug_aranges
                0x000006e8      0x148 ./objects/radio.o
 .debug_aranges
                0x00000830      0x198 ./objects/sx126x.o
 .debug_aranges
                0x000009c8       0x78 ./objects/rtc-board.o
 .debug_aranges
                0x00000a40       0xd0 ./objects/sx1262-board.o
 .debug_aranges
                0x00000b10       0x50 ./objects/utilities.o
 .debug_aranges
                0x00000b60      0x148 ./objects/loramac.o
 .debug_aranges
                0x00000ca8       0x80 ./objects/loramacclassb.o
 .debug_aranges
                0x00000d28       0x78 ./objects/loramacconfirmqueue.o
 .debug_aranges
                0x00000da0       0x50 ./objects/loramaccrypto.o
 .debug_aranges
                0x00000df0       0xd8 ./objects/region.o
 .debug_aranges
                0x00000ec8       0x88 ./objects/regioncommon.o
 .debug_aranges
                0x00000f50       0xd8 ./objects/regionas923.o
 .debug_aranges
                0x00001028       0x78 ./objects/classa.o
 .debug_aranges
                0x000010a0       0x38 ./objects/main.o
 .debug_aranges
                0x000010d8       0x58 ./objects/tremo_it.o
 .debug_aranges
                0x00001130       0x20 ../../../../../drivers/crypto/lib/libcrypto.a(aes.o)

.debug_ranges   0x00000000     0x1a48
 .debug_ranges  0x00000000      0x1d0 ./objects/printf-stdarg.o
 .debug_ranges  0x000001d0       0x70 ./objects/system_cm4.o
 .debug_ranges  0x00000240       0x20 ./objects/startup_cm4.o
 .debug_ranges  0x00000260       0xa8 ./objects/tremo_adc.o
 .debug_ranges  0x00000308       0x58 ./objects/tremo_delay.o
 .debug_ranges  0x00000360       0x80 ./objects/tremo_flash.o
 .debug_ranges  0x000003e0       0x68 ./objects/tremo_gpio.o
 .debug_ranges  0x00000448       0x60 ./objects/tremo_pwr.o
 .debug_ranges  0x000004a8      0x180 ./objects/tremo_rcc.o
 .debug_ranges  0x00000628      0x140 ./objects/tremo_rtc.o
 .debug_ranges  0x00000768       0x88 ./objects/tremo_uart.o
 .debug_ranges  0x000007f0       0x30 ./objects/delay.o
 .debug_ranges  0x00000820       0xd8 ./objects/timer.o
 .debug_ranges  0x000008f8       0x98 ./objects/cmac.o
 .debug_ranges  0x00000990      0x1b0 ./objects/radio.o
 .debug_ranges  0x00000b40      0x1e8 ./objects/sx126x.o
 .debug_ranges  0x00000d28      0x158 ./objects/rtc-board.o
 .debug_ranges  0x00000e80      0x188 ./objects/sx1262-board.o
 .debug_ranges  0x00001008       0x40 ./objects/utilities.o
 .debug_ranges  0x00001048      0x338 ./objects/loramac.o
 .debug_ranges  0x00001380       0x70 ./objects/loramacclassb.o
 .debug_ranges  0x000013f0      0x108 ./objects/loramacconfirmqueue.o
 .debug_ranges  0x000014f8       0x40 ./objects/loramaccrypto.o
 .debug_ranges  0x00001538       0xc8 ./objects/region.o
 .debug_ranges  0x00001600      0x160 ./objects/regioncommon.o
 .debug_ranges  0x00001760      0x1b8 ./objects/regionas923.o
 .debug_ranges  0x00001918       0xc0 ./objects/classa.o
 .debug_ranges  0x000019d8       0x28 ./objects/main.o
 .debug_ranges  0x00001a00       0x48 ./objects/tremo_it.o

.debug_line     0x00000000    0x105cb
 .debug_line    0x00000000     0x10ba ./objects/printf-stdarg.o
 .debug_line    0x000010ba      0x299 ./objects/system_cm4.o
 .debug_line    0x00001353       0x88 ./objects/startup_cm4.o
 .debug_line    0x000013db      0x5ce ./objects/tremo_adc.o
 .debug_line    0x000019a9      0x2c1 ./objects/tremo_delay.o
 .debug_line    0x00001c6a      0x690 ./objects/tremo_flash.o
 .debug_line    0x000022fa      0x5f3 ./objects/tremo_gpio.o
 .debug_line    0x000028ed      0x417 ./objects/tremo_pwr.o
 .debug_line    0x00002d04     0x11c5 ./objects/tremo_rcc.o
 .debug_line    0x00003ec9      0xe12 ./objects/tremo_rtc.o
 .debug_line    0x00004cdb      0x725 ./objects/tremo_uart.o
 .debug_line    0x00005400      0x192 ./objects/delay.o
 .debug_line    0x00005592      0x76e ./objects/timer.o
 .debug_line    0x00005d00      0x4d1 ./objects/cmac.o
 .debug_line    0x000061d1      0xf53 ./objects/radio.o
 .debug_line    0x00007124      0xea8 ./objects/sx126x.o
 .debug_line    0x00007fcc      0x697 ./objects/rtc-board.o
 .debug_line    0x00008663      0x8fb ./objects/sx1262-board.o
 .debug_line    0x00008f5e      0x2ec ./objects/utilities.o
 .debug_line    0x0000924a     0x3397 ./objects/loramac.o
 .debug_line    0x0000c5e1      0x376 ./objects/loramacclassb.o
 .debug_line    0x0000c957      0x669 ./objects/loramacconfirmqueue.o
 .debug_line    0x0000cfc0      0x582 ./objects/loramaccrypto.o
 .debug_line    0x0000d542      0x5d3 ./objects/region.o
 .debug_line    0x0000db15      0x7c9 ./objects/regioncommon.o
 .debug_line    0x0000e2de     0x11de ./objects/regionas923.o
 .debug_line    0x0000f4bc      0x7ba ./objects/classa.o
 .debug_line    0x0000fc76      0x5d7 ./objects/main.o
 .debug_line    0x0001024d      0x116 ./objects/tremo_it.o
 .debug_line    0x00010363      0x268 ../../../../../drivers/crypto/lib/libcrypto.a(aes.o)

.debug_str      0x00000000     0xa4b8
 .debug_str     0x00000000      0x7ce ./objects/printf-stdarg.o
                                0x8ad (size before relaxing)
 .debug_str     0x000007ce      0x41a ./objects/system_cm4.o
                                0x6a6 (size before relaxing)
 .debug_str     0x00000be8       0x3b ./objects/startup_cm4.o
                                 0xbb (size before relaxing)
 .debug_str     0x00000c23      0x9d7 ./objects/tremo_adc.o
                                0xcaf (size before relaxing)
 .debug_str     0x000015fa       0xd2 ./objects/tremo_delay.o
                                0x657 (size before relaxing)